Archive member included because of file (symbol)

c:/users/ismail/downloads/amit/sdk_win_64/sdk_win_64/winavr/bin/../lib/gcc/avr/4.3.3/avr5\libgcc.a(_mulsi3.o)
                              ./MCAL/MTIMER2/MTIMER2_Program.o (__mulsi3)
c:/users/ismail/downloads/amit/sdk_win_64/sdk_win_64/winavr/bin/../lib/gcc/avr/4.3.3/avr5\libgcc.a(_divmodhi4.o)
                              ./MCAL/MTIMER2/MTIMER2_Program.o (__divmodhi4)
c:/users/ismail/downloads/amit/sdk_win_64/sdk_win_64/winavr/bin/../lib/gcc/avr/4.3.3/avr5\libgcc.a(_udivmodsi4.o)
                              ./MCAL/MTIMER2/MTIMER2_Program.o (__udivmodsi4)
c:/users/ismail/downloads/amit/sdk_win_64/sdk_win_64/winavr/bin/../lib/gcc/avr/4.3.3/avr5\libgcc.a(_divmodsi4.o)
                              ./MCAL/MTIMER1/MTIMER1_Program.o (__divmodsi4)
c:/users/ismail/downloads/amit/sdk_win_64/sdk_win_64/winavr/bin/../lib/gcc/avr/4.3.3/avr5\libgcc.a(_exit.o)
                              c:/users/ismail/downloads/amit/sdk_win_64/sdk_win_64/winavr/bin/../lib/gcc/avr/4.3.3/../../../../avr/lib/avr5/crtm32.o (exit)
c:/users/ismail/downloads/amit/sdk_win_64/sdk_win_64/winavr/bin/../lib/gcc/avr/4.3.3/avr5\libgcc.a(_copy_data.o)
                              ./HAL/HKPD/HKPD_Program.o (__do_copy_data)
c:/users/ismail/downloads/amit/sdk_win_64/sdk_win_64/winavr/bin/../lib/gcc/avr/4.3.3/avr5\libgcc.a(_clear_bss.o)
                              ./MCAL/MTIMER2/MTIMER2_Program.o (__do_clear_bss)
c:/users/ismail/downloads/amit/sdk_win_64/sdk_win_64/winavr/bin/../lib/gcc/avr/4.3.3/avr5\libgcc.a(_fixunssfsi.o)
                              ./MCAL/MUSART/MUSART_Program.o (__fixunssfsi)
c:/users/ismail/downloads/amit/sdk_win_64/sdk_win_64/winavr/bin/../lib/gcc/avr/4.3.3/avr5\libgcc.a(_addsub_sf.o)
                              c:/users/ismail/downloads/amit/sdk_win_64/sdk_win_64/winavr/bin/../lib/gcc/avr/4.3.3/avr5\libgcc.a(_fixunssfsi.o) (__subsf3)
c:/users/ismail/downloads/amit/sdk_win_64/sdk_win_64/winavr/bin/../lib/gcc/avr/4.3.3/avr5\libgcc.a(_mul_sf.o)
                              ./MCAL/MUSART/MUSART_Program.o (__mulsf3)
c:/users/ismail/downloads/amit/sdk_win_64/sdk_win_64/winavr/bin/../lib/gcc/avr/4.3.3/avr5\libgcc.a(_div_sf.o)
                              ./MCAL/MTIMER1/MTIMER1_Program.o (__divsf3)
c:/users/ismail/downloads/amit/sdk_win_64/sdk_win_64/winavr/bin/../lib/gcc/avr/4.3.3/avr5\libgcc.a(_gt_sf.o)
                              ./MCAL/MUSART/MUSART_Program.o (__gtsf2)
c:/users/ismail/downloads/amit/sdk_win_64/sdk_win_64/winavr/bin/../lib/gcc/avr/4.3.3/avr5\libgcc.a(_ge_sf.o)
                              ./MCAL/MTIMER1/MTIMER1_Program.o (__gesf2)
c:/users/ismail/downloads/amit/sdk_win_64/sdk_win_64/winavr/bin/../lib/gcc/avr/4.3.3/avr5\libgcc.a(_lt_sf.o)
                              ./MCAL/MUSART/MUSART_Program.o (__ltsf2)
c:/users/ismail/downloads/amit/sdk_win_64/sdk_win_64/winavr/bin/../lib/gcc/avr/4.3.3/avr5\libgcc.a(_le_sf.o)
                              ./MCAL/MTIMER1/MTIMER1_Program.o (__lesf2)
c:/users/ismail/downloads/amit/sdk_win_64/sdk_win_64/winavr/bin/../lib/gcc/avr/4.3.3/avr5\libgcc.a(_sf_to_si.o)
                              c:/users/ismail/downloads/amit/sdk_win_64/sdk_win_64/winavr/bin/../lib/gcc/avr/4.3.3/avr5\libgcc.a(_fixunssfsi.o) (__fixsfsi)
c:/users/ismail/downloads/amit/sdk_win_64/sdk_win_64/winavr/bin/../lib/gcc/avr/4.3.3/avr5\libgcc.a(_thenan_sf.o)
                              c:/users/ismail/downloads/amit/sdk_win_64/sdk_win_64/winavr/bin/../lib/gcc/avr/4.3.3/avr5\libgcc.a(_addsub_sf.o) (__thenan_sf)
c:/users/ismail/downloads/amit/sdk_win_64/sdk_win_64/winavr/bin/../lib/gcc/avr/4.3.3/avr5\libgcc.a(_usi_to_sf.o)
                              ./HAL/HDimmer/Dimmer_Program.o (__floatunsisf)
c:/users/ismail/downloads/amit/sdk_win_64/sdk_win_64/winavr/bin/../lib/gcc/avr/4.3.3/avr5\libgcc.a(_udivmodhi4.o)
                              c:/users/ismail/downloads/amit/sdk_win_64/sdk_win_64/winavr/bin/../lib/gcc/avr/4.3.3/avr5\libgcc.a(_divmodhi4.o) (__udivmodhi4)
c:/users/ismail/downloads/amit/sdk_win_64/sdk_win_64/winavr/bin/../lib/gcc/avr/4.3.3/avr5\libgcc.a(_prologue.o)
                              c:/users/ismail/downloads/amit/sdk_win_64/sdk_win_64/winavr/bin/../lib/gcc/avr/4.3.3/avr5\libgcc.a(_addsub_sf.o) (__prologue_saves__)
c:/users/ismail/downloads/amit/sdk_win_64/sdk_win_64/winavr/bin/../lib/gcc/avr/4.3.3/avr5\libgcc.a(_epilogue.o)
                              c:/users/ismail/downloads/amit/sdk_win_64/sdk_win_64/winavr/bin/../lib/gcc/avr/4.3.3/avr5\libgcc.a(_addsub_sf.o) (__epilogue_restores__)
c:/users/ismail/downloads/amit/sdk_win_64/sdk_win_64/winavr/bin/../lib/gcc/avr/4.3.3/avr5\libgcc.a(_clzsi2.o)
                              c:/users/ismail/downloads/amit/sdk_win_64/sdk_win_64/winavr/bin/../lib/gcc/avr/4.3.3/avr5\libgcc.a(_usi_to_sf.o) (__clzsi2)
c:/users/ismail/downloads/amit/sdk_win_64/sdk_win_64/winavr/bin/../lib/gcc/avr/4.3.3/avr5\libgcc.a(_pack_sf.o)
                              c:/users/ismail/downloads/amit/sdk_win_64/sdk_win_64/winavr/bin/../lib/gcc/avr/4.3.3/avr5\libgcc.a(_addsub_sf.o) (__pack_f)
c:/users/ismail/downloads/amit/sdk_win_64/sdk_win_64/winavr/bin/../lib/gcc/avr/4.3.3/avr5\libgcc.a(_unpack_sf.o)
                              c:/users/ismail/downloads/amit/sdk_win_64/sdk_win_64/winavr/bin/../lib/gcc/avr/4.3.3/avr5\libgcc.a(_addsub_sf.o) (__unpack_f)
c:/users/ismail/downloads/amit/sdk_win_64/sdk_win_64/winavr/bin/../lib/gcc/avr/4.3.3/avr5\libgcc.a(_fpcmp_parts_sf.o)
                              c:/users/ismail/downloads/amit/sdk_win_64/sdk_win_64/winavr/bin/../lib/gcc/avr/4.3.3/avr5\libgcc.a(_gt_sf.o) (__fpcmp_parts_f)
c:/users/ismail/downloads/amit/sdk_win_64/sdk_win_64/winavr/bin/../lib/gcc/avr/4.3.3/avr5\libgcc.a(_clz.o)
                              c:/users/ismail/downloads/amit/sdk_win_64/sdk_win_64/winavr/bin/../lib/gcc/avr/4.3.3/avr5\libgcc.a(_clzsi2.o) (__clz_tab)

Memory Configuration

Name             Origin             Length             Attributes
text             0x00000000         0x00020000         xr
data             0x00800060         0x0000ffa0         rw !x
eeprom           0x00810000         0x00010000         rw !x
fuse             0x00820000         0x00000400         rw !x
lock             0x00830000         0x00000400         rw !x
signature        0x00840000         0x00000400         rw !x
*default*        0x00000000         0xffffffff

Linker script and memory map

LOAD c:/users/ismail/downloads/amit/sdk_win_64/sdk_win_64/winavr/bin/../lib/gcc/avr/4.3.3/../../../../avr/lib/avr5/crtm32.o
LOAD ./MCAL/MUSART/MUSART_Program.o
LOAD ./MCAL/MTWI/MTWI_Program.o
LOAD ./MCAL/MTIMER2/MTIMER2_Program.o
LOAD ./MCAL/MTIMER1/MTIMER1_Program.o
LOAD ./MCAL/MTIMER0/MTIMER0_Program.o
LOAD ./MCAL/MSPI/MSPI_Program.o
LOAD ./MCAL/MGIE/MGIE_Program.o
LOAD ./MCAL/MEXIT/MEXIT_Program.o
LOAD ./MCAL/MDIO/MDIO_Program.o
LOAD ./MCAL/MADC/MADC_Program.o
LOAD ./HAL/HSevenSegment/HSevenSegment_Program.o
LOAD ./HAL/HServoMotor/HServoMotor_Program.o
LOAD ./HAL/HRELAY/HRELAY_Program.o
LOAD ./HAL/HPushButton/HPushButton_Program.o
LOAD ./HAL/HLM35/HLM35_Program.o
LOAD ./HAL/HLED/HLED_Program.o
LOAD ./HAL/HKPD/HKPD_Program.o
LOAD ./HAL/HHC05/HC05_Program.o
LOAD ./HAL/HEEPROM/HEEPROM_Program.o
LOAD ./HAL/HDimmer/Dimmer_Program.o
LOAD ./HAL/HDCMotor/HDC_Motor_Program.o
LOAD ./HAL/HCLCD/HCLCD_Program.o
LOAD ./HAL/HBUZZER/HBUZZER_Program.o
LOAD ./Application/Application.o
LOAD ./main.o
LOAD c:/users/ismail/downloads/amit/sdk_win_64/sdk_win_64/winavr/bin/../lib/gcc/avr/4.3.3/avr5\libgcc.a
LOAD c:/users/ismail/downloads/amit/sdk_win_64/sdk_win_64/winavr/bin/../lib/gcc/avr/4.3.3/../../../../avr/lib/avr5\libc.a
LOAD c:/users/ismail/downloads/amit/sdk_win_64/sdk_win_64/winavr/bin/../lib/gcc/avr/4.3.3/avr5\libgcc.a

.hash
 *(.hash)

.dynsym
 *(.dynsym)

.dynstr
 *(.dynstr)

.gnu.version
 *(.gnu.version)

.gnu.version_d
 *(.gnu.version_d)

.gnu.version_r
 *(.gnu.version_r)

.rel.init
 *(.rel.init)

.rela.init
 *(.rela.init)

.rel.text
 *(.rel.text)
 *(.rel.text.*)
 *(.rel.gnu.linkonce.t*)

.rela.text
 *(.rela.text)
 *(.rela.text.*)
 *(.rela.gnu.linkonce.t*)

.rel.fini
 *(.rel.fini)

.rela.fini
 *(.rela.fini)

.rel.rodata
 *(.rel.rodata)
 *(.rel.rodata.*)
 *(.rel.gnu.linkonce.r*)

.rela.rodata
 *(.rela.rodata)
 *(.rela.rodata.*)
 *(.rela.gnu.linkonce.r*)

.rel.data
 *(.rel.data)
 *(.rel.data.*)
 *(.rel.gnu.linkonce.d*)

.rela.data
 *(.rela.data)
 *(.rela.data.*)
 *(.rela.gnu.linkonce.d*)

.rel.ctors
 *(.rel.ctors)

.rela.ctors
 *(.rela.ctors)

.rel.dtors
 *(.rel.dtors)

.rela.dtors
 *(.rela.dtors)

.rel.got
 *(.rel.got)

.rela.got
 *(.rela.got)

.rel.bss
 *(.rel.bss)

.rela.bss
 *(.rela.bss)

.rel.plt
 *(.rel.plt)

.rela.plt
 *(.rela.plt)

.text           0x00000000     0xaae8
 *(.vectors)
 .vectors       0x00000000       0x54 c:/users/ismail/downloads/amit/sdk_win_64/sdk_win_64/winavr/bin/../lib/gcc/avr/4.3.3/../../../../avr/lib/avr5/crtm32.o
                0x00000000                __vectors
                0x00000000                __vector_default
 *(.vectors)
 *(.progmem.gcc*)
 *(.progmem*)
                0x00000054                . = ALIGN (0x2)
                0x00000054                __trampolines_start = .
 *(.trampolines)
 .trampolines   0x00000054        0x0 linker stubs
 *(.trampolines*)
                0x00000054                __trampolines_end = .
 *(.jumptables)
 *(.jumptables*)
 *(.lowtext)
 *(.lowtext*)
                0x00000054                __ctors_start = .
 *(.ctors)
                0x00000054                __ctors_end = .
                0x00000054                __dtors_start = .
 *(.dtors)
                0x00000054                __dtors_end = .
 SORT(*)(.ctors)
 SORT(*)(.dtors)
 *(.init0)
 .init0         0x00000054        0x0 c:/users/ismail/downloads/amit/sdk_win_64/sdk_win_64/winavr/bin/../lib/gcc/avr/4.3.3/../../../../avr/lib/avr5/crtm32.o
                0x00000054                __init
 *(.init0)
 *(.init1)
 *(.init1)
 *(.init2)
 .init2         0x00000054        0xc c:/users/ismail/downloads/amit/sdk_win_64/sdk_win_64/winavr/bin/../lib/gcc/avr/4.3.3/../../../../avr/lib/avr5/crtm32.o
 *(.init2)
 *(.init3)
 *(.init3)
 *(.init4)
 .init4         0x00000060       0x16 c:/users/ismail/downloads/amit/sdk_win_64/sdk_win_64/winavr/bin/../lib/gcc/avr/4.3.3/avr5\libgcc.a(_copy_data.o)
                0x00000060                __do_copy_data
 .init4         0x00000076       0x10 c:/users/ismail/downloads/amit/sdk_win_64/sdk_win_64/winavr/bin/../lib/gcc/avr/4.3.3/avr5\libgcc.a(_clear_bss.o)
                0x00000076                __do_clear_bss
 *(.init4)
 *(.init5)
 *(.init5)
 *(.init6)
 *(.init6)
 *(.init7)
 *(.init7)
 *(.init8)
 *(.init8)
 *(.init9)
 .init9         0x00000086        0x8 c:/users/ismail/downloads/amit/sdk_win_64/sdk_win_64/winavr/bin/../lib/gcc/avr/4.3.3/../../../../avr/lib/avr5/crtm32.o
 *(.init9)
 *(.text)
 .text          0x0000008e        0x4 c:/users/ismail/downloads/amit/sdk_win_64/sdk_win_64/winavr/bin/../lib/gcc/avr/4.3.3/../../../../avr/lib/avr5/crtm32.o
                0x0000008e                __vector_12
                0x0000008e                __bad_interrupt
                0x0000008e                __vector_3
                0x0000008e                __vector_13
                0x0000008e                __vector_17
                0x0000008e                __vector_19
                0x0000008e                __vector_5
                0x0000008e                __vector_4
                0x0000008e                __vector_2
                0x0000008e                __vector_15
                0x0000008e                __vector_14
                0x0000008e                __vector_16
                0x0000008e                __vector_18
                0x0000008e                __vector_20
 .text          0x00000092        0x0 ./MCAL/MUSART/MUSART_Program.o
 .text          0x00000092        0x0 ./MCAL/MTWI/MTWI_Program.o
 .text          0x00000092        0x0 ./MCAL/MTIMER2/MTIMER2_Program.o
 .text          0x00000092        0x0 ./MCAL/MTIMER1/MTIMER1_Program.o
 .text          0x00000092        0x0 ./MCAL/MTIMER0/MTIMER0_Program.o
 .text          0x00000092        0x0 ./MCAL/MSPI/MSPI_Program.o
 .text          0x00000092        0x0 ./MCAL/MGIE/MGIE_Program.o
 .text          0x00000092        0x0 ./MCAL/MEXIT/MEXIT_Program.o
 .text          0x00000092        0x0 ./MCAL/MDIO/MDIO_Program.o
 .text          0x00000092        0x0 ./MCAL/MADC/MADC_Program.o
 .text          0x00000092        0x0 ./HAL/HSevenSegment/HSevenSegment_Program.o
 .text          0x00000092        0x0 ./HAL/HServoMotor/HServoMotor_Program.o
 .text          0x00000092        0x0 ./HAL/HRELAY/HRELAY_Program.o
 .text          0x00000092        0x0 ./HAL/HPushButton/HPushButton_Program.o
 .text          0x00000092        0x0 ./HAL/HLM35/HLM35_Program.o
 .text          0x00000092        0x0 ./HAL/HLED/HLED_Program.o
 .text          0x00000092        0x0 ./HAL/HKPD/HKPD_Program.o
 .text          0x00000092        0x0 ./HAL/HHC05/HC05_Program.o
 .text          0x00000092        0x0 ./HAL/HEEPROM/HEEPROM_Program.o
 .text          0x00000092        0x0 ./HAL/HDimmer/Dimmer_Program.o
 .text          0x00000092        0x0 ./HAL/HDCMotor/HDC_Motor_Program.o
 .text          0x00000092        0x0 ./HAL/HCLCD/HCLCD_Program.o
 .text          0x00000092        0x0 ./HAL/HBUZZER/HBUZZER_Program.o
 .text          0x00000092        0x0 ./Application/Application.o
 .text          0x00000092        0x0 ./main.o
 .text          0x00000092        0x0 c:/users/ismail/downloads/amit/sdk_win_64/sdk_win_64/winavr/bin/../lib/gcc/avr/4.3.3/avr5\libgcc.a(_mulsi3.o)
 .text          0x00000092        0x0 c:/users/ismail/downloads/amit/sdk_win_64/sdk_win_64/winavr/bin/../lib/gcc/avr/4.3.3/avr5\libgcc.a(_divmodhi4.o)
 .text          0x00000092        0x0 c:/users/ismail/downloads/amit/sdk_win_64/sdk_win_64/winavr/bin/../lib/gcc/avr/4.3.3/avr5\libgcc.a(_udivmodsi4.o)
 .text          0x00000092        0x0 c:/users/ismail/downloads/amit/sdk_win_64/sdk_win_64/winavr/bin/../lib/gcc/avr/4.3.3/avr5\libgcc.a(_divmodsi4.o)
 .text          0x00000092        0x0 c:/users/ismail/downloads/amit/sdk_win_64/sdk_win_64/winavr/bin/../lib/gcc/avr/4.3.3/avr5\libgcc.a(_exit.o)
 .text          0x00000092        0x0 c:/users/ismail/downloads/amit/sdk_win_64/sdk_win_64/winavr/bin/../lib/gcc/avr/4.3.3/avr5\libgcc.a(_copy_data.o)
 .text          0x00000092        0x0 c:/users/ismail/downloads/amit/sdk_win_64/sdk_win_64/winavr/bin/../lib/gcc/avr/4.3.3/avr5\libgcc.a(_clear_bss.o)
 .text          0x00000092       0x58 c:/users/ismail/downloads/amit/sdk_win_64/sdk_win_64/winavr/bin/../lib/gcc/avr/4.3.3/avr5\libgcc.a(_fixunssfsi.o)
                0x00000092                __fixunssfsi
 .text          0x000000ea      0x354 c:/users/ismail/downloads/amit/sdk_win_64/sdk_win_64/winavr/bin/../lib/gcc/avr/4.3.3/avr5\libgcc.a(_addsub_sf.o)
                0x00000382                __subsf3
                0x000003e4                __addsf3
 .text          0x0000043e      0x1f4 c:/users/ismail/downloads/amit/sdk_win_64/sdk_win_64/winavr/bin/../lib/gcc/avr/4.3.3/avr5\libgcc.a(_mul_sf.o)
                0x0000043e                __mulsf3
 .text          0x00000632      0x158 c:/users/ismail/downloads/amit/sdk_win_64/sdk_win_64/winavr/bin/../lib/gcc/avr/4.3.3/avr5\libgcc.a(_div_sf.o)
                0x00000632                __divsf3
 .text          0x0000078a       0x60 c:/users/ismail/downloads/amit/sdk_win_64/sdk_win_64/winavr/bin/../lib/gcc/avr/4.3.3/avr5\libgcc.a(_gt_sf.o)
                0x0000078a                __gtsf2
 .text          0x000007ea       0x60 c:/users/ismail/downloads/amit/sdk_win_64/sdk_win_64/winavr/bin/../lib/gcc/avr/4.3.3/avr5\libgcc.a(_ge_sf.o)
                0x000007ea                __gesf2
 .text          0x0000084a       0x60 c:/users/ismail/downloads/amit/sdk_win_64/sdk_win_64/winavr/bin/../lib/gcc/avr/4.3.3/avr5\libgcc.a(_lt_sf.o)
                0x0000084a                __ltsf2
 .text          0x000008aa       0x60 c:/users/ismail/downloads/amit/sdk_win_64/sdk_win_64/winavr/bin/../lib/gcc/avr/4.3.3/avr5\libgcc.a(_le_sf.o)
                0x000008aa                __lesf2
 .text          0x0000090a       0xa8 c:/users/ismail/downloads/amit/sdk_win_64/sdk_win_64/winavr/bin/../lib/gcc/avr/4.3.3/avr5\libgcc.a(_sf_to_si.o)
                0x0000090a                __fixsfsi
 .text          0x000009b2        0x0 c:/users/ismail/downloads/amit/sdk_win_64/sdk_win_64/winavr/bin/../lib/gcc/avr/4.3.3/avr5\libgcc.a(_thenan_sf.o)
 .text          0x000009b2       0xf2 c:/users/ismail/downloads/amit/sdk_win_64/sdk_win_64/winavr/bin/../lib/gcc/avr/4.3.3/avr5\libgcc.a(_usi_to_sf.o)
                0x000009b2                __floatunsisf
 .text          0x00000aa4        0x0 c:/users/ismail/downloads/amit/sdk_win_64/sdk_win_64/winavr/bin/../lib/gcc/avr/4.3.3/avr5\libgcc.a(_udivmodhi4.o)
 .text          0x00000aa4        0x0 c:/users/ismail/downloads/amit/sdk_win_64/sdk_win_64/winavr/bin/../lib/gcc/avr/4.3.3/avr5\libgcc.a(_prologue.o)
 .text          0x00000aa4        0x0 c:/users/ismail/downloads/amit/sdk_win_64/sdk_win_64/winavr/bin/../lib/gcc/avr/4.3.3/avr5\libgcc.a(_epilogue.o)
 .text          0x00000aa4       0x9e c:/users/ismail/downloads/amit/sdk_win_64/sdk_win_64/winavr/bin/../lib/gcc/avr/4.3.3/avr5\libgcc.a(_clzsi2.o)
                0x00000aa4                __clzsi2
 .text          0x00000b42      0x1aa c:/users/ismail/downloads/amit/sdk_win_64/sdk_win_64/winavr/bin/../lib/gcc/avr/4.3.3/avr5\libgcc.a(_pack_sf.o)
                0x00000b42                __pack_f
 .text          0x00000cec       0xf0 c:/users/ismail/downloads/amit/sdk_win_64/sdk_win_64/winavr/bin/../lib/gcc/avr/4.3.3/avr5\libgcc.a(_unpack_sf.o)
                0x00000cec                __unpack_f
 .text          0x00000ddc       0xb2 c:/users/ismail/downloads/amit/sdk_win_64/sdk_win_64/winavr/bin/../lib/gcc/avr/4.3.3/avr5\libgcc.a(_fpcmp_parts_sf.o)
                0x00000ddc                __fpcmp_parts_f
 .text          0x00000e8e        0x0 c:/users/ismail/downloads/amit/sdk_win_64/sdk_win_64/winavr/bin/../lib/gcc/avr/4.3.3/avr5\libgcc.a(_clz.o)
                0x00000e8e                . = ALIGN (0x2)
 *(.text.*)
 .text.MUSART_Init
                0x00000e8e       0x8c ./MCAL/MUSART/MUSART_Program.o
                0x00000e8e                MUSART_Init
 .text.MUSART_SendChar
                0x00000f1a       0x34 ./MCAL/MUSART/MUSART_Program.o
                0x00000f1a                MUSART_SendChar
 .text.MUSART_ReceiveChar
                0x00000f4e       0x1e ./MCAL/MUSART/MUSART_Program.o
                0x00000f4e                MUSART_ReceiveChar
 .text.MUSART_SendString
                0x00000f6c      0x146 ./MCAL/MUSART/MUSART_Program.o
                0x00000f6c                MUSART_SendString
 .text.MUSART_ReceiveString
                0x000010b2       0x5c ./MCAL/MUSART/MUSART_Program.o
                0x000010b2                MUSART_ReceiveString
 .text.M_Uart_Write
                0x0000110e       0x36 ./MCAL/MUSART/MUSART_Program.o
                0x0000110e                M_Uart_Write
 .text.M_Uart_Read
                0x00001144       0x1e ./MCAL/MUSART/MUSART_Program.o
                0x00001144                M_Uart_Read
 .text.MTWI_MasterInit
                0x00001162      0x192 ./MCAL/MTWI/MTWI_Program.o
                0x00001162                MTWI_MasterInit
 .text.MTWI_SlaveInit
                0x000012f4       0x78 ./MCAL/MTWI/MTWI_Program.o
                0x000012f4                MTWI_SlaveInit
 .text.MTWI_SendStartCondition
                0x0000136c      0x14e ./MCAL/MTWI/MTWI_Program.o
                0x0000136c                MTWI_SendStartCondition
 .text.MTWI_SendSlaveAddress_WithWrite
                0x000014ba      0x152 ./MCAL/MTWI/MTWI_Program.o
                0x000014ba                MTWI_SendSlaveAddress_WithWrite
 .text.MTWI_SendSlaveAddress_WithRead
                0x0000160c      0x15e ./MCAL/MTWI/MTWI_Program.o
                0x0000160c                MTWI_SendSlaveAddress_WithRead
 .text.MTWI_MasterSlaveWriteData
                0x0000176a      0x23e ./MCAL/MTWI/MTWI_Program.o
                0x0000176a                MTWI_MasterSlaveWriteData
 .text.MTWI_MasterSlaveReadData
                0x000019a8      0x23c ./MCAL/MTWI/MTWI_Program.o
                0x000019a8                MTWI_MasterSlaveReadData
 .text.MTWI_SendStopCondition
                0x00001be4      0x14e ./MCAL/MTWI/MTWI_Program.o
                0x00001be4                MTWI_SendStopCondition
 .text.MTWI_SendRepeatedStartCondition
                0x00001d32       0x58 ./MCAL/MTWI/MTWI_Program.o
                0x00001d32                MTWI_SendRepeatedStartCondition
 .text.MTWI_ReadByteNoAck
                0x00001d8a       0x26 ./MCAL/MTWI/MTWI_Program.o
                0x00001d8a                MTWI_ReadByteNoAck
 .text.I2C_Init
                0x00001db0      0x12e ./MCAL/MTWI/MTWI_Program.o
                0x00001db0                I2C_Init
 .text.MTimer2Init
                0x00001ede       0x46 ./MCAL/MTIMER2/MTIMER2_Program.o
                0x00001ede                MTimer2Init
 .text.MTimer2SetTime
                0x00001f24       0xde ./MCAL/MTIMER2/MTIMER2_Program.o
                0x00001f24                MTimer2SetTime
 .text.MTimer2Start
                0x00002002       0x38 ./MCAL/MTIMER2/MTIMER2_Program.o
                0x00002002                MTimer2Start
 .text.MTimer2Stop
                0x0000203a       0x38 ./MCAL/MTIMER2/MTIMER2_Program.o
                0x0000203a                MTimer2Stop
 .text.MPWM2Init
                0x00002072       0x50 ./MCAL/MTIMER2/MTIMER2_Program.o
                0x00002072                MPWM2Init
 .text.MPWM2SetDutyCycle
                0x000020c2       0x90 ./MCAL/MTIMER2/MTIMER2_Program.o
                0x000020c2                MPWM2SetDutyCycle
 .text.MPWM2Start
                0x00002152       0x1c ./MCAL/MTIMER2/MTIMER2_Program.o
                0x00002152                MPWM2Start
 .text.MPWM2Stop
                0x0000216e       0x1c ./MCAL/MTIMER2/MTIMER2_Program.o
                0x0000216e                MPWM2Stop
 .text.MTimer2SetCallBack
                0x0000218a       0x24 ./MCAL/MTIMER2/MTIMER2_Program.o
                0x0000218a                MTimer2SetCallBack
 .text.Timer1_Init
                0x000021ae       0xa8 ./MCAL/MTIMER1/MTIMER1_Program.o
                0x000021ae                Timer1_Init
 .text.Timer1_Preload
                0x00002256       0x24 ./MCAL/MTIMER1/MTIMER1_Program.o
                0x00002256                Timer1_Preload
 .text.Timer1_SetCounterTOP
                0x0000227a       0x2e ./MCAL/MTIMER1/MTIMER1_Program.o
                0x0000227a                Timer1_SetCounterTOP
 .text.Timer1_SetOCACompareValue
                0x000022a8       0x24 ./MCAL/MTIMER1/MTIMER1_Program.o
                0x000022a8                Timer1_SetOCACompareValue
 .text.Timer1_SetOCBCompareValue
                0x000022cc       0x24 ./MCAL/MTIMER1/MTIMER1_Program.o
                0x000022cc                Timer1_SetOCBCompareValue
 .text.Timer1_OC1ASetDutyCycle
                0x000022f0       0x96 ./MCAL/MTIMER1/MTIMER1_Program.o
                0x000022f0                Timer1_OC1ASetDutyCycle
 .text.Timer1_OC1BSetDutyCycle
                0x00002386       0x7e ./MCAL/MTIMER1/MTIMER1_Program.o
                0x00002386                Timer1_OC1BSetDutyCycle
 .text.Timer1_GetCounterValue
                0x00002404       0x30 ./MCAL/MTIMER1/MTIMER1_Program.o
                0x00002404                Timer1_GetCounterValue
 .text.Timer1_EnableNoiseCanceler
                0x00002434       0x1c ./MCAL/MTIMER1/MTIMER1_Program.o
                0x00002434                Timer1_EnableNoiseCanceler
 .text.Timer1_DisableNoiseCanceler
                0x00002450       0x1c ./MCAL/MTIMER1/MTIMER1_Program.o
                0x00002450                Timer1_DisableNoiseCanceler
 .text.Timer1_ICEdgeSelect
                0x0000246c       0x56 ./MCAL/MTIMER1/MTIMER1_Program.o
                0x0000246c                Timer1_ICEdgeSelect
 .text.Timer1_GetCapturedValue
                0x000024c2       0x30 ./MCAL/MTIMER1/MTIMER1_Program.o
                0x000024c2                Timer1_GetCapturedValue
 .text.Timer1_EnableOVFInterrupt
                0x000024f2       0x1c ./MCAL/MTIMER1/MTIMER1_Program.o
                0x000024f2                Timer1_EnableOVFInterrupt
 .text.Timer1_DisableOVFInterrupt
                0x0000250e       0x1c ./MCAL/MTIMER1/MTIMER1_Program.o
                0x0000250e                Timer1_DisableOVFInterrupt
 .text.Timer1_OCAEnableInterrupt
                0x0000252a       0x1c ./MCAL/MTIMER1/MTIMER1_Program.o
                0x0000252a                Timer1_OCAEnableInterrupt
 .text.Timer1_OCADisableInterrupt
                0x00002546       0x1c ./MCAL/MTIMER1/MTIMER1_Program.o
                0x00002546                Timer1_OCADisableInterrupt
 .text.Timer1_OCBEnableInterrupt
                0x00002562       0x1c ./MCAL/MTIMER1/MTIMER1_Program.o
                0x00002562                Timer1_OCBEnableInterrupt
 .text.Timer1_OCBDisableInterrupt
                0x0000257e       0x1c ./MCAL/MTIMER1/MTIMER1_Program.o
                0x0000257e                Timer1_OCBDisableInterrupt
 .text.Timer1_CaptureEventEnableInterrupt
                0x0000259a       0x1c ./MCAL/MTIMER1/MTIMER1_Program.o
                0x0000259a                Timer1_CaptureEventEnableInterrupt
 .text.Timer1_CaptureEventDisableInterrupt
                0x000025b6       0x1c ./MCAL/MTIMER1/MTIMER1_Program.o
                0x000025b6                Timer1_CaptureEventDisableInterrupt
 .text.Timer1_OVFPollingOnFlag
                0x000025d2       0x32 ./MCAL/MTIMER1/MTIMER1_Program.o
                0x000025d2                Timer1_OVFPollingOnFlag
 .text.Timer1_OCAPollingOnFlag
                0x00002604       0x32 ./MCAL/MTIMER1/MTIMER1_Program.o
                0x00002604                Timer1_OCAPollingOnFlag
 .text.Timer1_OCBPollingOnFlag
                0x00002636       0x34 ./MCAL/MTIMER1/MTIMER1_Program.o
                0x00002636                Timer1_OCBPollingOnFlag
 .text.Timer1_CaptureEventPollingOnFlag
                0x0000266a       0x34 ./MCAL/MTIMER1/MTIMER1_Program.o
                0x0000266a                Timer1_CaptureEventPollingOnFlag
 .text.Timer1_OVFSetCallBack
                0x0000269e       0x2c ./MCAL/MTIMER1/MTIMER1_Program.o
                0x0000269e                Timer1_OVFSetCallBack
 .text.Timer1_OCASetCallBack
                0x000026ca       0x2c ./MCAL/MTIMER1/MTIMER1_Program.o
                0x000026ca                Timer1_OCASetCallBack
 .text.Timer1_OCBSetCallBack
                0x000026f6       0x2c ./MCAL/MTIMER1/MTIMER1_Program.o
                0x000026f6                Timer1_OCBSetCallBack
 .text.Timer1_CaptureEventSetCallBack
                0x00002722       0x2c ./MCAL/MTIMER1/MTIMER1_Program.o
                0x00002722                Timer1_CaptureEventSetCallBack
 .text.Timer1_ResetPrescaler
                0x0000274e       0x1c ./MCAL/MTIMER1/MTIMER1_Program.o
                0x0000274e                Timer1_ResetPrescaler
 .text.MPWM1Init
                0x0000276a       0x38 ./MCAL/MTIMER1/MTIMER1_Program.o
                0x0000276a                MPWM1Init
 .text.MPWM1SetDutyCycle
                0x000027a2       0x32 ./MCAL/MTIMER1/MTIMER1_Program.o
                0x000027a2                MPWM1SetDutyCycle
 .text.MPWM1SetFrequency
                0x000027d4       0x5a ./MCAL/MTIMER1/MTIMER1_Program.o
                0x000027d4                MPWM1SetFrequency
 .text.MPWM1Start
                0x0000282e       0x38 ./MCAL/MTIMER1/MTIMER1_Program.o
                0x0000282e                MPWM1Start
 .text.MPWM1Stop
                0x00002866       0x38 ./MCAL/MTIMER1/MTIMER1_Program.o
                0x00002866                MPWM1Stop
 .text.__vector_9
                0x0000289e       0x66 ./MCAL/MTIMER1/MTIMER1_Program.o
                0x0000289e                __vector_9
 .text.__vector_8
                0x00002904       0x66 ./MCAL/MTIMER1/MTIMER1_Program.o
                0x00002904                __vector_8
 .text.__vector_7
                0x0000296a       0x66 ./MCAL/MTIMER1/MTIMER1_Program.o
                0x0000296a                __vector_7
 .text.__vector_6
                0x000029d0       0x66 ./MCAL/MTIMER1/MTIMER1_Program.o
                0x000029d0                __vector_6
 .text.MTIMER0_Init
                0x00002a36       0x70 ./MCAL/MTIMER0/MTIMER0_Program.o
                0x00002a36                MTIMER0_Init
 .text.MTIMER0_SetPreload
                0x00002aa6       0x1c ./MCAL/MTIMER0/MTIMER0_Program.o
                0x00002aa6                MTIMER0_SetPreload
 .text.MTIMER0_SetCTC
                0x00002ac2       0x1c ./MCAL/MTIMER0/MTIMER0_Program.o
                0x00002ac2                MTIMER0_SetCTC
 .text.MTIMER0_OVERFLOW_CALLBACK
                0x00002ade       0x38 ./MCAL/MTIMER0/MTIMER0_Program.o
                0x00002ade                MTIMER0_OVERFLOW_CALLBACK
 .text.MTIMER0_CTC_CALLBACK
                0x00002b16       0x38 ./MCAL/MTIMER0/MTIMER0_Program.o
                0x00002b16                MTIMER0_CTC_CALLBACK
 .text.__vector_10
                0x00002b4e       0x66 ./MCAL/MTIMER0/MTIMER0_Program.o
                0x00002b4e                __vector_10
 .text.__vector_11
                0x00002bb4       0x66 ./MCAL/MTIMER0/MTIMER0_Program.o
                0x00002bb4                __vector_11
 .text.M_Pwm0_Init
                0x00002c1a       0x50 ./MCAL/MTIMER0/MTIMER0_Program.o
                0x00002c1a                M_Pwm0_Init
 .text.M_Pwm0_SetDutyCycle
                0x00002c6a       0xbe ./MCAL/MTIMER0/MTIMER0_Program.o
                0x00002c6a                M_Pwm0_SetDutyCycle
 .text.M_Timer0_Start
                0x00002d28       0x38 ./MCAL/MTIMER0/MTIMER0_Program.o
                0x00002d28                M_Timer0_Start
 .text.M_Timer0_Stop
                0x00002d60       0x38 ./MCAL/MTIMER0/MTIMER0_Program.o
                0x00002d60                M_Timer0_Stop
 .text.M_Pwm0_Start
                0x00002d98       0x12 ./MCAL/MTIMER0/MTIMER0_Program.o
                0x00002d98                M_Pwm0_Start
 .text.M_Pwm0_Stop
                0x00002daa       0x12 ./MCAL/MTIMER0/MTIMER0_Program.o
                0x00002daa                M_Pwm0_Stop
 .text.MSPI_MasterInit
                0x00002dbc       0x8c ./MCAL/MSPI/MSPI_Program.o
                0x00002dbc                MSPI_MasterInit
 .text.MSPI_SlaveInit
                0x00002e48       0x62 ./MCAL/MSPI/MSPI_Program.o
                0x00002e48                MSPI_SlaveInit
 .text.MSPI_SendReceive
                0x00002eaa       0x2c ./MCAL/MSPI/MSPI_Program.o
                0x00002eaa                MSPI_SendReceive
 .text.MGIE_Enable
                0x00002ed6       0x1c ./MCAL/MGIE/MGIE_Program.o
                0x00002ed6                MGIE_Enable
 .text.MGIE_Disable
                0x00002ef2       0x1c ./MCAL/MGIE/MGIE_Program.o
                0x00002ef2                MGIE_Disable
 .text.MEXIT0_Init
                0x00002f0e       0x38 ./MCAL/MEXIT/MEXIT_Program.o
                0x00002f0e                MEXIT0_Init
 .text.MEXIT1_Init
                0x00002f46        0xe ./MCAL/MEXIT/MEXIT_Program.o
                0x00002f46                MEXIT1_Init
 .text.MEXIT2_Init
                0x00002f54        0xe ./MCAL/MEXIT/MEXIT_Program.o
                0x00002f54                MEXIT2_Init
 .text.MEXIT_Callback
                0x00002f62       0x2c ./MCAL/MEXIT/MEXIT_Program.o
                0x00002f62                MEXIT_Callback
 .text.__vector_1
                0x00002f8e       0x24 ./MCAL/MEXIT/MEXIT_Program.o
                0x00002f8e                __vector_1
 .text.MDIO_Set_PORT_DIR
                0x00002fb2       0x8e ./MCAL/MDIO/MDIO_Program.o
                0x00002fb2                MDIO_Set_PORT_DIR
 .text.MDIO_Set_PIN_DIR
                0x00003040      0x1ec ./MCAL/MDIO/MDIO_Program.o
                0x00003040                MDIO_Set_PIN_DIR
 .text.MDIO_Set_PORT_VALUE
                0x0000322c       0x88 ./MCAL/MDIO/MDIO_Program.o
                0x0000322c                MDIO_Set_PORT_VALUE
 .text.MDIO_Set_PIN_VALUE
                0x000032b4      0x1ec ./MCAL/MDIO/MDIO_Program.o
                0x000032b4                MDIO_Set_PIN_VALUE
 .text.MDIO_Read_PORT
                0x000034a0       0xa0 ./MCAL/MDIO/MDIO_Program.o
                0x000034a0                MDIO_Read_PORT
 .text.MDIO_Read_PIN
                0x00003540      0x110 ./MCAL/MDIO/MDIO_Program.o
                0x00003540                MDIO_Read_PIN
 .text.MDIO_Toggle_PIN
                0x00003650      0x102 ./MCAL/MDIO/MDIO_Program.o
                0x00003650                MDIO_Toggle_PIN
 .text.MDIO_SetNibbleValue
                0x00003752      0x17e ./MCAL/MDIO/MDIO_Program.o
                0x00003752                MDIO_SetNibbleValue
 .text.MDIO_Return_PINValue
                0x000038d0      0x11c ./MCAL/MDIO/MDIO_Program.o
                0x000038d0                MDIO_Return_PINValue
 .text.MADC_Init
                0x000039ec       0x70 ./MCAL/MADC/MADC_Program.o
                0x000039ec                MADC_Init
 .text.MADC_StartConversion
                0x00003a5c       0x66 ./MCAL/MADC/MADC_Program.o
                0x00003a5c                MADC_StartConversion
 .text.HSEVENSEGMENT_Init
                0x00003ac2       0x7c ./HAL/HSevenSegment/HSevenSegment_Program.o
                0x00003ac2                HSEVENSEGMENT_Init
 .text.HSEVENSEGMENT_SetMode
                0x00003b3e       0x54 ./HAL/HSevenSegment/HSevenSegment_Program.o
                0x00003b3e                HSEVENSEGMENT_SetMode
 .text.HSEVENSEGMENT_Display
                0x00003b92      0x454 ./HAL/HSevenSegment/HSevenSegment_Program.o
                0x00003b92                HSEVENSEGMENT_Display
 .text.HServoInit
                0x00003fe6       0x24 ./HAL/HServoMotor/HServoMotor_Program.o
                0x00003fe6                HServoInit
 .text.HServoSetAngel
                0x0000400a       0x96 ./HAL/HServoMotor/HServoMotor_Program.o
                0x0000400a                HServoSetAngel
 .text.HServoTurnOff
                0x000040a0       0x12 ./HAL/HServoMotor/HServoMotor_Program.o
                0x000040a0                HServoTurnOff
 .text.HRELAYInit
                0x000040b2       0x18 ./HAL/HRELAY/HRELAY_Program.o
                0x000040b2                HRELAYInit
 .text.HRELAYON
                0x000040ca       0x18 ./HAL/HRELAY/HRELAY_Program.o
                0x000040ca                HRELAYON
 .text.HRELAYOFF
                0x000040e2       0x18 ./HAL/HRELAY/HRELAY_Program.o
                0x000040e2                HRELAYOFF
 .text.HPushButton_Init
                0x000040fa       0x18 ./HAL/HPushButton/HPushButton_Program.o
                0x000040fa                HPushButton_Init
 .text.HPushButton_Read
                0x00004112       0x2c ./HAL/HPushButton/HPushButton_Program.o
                0x00004112                HPushButton_Read
 .text.HLM35Init
                0x0000413e       0x12 ./HAL/HLM35/HLM35_Program.o
                0x0000413e                HLM35Init
 .text.HLM35Read
                0x00004150       0x70 ./HAL/HLM35/HLM35_Program.o
                0x00004150                HLM35Read
 .text.HLED_Init
                0x000041c0       0x62 ./HAL/HLED/HLED_Program.o
                0x000041c0                HLED_Init
 .text.HLED_ON  0x00004222       0x62 ./HAL/HLED/HLED_Program.o
                0x00004222                HLED_ON
 .text.HLED_OFF
                0x00004284       0x62 ./HAL/HLED/HLED_Program.o
                0x00004284                HLED_OFF
 .text.HLED_Blink
                0x000042e6      0x340 ./HAL/HLED/HLED_Program.o
                0x000042e6                HLED_Blink
 .text.HKPD_Init
                0x00004626       0xae ./HAL/HKPD/HKPD_Program.o
                0x00004626                HKPD_Init
 .text.HKPD_GetPressedButton
                0x000046d4     0x194e ./HAL/HKPD/HKPD_Program.o
                0x000046d4                HKPD_GetPressedButton
 .text.HHC05_Init
                0x00006022       0x12 ./HAL/HHC05/HC05_Program.o
                0x00006022                HHC05_Init
 .text.HHC05_SendChar
                0x00006034       0x1e ./HAL/HHC05/HC05_Program.o
                0x00006034                HHC05_SendChar
 .text.HHC05_SendString
                0x00006052       0x28 ./HAL/HHC05/HC05_Program.o
                0x00006052                HHC05_SendString
 .text.HHC05_RecieveData
                0x0000607a       0x1c ./HAL/HHC05/HC05_Program.o
                0x0000607a                HHC05_RecieveData
 .text.HEEPROM_ReadByte
                0x00006096       0x4a ./HAL/HEEPROM/HEEPROM_Program.o
                0x00006096                HEEPROM_ReadByte
 .text.HEEPROM_WriteByte
                0x000060e0      0x130 ./HAL/HEEPROM/HEEPROM_Program.o
                0x000060e0                HEEPROM_WriteByte
 .text.HDimmerLightInit
                0x00006210       0x1e ./HAL/HDimmer/Dimmer_Program.o
                0x00006210                HDimmerLightInit
 .text.HDimmerLightSetLightIntense
                0x0000622e       0x46 ./HAL/HDimmer/Dimmer_Program.o
                0x0000622e                HDimmerLightSetLightIntense
 .text.HDimmerLightStart
                0x00006274       0x12 ./HAL/HDimmer/Dimmer_Program.o
                0x00006274                HDimmerLightStart
 .text.HDimmerLightStop
                0x00006286       0x12 ./HAL/HDimmer/Dimmer_Program.o
                0x00006286                HDimmerLightStop
 .text.HDCMotorInit
                0x00006298       0x26 ./HAL/HDCMotor/HDC_Motor_Program.o
                0x00006298                HDCMotorInit
 .text.HDCMotorSetDirection
                0x000062be       0x62 ./HAL/HDCMotor/HDC_Motor_Program.o
                0x000062be                HDCMotorSetDirection
 .text.HDCMotorSpeed
                0x00006320       0x36 ./HAL/HDCMotor/HDC_Motor_Program.o
                0x00006320                HDCMotorSpeed
 .text.HDCMotorStart
                0x00006356       0x12 ./HAL/HDCMotor/HDC_Motor_Program.o
                0x00006356                HDCMotorStart
 .text.HDCMotorStop
                0x00006368       0x12 ./HAL/HDCMotor/HDC_Motor_Program.o
                0x00006368                HDCMotorStop
 .text.HCLCDInit4BitMode
                0x0000637a      0x548 ./HAL/HCLCD/HCLCD_Program.o
                0x0000637a                HCLCDInit4BitMode
 .text.HCLCD_WriteCommand4Bit
                0x000068c2      0x248 ./HAL/HCLCD/HCLCD_Program.o
                0x000068c2                HCLCD_WriteCommand4Bit
 .text.HCLCD_WriteChar4Bit
                0x00006b0a      0x248 ./HAL/HCLCD/HCLCD_Program.o
                0x00006b0a                HCLCD_WriteChar4Bit
 .text.HCLCD_WriteString
                0x00006d52       0xbc ./HAL/HCLCD/HCLCD_Program.o
                0x00006d52                HCLCD_WriteString
 .text.HCLCD_SetCursorPosition
                0x00006e0e       0x42 ./HAL/HCLCD/HCLCD_Program.o
                0x00006e0e                HCLCD_SetCursorPosition
 .text.HCLCD_WriteNumber
                0x00006e50       0xee ./HAL/HCLCD/HCLCD_Program.o
                0x00006e50                HCLCD_WriteNumber
 .text.HBUZZERInit
                0x00006f3e       0x18 ./HAL/HBUZZER/HBUZZER_Program.o
                0x00006f3e                HBUZZERInit
 .text.HBUZZERON
                0x00006f56       0x18 ./HAL/HBUZZER/HBUZZER_Program.o
                0x00006f56                HBUZZERON
 .text.HBUZZEROFF
                0x00006f6e       0x18 ./HAL/HBUZZER/HBUZZER_Program.o
                0x00006f6e                HBUZZEROFF
 .text.HBUZZERALARM
                0x00006f86      0x112 ./HAL/HBUZZER/HBUZZER_Program.o
                0x00006f86                HBUZZERALARM
 .text.HBUZZERToggle
                0x00007098       0x16 ./HAL/HBUZZER/HBUZZER_Program.o
                0x00007098                HBUZZERToggle
 .text.InputID  0x000070ae      0x2cc ./Application/Application.o
                0x000070ae                InputID
 .text.InputPassword
                0x0000737a      0x2ac ./Application/Application.o
                0x0000737a                InputPassword
 .text.AdminLogin
                0x00007626      0x8ac ./Application/Application.o
                0x00007626                AdminLogin
 .text.UserLogin
                0x00007ed2      0x360 ./Application/Application.o
                0x00007ed2                UserLogin
 .text.AddUser  0x00008232      0x99a ./Application/Application.o
                0x00008232                AddUser
 .text.DeleteUser
                0x00008bcc      0x324 ./Application/Application.o
                0x00008bcc                DeleteUser
 .text.CheckEEPROM
                0x00008ef0       0x98 ./Application/Application.o
                0x00008ef0                CheckEEPROM
 .text.DeleteAll
                0x00008f88       0x46 ./Application/Application.o
                0x00008f88                DeleteAll
 .text.ACSwitch
                0x00008fce       0x84 ./Application/Application.o
                0x00008fce                ACSwitch
 .text.DoorSwitch
                0x00009052      0x262 ./Application/Application.o
                0x00009052                DoorSwitch
 .text.RelaySwitch
                0x000092b4       0x80 ./Application/Application.o
                0x000092b4                RelaySwitch
 .text.CloseTheDoor
                0x00009334       0x1e ./Application/Application.o
                0x00009334                CloseTheDoor
 .text.Door     0x00009352      0x242 ./Application/Application.o
                0x00009352                Door
 .text.AC       0x00009594       0xaa ./Application/Application.o
                0x00009594                AC
 .text.Relay    0x0000963e       0x4a ./Application/Application.o
                0x0000963e                Relay
 .text.AppInit  0x00009688       0x54 ./Application/Application.o
                0x00009688                AppInit
 .text.Welcoming
                0x000096dc      0x136 ./Application/Application.o
                0x000096dc                Welcoming
 .text.Reset    0x00009812       0x72 ./Application/Application.o
                0x00009812                Reset
 .text.main     0x00009884     0x10ec ./main.o
                0x00009884                main
 .text.libgcc   0x0000a970       0x3e c:/users/ismail/downloads/amit/sdk_win_64/sdk_win_64/winavr/bin/../lib/gcc/avr/4.3.3/avr5\libgcc.a(_mulsi3.o)
                0x0000a970                __mulsi3
 .text.libgcc   0x0000a9ae       0x26 c:/users/ismail/downloads/amit/sdk_win_64/sdk_win_64/winavr/bin/../lib/gcc/avr/4.3.3/avr5\libgcc.a(_divmodhi4.o)
                0x0000a9ae                __divmodhi4
                0x0000a9ae                _div
 .text.libgcc   0x0000a9d4       0x44 c:/users/ismail/downloads/amit/sdk_win_64/sdk_win_64/winavr/bin/../lib/gcc/avr/4.3.3/avr5\libgcc.a(_udivmodsi4.o)
                0x0000a9d4                __udivmodsi4
 .text.libgcc   0x0000aa18       0x36 c:/users/ismail/downloads/amit/sdk_win_64/sdk_win_64/winavr/bin/../lib/gcc/avr/4.3.3/avr5\libgcc.a(_divmodsi4.o)
                0x0000aa18                __divmodsi4
 .text.libgcc   0x0000aa4e        0x0 c:/users/ismail/downloads/amit/sdk_win_64/sdk_win_64/winavr/bin/../lib/gcc/avr/4.3.3/avr5\libgcc.a(_exit.o)
 .text.libgcc   0x0000aa4e        0x0 c:/users/ismail/downloads/amit/sdk_win_64/sdk_win_64/winavr/bin/../lib/gcc/avr/4.3.3/avr5\libgcc.a(_copy_data.o)
 .text.libgcc   0x0000aa4e        0x0 c:/users/ismail/downloads/amit/sdk_win_64/sdk_win_64/winavr/bin/../lib/gcc/avr/4.3.3/avr5\libgcc.a(_clear_bss.o)
 .text.libgcc   0x0000aa4e       0x28 c:/users/ismail/downloads/amit/sdk_win_64/sdk_win_64/winavr/bin/../lib/gcc/avr/4.3.3/avr5\libgcc.a(_udivmodhi4.o)
                0x0000aa4e                __udivmodhi4
 .text.libgcc   0x0000aa76       0x38 c:/users/ismail/downloads/amit/sdk_win_64/sdk_win_64/winavr/bin/../lib/gcc/avr/4.3.3/avr5\libgcc.a(_prologue.o)
                0x0000aa76                __prologue_saves__
 .text.libgcc   0x0000aaae       0x36 c:/users/ismail/downloads/amit/sdk_win_64/sdk_win_64/winavr/bin/../lib/gcc/avr/4.3.3/avr5\libgcc.a(_epilogue.o)
                0x0000aaae                __epilogue_restores__
                0x0000aae4                . = ALIGN (0x2)
 *(.fini9)
 .fini9         0x0000aae4        0x0 c:/users/ismail/downloads/amit/sdk_win_64/sdk_win_64/winavr/bin/../lib/gcc/avr/4.3.3/avr5\libgcc.a(_exit.o)
                0x0000aae4                exit
                0x0000aae4                _exit
 *(.fini9)
 *(.fini8)
 *(.fini8)
 *(.fini7)
 *(.fini7)
 *(.fini6)
 *(.fini6)
 *(.fini5)
 *(.fini5)
 *(.fini4)
 *(.fini4)
 *(.fini3)
 *(.fini3)
 *(.fini2)
 *(.fini2)
 *(.fini1)
 *(.fini1)
 *(.fini0)
 .fini0         0x0000aae4        0x4 c:/users/ismail/downloads/amit/sdk_win_64/sdk_win_64/winavr/bin/../lib/gcc/avr/4.3.3/avr5\libgcc.a(_exit.o)
 *(.fini0)
                0x0000aae8                _etext = .

.data           0x00800060      0x44e load address 0x0000aae8
                0x00800060                PROVIDE (__data_start, .)
 *(.data)
 .data          0x00800060        0x0 c:/users/ismail/downloads/amit/sdk_win_64/sdk_win_64/winavr/bin/../lib/gcc/avr/4.3.3/../../../../avr/lib/avr5/crtm32.o
 .data          0x00800060        0x0 ./MCAL/MUSART/MUSART_Program.o
 .data          0x00800060        0x0 ./MCAL/MTWI/MTWI_Program.o
 .data          0x00800060        0x0 ./MCAL/MTIMER2/MTIMER2_Program.o
 .data          0x00800060        0x0 ./MCAL/MTIMER1/MTIMER1_Program.o
 .data          0x00800060        0x0 ./MCAL/MTIMER0/MTIMER0_Program.o
 .data          0x00800060        0x0 ./MCAL/MSPI/MSPI_Program.o
 .data          0x00800060        0x0 ./MCAL/MGIE/MGIE_Program.o
 .data          0x00800060        0x0 ./MCAL/MEXIT/MEXIT_Program.o
 .data          0x00800060        0x0 ./MCAL/MDIO/MDIO_Program.o
 .data          0x00800060        0x0 ./MCAL/MADC/MADC_Program.o
 .data          0x00800060        0x0 ./HAL/HSevenSegment/HSevenSegment_Program.o
 .data          0x00800060        0x0 ./HAL/HServoMotor/HServoMotor_Program.o
 .data          0x00800060        0x0 ./HAL/HRELAY/HRELAY_Program.o
 .data          0x00800060        0x0 ./HAL/HPushButton/HPushButton_Program.o
 .data          0x00800060        0x0 ./HAL/HLM35/HLM35_Program.o
 .data          0x00800060        0x0 ./HAL/HLED/HLED_Program.o
 .data          0x00800060        0x0 ./HAL/HKPD/HKPD_Program.o
 .data          0x00800060        0x0 ./HAL/HHC05/HC05_Program.o
 .data          0x00800060        0x0 ./HAL/HEEPROM/HEEPROM_Program.o
 .data          0x00800060        0x0 ./HAL/HDimmer/Dimmer_Program.o
 .data          0x00800060        0x0 ./HAL/HDCMotor/HDC_Motor_Program.o
 .data          0x00800060       0x1d ./HAL/HCLCD/HCLCD_Program.o
 .data          0x0080007d        0x0 ./HAL/HBUZZER/HBUZZER_Program.o
 .data          0x0080007d      0x23d ./Application/Application.o
 .data          0x008002ba       0xc8 ./main.o
 .data          0x00800382        0x0 c:/users/ismail/downloads/amit/sdk_win_64/sdk_win_64/winavr/bin/../lib/gcc/avr/4.3.3/avr5\libgcc.a(_mulsi3.o)
 .data          0x00800382        0x0 c:/users/ismail/downloads/amit/sdk_win_64/sdk_win_64/winavr/bin/../lib/gcc/avr/4.3.3/avr5\libgcc.a(_divmodhi4.o)
 .data          0x00800382        0x0 c:/users/ismail/downloads/amit/sdk_win_64/sdk_win_64/winavr/bin/../lib/gcc/avr/4.3.3/avr5\libgcc.a(_udivmodsi4.o)
 .data          0x00800382        0x0 c:/users/ismail/downloads/amit/sdk_win_64/sdk_win_64/winavr/bin/../lib/gcc/avr/4.3.3/avr5\libgcc.a(_divmodsi4.o)
 .data          0x00800382        0x0 c:/users/ismail/downloads/amit/sdk_win_64/sdk_win_64/winavr/bin/../lib/gcc/avr/4.3.3/avr5\libgcc.a(_exit.o)
 .data          0x00800382        0x0 c:/users/ismail/downloads/amit/sdk_win_64/sdk_win_64/winavr/bin/../lib/gcc/avr/4.3.3/avr5\libgcc.a(_copy_data.o)
 .data          0x00800382        0x0 c:/users/ismail/downloads/amit/sdk_win_64/sdk_win_64/winavr/bin/../lib/gcc/avr/4.3.3/avr5\libgcc.a(_clear_bss.o)
 .data          0x00800382        0x0 c:/users/ismail/downloads/amit/sdk_win_64/sdk_win_64/winavr/bin/../lib/gcc/avr/4.3.3/avr5\libgcc.a(_fixunssfsi.o)
 .data          0x00800382        0x0 c:/users/ismail/downloads/amit/sdk_win_64/sdk_win_64/winavr/bin/../lib/gcc/avr/4.3.3/avr5\libgcc.a(_addsub_sf.o)
 .data          0x00800382        0x0 c:/users/ismail/downloads/amit/sdk_win_64/sdk_win_64/winavr/bin/../lib/gcc/avr/4.3.3/avr5\libgcc.a(_mul_sf.o)
 .data          0x00800382        0x0 c:/users/ismail/downloads/amit/sdk_win_64/sdk_win_64/winavr/bin/../lib/gcc/avr/4.3.3/avr5\libgcc.a(_div_sf.o)
 .data          0x00800382        0x0 c:/users/ismail/downloads/amit/sdk_win_64/sdk_win_64/winavr/bin/../lib/gcc/avr/4.3.3/avr5\libgcc.a(_gt_sf.o)
 .data          0x00800382        0x0 c:/users/ismail/downloads/amit/sdk_win_64/sdk_win_64/winavr/bin/../lib/gcc/avr/4.3.3/avr5\libgcc.a(_ge_sf.o)
 .data          0x00800382        0x0 c:/users/ismail/downloads/amit/sdk_win_64/sdk_win_64/winavr/bin/../lib/gcc/avr/4.3.3/avr5\libgcc.a(_lt_sf.o)
 .data          0x00800382        0x0 c:/users/ismail/downloads/amit/sdk_win_64/sdk_win_64/winavr/bin/../lib/gcc/avr/4.3.3/avr5\libgcc.a(_le_sf.o)
 .data          0x00800382        0x0 c:/users/ismail/downloads/amit/sdk_win_64/sdk_win_64/winavr/bin/../lib/gcc/avr/4.3.3/avr5\libgcc.a(_sf_to_si.o)
 .data          0x00800382        0x8 c:/users/ismail/downloads/amit/sdk_win_64/sdk_win_64/winavr/bin/../lib/gcc/avr/4.3.3/avr5\libgcc.a(_thenan_sf.o)
                0x00800382                __thenan_sf
 .data          0x0080038a        0x0 c:/users/ismail/downloads/amit/sdk_win_64/sdk_win_64/winavr/bin/../lib/gcc/avr/4.3.3/avr5\libgcc.a(_usi_to_sf.o)
 .data          0x0080038a        0x0 c:/users/ismail/downloads/amit/sdk_win_64/sdk_win_64/winavr/bin/../lib/gcc/avr/4.3.3/avr5\libgcc.a(_udivmodhi4.o)
 .data          0x0080038a        0x0 c:/users/ismail/downloads/amit/sdk_win_64/sdk_win_64/winavr/bin/../lib/gcc/avr/4.3.3/avr5\libgcc.a(_prologue.o)
 .data          0x0080038a        0x0 c:/users/ismail/downloads/amit/sdk_win_64/sdk_win_64/winavr/bin/../lib/gcc/avr/4.3.3/avr5\libgcc.a(_epilogue.o)
 .data          0x0080038a        0x0 c:/users/ismail/downloads/amit/sdk_win_64/sdk_win_64/winavr/bin/../lib/gcc/avr/4.3.3/avr5\libgcc.a(_clzsi2.o)
 .data          0x0080038a        0x0 c:/users/ismail/downloads/amit/sdk_win_64/sdk_win_64/winavr/bin/../lib/gcc/avr/4.3.3/avr5\libgcc.a(_pack_sf.o)
 .data          0x0080038a        0x0 c:/users/ismail/downloads/amit/sdk_win_64/sdk_win_64/winavr/bin/../lib/gcc/avr/4.3.3/avr5\libgcc.a(_unpack_sf.o)
 .data          0x0080038a        0x0 c:/users/ismail/downloads/amit/sdk_win_64/sdk_win_64/winavr/bin/../lib/gcc/avr/4.3.3/avr5\libgcc.a(_fpcmp_parts_sf.o)
 .data          0x0080038a      0x100 c:/users/ismail/downloads/amit/sdk_win_64/sdk_win_64/winavr/bin/../lib/gcc/avr/4.3.3/avr5\libgcc.a(_clz.o)
                0x0080038a                __clz_tab
 *(.data*)
 .data.HKPD_SwitchValues
                0x0080048a       0x10 ./HAL/HKPD/HKPD_Program.o
                0x0080048a                HKPD_SwitchValues
 *(.rodata)
 *(.rodata*)
 .rodata.C.0.1367
                0x0080049a       0x10 ./HAL/HKPD/HKPD_Program.o
 .rodata.C.1.1626
                0x008004aa        0x3 ./main.o
 *(.gnu.linkonce.d*)
                0x008004ae                . = ALIGN (0x2)
 *fill*         0x008004ad        0x1 00
                0x008004ae                _edata = .
                0x008004ae                PROVIDE (__data_end, .)

.bss            0x008004ae       0x19
                0x008004ae                PROVIDE (__bss_start, .)
 *(.bss)
 .bss           0x008004ae        0x0 c:/users/ismail/downloads/amit/sdk_win_64/sdk_win_64/winavr/bin/../lib/gcc/avr/4.3.3/../../../../avr/lib/avr5/crtm32.o
 .bss           0x008004ae        0x0 ./MCAL/MUSART/MUSART_Program.o
 .bss           0x008004ae        0x0 ./MCAL/MTWI/MTWI_Program.o
 .bss           0x008004ae        0x0 ./MCAL/MTIMER2/MTIMER2_Program.o
 .bss           0x008004ae        0x0 ./MCAL/MTIMER1/MTIMER1_Program.o
 .bss           0x008004ae        0x0 ./MCAL/MTIMER0/MTIMER0_Program.o
 .bss           0x008004ae        0x0 ./MCAL/MSPI/MSPI_Program.o
 .bss           0x008004ae        0x0 ./MCAL/MGIE/MGIE_Program.o
 .bss           0x008004ae        0x0 ./MCAL/MEXIT/MEXIT_Program.o
 .bss           0x008004ae        0x0 ./MCAL/MDIO/MDIO_Program.o
 .bss           0x008004ae        0x0 ./MCAL/MADC/MADC_Program.o
 .bss           0x008004ae        0x0 ./HAL/HSevenSegment/HSevenSegment_Program.o
 .bss           0x008004ae        0x0 ./HAL/HServoMotor/HServoMotor_Program.o
 .bss           0x008004ae        0x0 ./HAL/HRELAY/HRELAY_Program.o
 .bss           0x008004ae        0x0 ./HAL/HPushButton/HPushButton_Program.o
 .bss           0x008004ae        0x0 ./HAL/HLM35/HLM35_Program.o
 .bss           0x008004ae        0x0 ./HAL/HLED/HLED_Program.o
 .bss           0x008004ae        0x0 ./HAL/HKPD/HKPD_Program.o
 .bss           0x008004ae        0x0 ./HAL/HHC05/HC05_Program.o
 .bss           0x008004ae        0x0 ./HAL/HEEPROM/HEEPROM_Program.o
 .bss           0x008004ae        0x0 ./HAL/HDimmer/Dimmer_Program.o
 .bss           0x008004ae        0x0 ./HAL/HDCMotor/HDC_Motor_Program.o
 .bss           0x008004ae        0x0 ./HAL/HCLCD/HCLCD_Program.o
 .bss           0x008004ae        0x0 ./HAL/HBUZZER/HBUZZER_Program.o
 .bss           0x008004ae        0x0 ./Application/Application.o
 .bss           0x008004ae        0x0 ./main.o
 .bss           0x008004ae        0x0 c:/users/ismail/downloads/amit/sdk_win_64/sdk_win_64/winavr/bin/../lib/gcc/avr/4.3.3/avr5\libgcc.a(_mulsi3.o)
 .bss           0x008004ae        0x0 c:/users/ismail/downloads/amit/sdk_win_64/sdk_win_64/winavr/bin/../lib/gcc/avr/4.3.3/avr5\libgcc.a(_divmodhi4.o)
 .bss           0x008004ae        0x0 c:/users/ismail/downloads/amit/sdk_win_64/sdk_win_64/winavr/bin/../lib/gcc/avr/4.3.3/avr5\libgcc.a(_udivmodsi4.o)
 .bss           0x008004ae        0x0 c:/users/ismail/downloads/amit/sdk_win_64/sdk_win_64/winavr/bin/../lib/gcc/avr/4.3.3/avr5\libgcc.a(_divmodsi4.o)
 .bss           0x008004ae        0x0 c:/users/ismail/downloads/amit/sdk_win_64/sdk_win_64/winavr/bin/../lib/gcc/avr/4.3.3/avr5\libgcc.a(_exit.o)
 .bss           0x008004ae        0x0 c:/users/ismail/downloads/amit/sdk_win_64/sdk_win_64/winavr/bin/../lib/gcc/avr/4.3.3/avr5\libgcc.a(_copy_data.o)
 .bss           0x008004ae        0x0 c:/users/ismail/downloads/amit/sdk_win_64/sdk_win_64/winavr/bin/../lib/gcc/avr/4.3.3/avr5\libgcc.a(_clear_bss.o)
 .bss           0x008004ae        0x0 c:/users/ismail/downloads/amit/sdk_win_64/sdk_win_64/winavr/bin/../lib/gcc/avr/4.3.3/avr5\libgcc.a(_fixunssfsi.o)
 .bss           0x008004ae        0x0 c:/users/ismail/downloads/amit/sdk_win_64/sdk_win_64/winavr/bin/../lib/gcc/avr/4.3.3/avr5\libgcc.a(_addsub_sf.o)
 .bss           0x008004ae        0x0 c:/users/ismail/downloads/amit/sdk_win_64/sdk_win_64/winavr/bin/../lib/gcc/avr/4.3.3/avr5\libgcc.a(_mul_sf.o)
 .bss           0x008004ae        0x0 c:/users/ismail/downloads/amit/sdk_win_64/sdk_win_64/winavr/bin/../lib/gcc/avr/4.3.3/avr5\libgcc.a(_div_sf.o)
 .bss           0x008004ae        0x0 c:/users/ismail/downloads/amit/sdk_win_64/sdk_win_64/winavr/bin/../lib/gcc/avr/4.3.3/avr5\libgcc.a(_gt_sf.o)
 .bss           0x008004ae        0x0 c:/users/ismail/downloads/amit/sdk_win_64/sdk_win_64/winavr/bin/../lib/gcc/avr/4.3.3/avr5\libgcc.a(_ge_sf.o)
 .bss           0x008004ae        0x0 c:/users/ismail/downloads/amit/sdk_win_64/sdk_win_64/winavr/bin/../lib/gcc/avr/4.3.3/avr5\libgcc.a(_lt_sf.o)
 .bss           0x008004ae        0x0 c:/users/ismail/downloads/amit/sdk_win_64/sdk_win_64/winavr/bin/../lib/gcc/avr/4.3.3/avr5\libgcc.a(_le_sf.o)
 .bss           0x008004ae        0x0 c:/users/ismail/downloads/amit/sdk_win_64/sdk_win_64/winavr/bin/../lib/gcc/avr/4.3.3/avr5\libgcc.a(_sf_to_si.o)
 .bss           0x008004ae        0x0 c:/users/ismail/downloads/amit/sdk_win_64/sdk_win_64/winavr/bin/../lib/gcc/avr/4.3.3/avr5\libgcc.a(_thenan_sf.o)
 .bss           0x008004ae        0x0 c:/users/ismail/downloads/amit/sdk_win_64/sdk_win_64/winavr/bin/../lib/gcc/avr/4.3.3/avr5\libgcc.a(_usi_to_sf.o)
 .bss           0x008004ae        0x0 c:/users/ismail/downloads/amit/sdk_win_64/sdk_win_64/winavr/bin/../lib/gcc/avr/4.3.3/avr5\libgcc.a(_udivmodhi4.o)
 .bss           0x008004ae        0x0 c:/users/ismail/downloads/amit/sdk_win_64/sdk_win_64/winavr/bin/../lib/gcc/avr/4.3.3/avr5\libgcc.a(_prologue.o)
 .bss           0x008004ae        0x0 c:/users/ismail/downloads/amit/sdk_win_64/sdk_win_64/winavr/bin/../lib/gcc/avr/4.3.3/avr5\libgcc.a(_epilogue.o)
 .bss           0x008004ae        0x0 c:/users/ismail/downloads/amit/sdk_win_64/sdk_win_64/winavr/bin/../lib/gcc/avr/4.3.3/avr5\libgcc.a(_clzsi2.o)
 .bss           0x008004ae        0x0 c:/users/ismail/downloads/amit/sdk_win_64/sdk_win_64/winavr/bin/../lib/gcc/avr/4.3.3/avr5\libgcc.a(_pack_sf.o)
 .bss           0x008004ae        0x0 c:/users/ismail/downloads/amit/sdk_win_64/sdk_win_64/winavr/bin/../lib/gcc/avr/4.3.3/avr5\libgcc.a(_unpack_sf.o)
 .bss           0x008004ae        0x0 c:/users/ismail/downloads/amit/sdk_win_64/sdk_win_64/winavr/bin/../lib/gcc/avr/4.3.3/avr5\libgcc.a(_fpcmp_parts_sf.o)
 .bss           0x008004ae        0x0 c:/users/ismail/downloads/amit/sdk_win_64/sdk_win_64/winavr/bin/../lib/gcc/avr/4.3.3/avr5\libgcc.a(_clz.o)
 *(.bss*)
 .bss.Timer2u32NumberofOVFs
                0x008004ae        0x4 ./MCAL/MTIMER2/MTIMER2_Program.o
                0x008004ae                Timer2u32NumberofOVFs
 .bss.MTimer2u32NumOfCompareMatches
                0x008004b2        0x4 ./MCAL/MTIMER2/MTIMER2_Program.o
                0x008004b2                MTimer2u32NumOfCompareMatches
 .bss.MTimer2u8RemainingTicks
                0x008004b6        0x1 ./MCAL/MTIMER2/MTIMER2_Program.o
                0x008004b6                MTimer2u8RemainingTicks
 .bss.MTimer2voidCallBack
                0x008004b7        0x2 ./MCAL/MTIMER2/MTIMER2_Program.o
                0x008004b7                MTimer2voidCallBack
 .bss.GLOB_VidTimer1OVFPtrCallBack
                0x008004b9        0x2 ./MCAL/MTIMER1/MTIMER1_Program.o
                0x008004b9                GLOB_VidTimer1OVFPtrCallBack
 .bss.GLOB_VidTimer1OCAPtrCallBack
                0x008004bb        0x2 ./MCAL/MTIMER1/MTIMER1_Program.o
                0x008004bb                GLOB_VidTimer1OCAPtrCallBack
 .bss.GLOB_VidTimer1OCBPtrCallBack
                0x008004bd        0x2 ./MCAL/MTIMER1/MTIMER1_Program.o
                0x008004bd                GLOB_VidTimer1OCBPtrCallBack
 .bss.GLOB_VidTimer1CaptureEventPtrCallBack
                0x008004bf        0x2 ./MCAL/MTIMER1/MTIMER1_Program.o
                0x008004bf                GLOB_VidTimer1CaptureEventPtrCallBack
 .bss.Glob_OverflowISR_Ptr
                0x008004c1        0x2 ./MCAL/MTIMER0/MTIMER0_Program.o
                0x008004c1                Glob_OverflowISR_Ptr
 .bss.Glob_CTC_ISR_Ptr
                0x008004c3        0x2 ./MCAL/MTIMER0/MTIMER0_Program.o
                0x008004c3                Glob_CTC_ISR_Ptr
 .bss.Global_Pointer
                0x008004c5        0x2 ./MCAL/MEXIT/MEXIT_Program.o
                0x008004c5                Global_Pointer
 *(COMMON)
                0x008004c7                PROVIDE (__bss_end, .)
                0x0000aae8                __data_load_start = LOADADDR (.data)
                0x0000af36                __data_load_end = (__data_load_start + SIZEOF (.data))

.noinit         0x008004c7        0x0
                0x008004c7                PROVIDE (__noinit_start, .)
 *(.noinit*)
                0x008004c7                PROVIDE (__noinit_end, .)
                0x008004c7                _end = .
                0x008004c7                PROVIDE (__heap_start, .)

.eeprom         0x00810000        0x0
 *(.eeprom*)
                0x00810000                __eeprom_end = .

.fuse
 *(.fuse)
 *(.lfuse)
 *(.hfuse)
 *(.efuse)

.lock
 *(.lock*)

.signature
 *(.signature*)

.stab           0x00000000     0xba48
 *(.stab)
 .stab          0x00000000      0x714 ./MCAL/MUSART/MUSART_Program.o
 .stab          0x00000714     0x1038 ./MCAL/MTWI/MTWI_Program.o
                               0x11c4 (size before relaxing)
 .stab          0x0000174c      0x504 ./MCAL/MTIMER2/MTIMER2_Program.o
                                0x510 (size before relaxing)
 .stab          0x00001c50      0xb7c ./MCAL/MTIMER1/MTIMER1_Program.o
                                0xb88 (size before relaxing)
 .stab          0x000027cc      0x534 ./MCAL/MTIMER0/MTIMER0_Program.o
                                0x540 (size before relaxing)
 .stab          0x00002d00      0x2e8 ./MCAL/MSPI/MSPI_Program.o
                                0x2f4 (size before relaxing)
 .stab          0x00002fe8      0x1e0 ./MCAL/MGIE/MGIE_Program.o
                                0x1ec (size before relaxing)
 .stab          0x000031c8      0x2a0 ./MCAL/MEXIT/MEXIT_Program.o
                                0x2ac (size before relaxing)
 .stab          0x00003468      0x870 ./MCAL/MDIO/MDIO_Program.o
                                0x87c (size before relaxing)
 .stab          0x00003cd8      0x27c ./MCAL/MADC/MADC_Program.o
                                0x288 (size before relaxing)
 .stab          0x00003f54      0x4f8 ./HAL/HSevenSegment/HSevenSegment_Program.o
                                0x504 (size before relaxing)
 .stab          0x0000444c      0x27c ./HAL/HServoMotor/HServoMotor_Program.o
                                0x288 (size before relaxing)
 .stab          0x000046c8      0x240 ./HAL/HRELAY/HRELAY_Program.o
                                0x24c (size before relaxing)
 .stab          0x00004908      0x24c ./HAL/HPushButton/HPushButton_Program.o
                                0x258 (size before relaxing)
 .stab          0x00004b54      0x264 ./HAL/HLM35/HLM35_Program.o
                                0x270 (size before relaxing)
 .stab          0x00004db8      0x594 ./HAL/HLED/HLED_Program.o
                                0x72c (size before relaxing)
 .stab          0x0000534c     0x1074 ./HAL/HKPD/HKPD_Program.o
                               0x120c (size before relaxing)
 .stab          0x000063c0      0x2c4 ./HAL/HHC05/HC05_Program.o
                                0x45c (size before relaxing)
 .stab          0x00006684      0x45c ./HAL/HEEPROM/HEEPROM_Program.o
                                0x5f4 (size before relaxing)
 .stab          0x00006ae0      0x2b8 ./HAL/HDimmer/Dimmer_Program.o
                                0x450 (size before relaxing)
 .stab          0x00006d98      0x300 ./HAL/HDCMotor/HDC_Motor_Program.o
                                0x30c (size before relaxing)
 .stab          0x00007098      0xcc0 ./HAL/HCLCD/HCLCD_Program.o
                                0xe58 (size before relaxing)
 .stab          0x00007d58      0x384 ./HAL/HBUZZER/HBUZZER_Program.o
                                0x51c (size before relaxing)
 .stab          0x000080dc     0x2a78 ./Application/Application.o
                               0x2c10 (size before relaxing)
 .stab          0x0000ab54      0xef4 ./main.o
                               0x11f4 (size before relaxing)

.stabstr        0x00000000     0x3fcb
 *(.stabstr)
 .stabstr       0x00000000     0x3fcb ./MCAL/MUSART/MUSART_Program.o

.stab.excl
 *(.stab.excl)

.stab.exclstr
 *(.stab.exclstr)

.stab.index
 *(.stab.index)

.stab.indexstr
 *(.stab.indexstr)

.comment
 *(.comment)

.debug
 *(.debug)

.line
 *(.line)

.debug_srcinfo
 *(.debug_srcinfo)

.debug_sfnames
 *(.debug_sfnames)

.debug_aranges  0x00000000      0x1c0
 *(.debug_aranges)
 .debug_aranges
                0x00000000       0x20 c:/users/ismail/downloads/amit/sdk_win_64/sdk_win_64/winavr/bin/../lib/gcc/avr/4.3.3/avr5\libgcc.a(_fixunssfsi.o)
 .debug_aranges
                0x00000020       0x20 c:/users/ismail/downloads/amit/sdk_win_64/sdk_win_64/winavr/bin/../lib/gcc/avr/4.3.3/avr5\libgcc.a(_addsub_sf.o)
 .debug_aranges
                0x00000040       0x20 c:/users/ismail/downloads/amit/sdk_win_64/sdk_win_64/winavr/bin/../lib/gcc/avr/4.3.3/avr5\libgcc.a(_mul_sf.o)
 .debug_aranges
                0x00000060       0x20 c:/users/ismail/downloads/amit/sdk_win_64/sdk_win_64/winavr/bin/../lib/gcc/avr/4.3.3/avr5\libgcc.a(_div_sf.o)
 .debug_aranges
                0x00000080       0x20 c:/users/ismail/downloads/amit/sdk_win_64/sdk_win_64/winavr/bin/../lib/gcc/avr/4.3.3/avr5\libgcc.a(_gt_sf.o)
 .debug_aranges
                0x000000a0       0x20 c:/users/ismail/downloads/amit/sdk_win_64/sdk_win_64/winavr/bin/../lib/gcc/avr/4.3.3/avr5\libgcc.a(_ge_sf.o)
 .debug_aranges
                0x000000c0       0x20 c:/users/ismail/downloads/amit/sdk_win_64/sdk_win_64/winavr/bin/../lib/gcc/avr/4.3.3/avr5\libgcc.a(_lt_sf.o)
 .debug_aranges
                0x000000e0       0x20 c:/users/ismail/downloads/amit/sdk_win_64/sdk_win_64/winavr/bin/../lib/gcc/avr/4.3.3/avr5\libgcc.a(_le_sf.o)
 .debug_aranges
                0x00000100       0x20 c:/users/ismail/downloads/amit/sdk_win_64/sdk_win_64/winavr/bin/../lib/gcc/avr/4.3.3/avr5\libgcc.a(_sf_to_si.o)
 .debug_aranges
                0x00000120       0x20 c:/users/ismail/downloads/amit/sdk_win_64/sdk_win_64/winavr/bin/../lib/gcc/avr/4.3.3/avr5\libgcc.a(_usi_to_sf.o)
 .debug_aranges
                0x00000140       0x20 c:/users/ismail/downloads/amit/sdk_win_64/sdk_win_64/winavr/bin/../lib/gcc/avr/4.3.3/avr5\libgcc.a(_clzsi2.o)
 .debug_aranges
                0x00000160       0x20 c:/users/ismail/downloads/amit/sdk_win_64/sdk_win_64/winavr/bin/../lib/gcc/avr/4.3.3/avr5\libgcc.a(_pack_sf.o)
 .debug_aranges
                0x00000180       0x20 c:/users/ismail/downloads/amit/sdk_win_64/sdk_win_64/winavr/bin/../lib/gcc/avr/4.3.3/avr5\libgcc.a(_unpack_sf.o)
 .debug_aranges
                0x000001a0       0x20 c:/users/ismail/downloads/amit/sdk_win_64/sdk_win_64/winavr/bin/../lib/gcc/avr/4.3.3/avr5\libgcc.a(_fpcmp_parts_sf.o)

.debug_pubnames
                0x00000000      0x210
 *(.debug_pubnames)
 .debug_pubnames
                0x00000000       0x23 c:/users/ismail/downloads/amit/sdk_win_64/sdk_win_64/winavr/bin/../lib/gcc/avr/4.3.3/avr5\libgcc.a(_fixunssfsi.o)
 .debug_pubnames
                0x00000023       0x2c c:/users/ismail/downloads/amit/sdk_win_64/sdk_win_64/winavr/bin/../lib/gcc/avr/4.3.3/avr5\libgcc.a(_addsub_sf.o)
 .debug_pubnames
                0x0000004f       0x1f c:/users/ismail/downloads/amit/sdk_win_64/sdk_win_64/winavr/bin/../lib/gcc/avr/4.3.3/avr5\libgcc.a(_mul_sf.o)
 .debug_pubnames
                0x0000006e       0x1f c:/users/ismail/downloads/amit/sdk_win_64/sdk_win_64/winavr/bin/../lib/gcc/avr/4.3.3/avr5\libgcc.a(_div_sf.o)
 .debug_pubnames
                0x0000008d       0x1e c:/users/ismail/downloads/amit/sdk_win_64/sdk_win_64/winavr/bin/../lib/gcc/avr/4.3.3/avr5\libgcc.a(_gt_sf.o)
 .debug_pubnames
                0x000000ab       0x1e c:/users/ismail/downloads/amit/sdk_win_64/sdk_win_64/winavr/bin/../lib/gcc/avr/4.3.3/avr5\libgcc.a(_ge_sf.o)
 .debug_pubnames
                0x000000c9       0x1e c:/users/ismail/downloads/amit/sdk_win_64/sdk_win_64/winavr/bin/../lib/gcc/avr/4.3.3/avr5\libgcc.a(_lt_sf.o)
 .debug_pubnames
                0x000000e7       0x1e c:/users/ismail/downloads/amit/sdk_win_64/sdk_win_64/winavr/bin/../lib/gcc/avr/4.3.3/avr5\libgcc.a(_le_sf.o)
 .debug_pubnames
                0x00000105       0x20 c:/users/ismail/downloads/amit/sdk_win_64/sdk_win_64/winavr/bin/../lib/gcc/avr/4.3.3/avr5\libgcc.a(_sf_to_si.o)
 .debug_pubnames
                0x00000125       0x22 c:/users/ismail/downloads/amit/sdk_win_64/sdk_win_64/winavr/bin/../lib/gcc/avr/4.3.3/avr5\libgcc.a(_thenan_sf.o)
 .debug_pubnames
                0x00000147       0x24 c:/users/ismail/downloads/amit/sdk_win_64/sdk_win_64/winavr/bin/../lib/gcc/avr/4.3.3/avr5\libgcc.a(_usi_to_sf.o)
 .debug_pubnames
                0x0000016b       0x1f c:/users/ismail/downloads/amit/sdk_win_64/sdk_win_64/winavr/bin/../lib/gcc/avr/4.3.3/avr5\libgcc.a(_clzsi2.o)
 .debug_pubnames
                0x0000018a       0x1f c:/users/ismail/downloads/amit/sdk_win_64/sdk_win_64/winavr/bin/../lib/gcc/avr/4.3.3/avr5\libgcc.a(_pack_sf.o)
 .debug_pubnames
                0x000001a9       0x21 c:/users/ismail/downloads/amit/sdk_win_64/sdk_win_64/winavr/bin/../lib/gcc/avr/4.3.3/avr5\libgcc.a(_unpack_sf.o)
 .debug_pubnames
                0x000001ca       0x26 c:/users/ismail/downloads/amit/sdk_win_64/sdk_win_64/winavr/bin/../lib/gcc/avr/4.3.3/avr5\libgcc.a(_fpcmp_parts_sf.o)
 .debug_pubnames
                0x000001f0       0x20 c:/users/ismail/downloads/amit/sdk_win_64/sdk_win_64/winavr/bin/../lib/gcc/avr/4.3.3/avr5\libgcc.a(_clz.o)

.debug_info     0x00000000     0x268a
 *(.debug_info)
 .debug_info    0x00000000       0xb1 c:/users/ismail/downloads/amit/sdk_win_64/sdk_win_64/winavr/bin/../lib/gcc/avr/4.3.3/avr5\libgcc.a(_fixunssfsi.o)
 .debug_info    0x000000b1      0x47a c:/users/ismail/downloads/amit/sdk_win_64/sdk_win_64/winavr/bin/../lib/gcc/avr/4.3.3/avr5\libgcc.a(_addsub_sf.o)
 .debug_info    0x0000052b      0x485 c:/users/ismail/downloads/amit/sdk_win_64/sdk_win_64/winavr/bin/../lib/gcc/avr/4.3.3/avr5\libgcc.a(_mul_sf.o)
 .debug_info    0x000009b0      0x3fc c:/users/ismail/downloads/amit/sdk_win_64/sdk_win_64/winavr/bin/../lib/gcc/avr/4.3.3/avr5\libgcc.a(_div_sf.o)
 .debug_info    0x00000dac      0x27f c:/users/ismail/downloads/amit/sdk_win_64/sdk_win_64/winavr/bin/../lib/gcc/avr/4.3.3/avr5\libgcc.a(_gt_sf.o)
 .debug_info    0x0000102b      0x27f c:/users/ismail/downloads/amit/sdk_win_64/sdk_win_64/winavr/bin/../lib/gcc/avr/4.3.3/avr5\libgcc.a(_ge_sf.o)
 .debug_info    0x000012aa      0x27f c:/users/ismail/downloads/amit/sdk_win_64/sdk_win_64/winavr/bin/../lib/gcc/avr/4.3.3/avr5\libgcc.a(_lt_sf.o)
 .debug_info    0x00001529      0x27f c:/users/ismail/downloads/amit/sdk_win_64/sdk_win_64/winavr/bin/../lib/gcc/avr/4.3.3/avr5\libgcc.a(_le_sf.o)
 .debug_info    0x000017a8      0x2b0 c:/users/ismail/downloads/amit/sdk_win_64/sdk_win_64/winavr/bin/../lib/gcc/avr/4.3.3/avr5\libgcc.a(_sf_to_si.o)
 .debug_info    0x00001a58      0x12c c:/users/ismail/downloads/amit/sdk_win_64/sdk_win_64/winavr/bin/../lib/gcc/avr/4.3.3/avr5\libgcc.a(_thenan_sf.o)
 .debug_info    0x00001b84      0x206 c:/users/ismail/downloads/amit/sdk_win_64/sdk_win_64/winavr/bin/../lib/gcc/avr/4.3.3/avr5\libgcc.a(_usi_to_sf.o)
 .debug_info    0x00001d8a      0x117 c:/users/ismail/downloads/amit/sdk_win_64/sdk_win_64/winavr/bin/../lib/gcc/avr/4.3.3/avr5\libgcc.a(_clzsi2.o)
 .debug_info    0x00001ea1      0x2df c:/users/ismail/downloads/amit/sdk_win_64/sdk_win_64/winavr/bin/../lib/gcc/avr/4.3.3/avr5\libgcc.a(_pack_sf.o)
 .debug_info    0x00002180      0x251 c:/users/ismail/downloads/amit/sdk_win_64/sdk_win_64/winavr/bin/../lib/gcc/avr/4.3.3/avr5\libgcc.a(_unpack_sf.o)
 .debug_info    0x000023d1      0x210 c:/users/ismail/downloads/amit/sdk_win_64/sdk_win_64/winavr/bin/../lib/gcc/avr/4.3.3/avr5\libgcc.a(_fpcmp_parts_sf.o)
 .debug_info    0x000025e1       0xa9 c:/users/ismail/downloads/amit/sdk_win_64/sdk_win_64/winavr/bin/../lib/gcc/avr/4.3.3/avr5\libgcc.a(_clz.o)
 *(.gnu.linkonce.wi.*)

.debug_abbrev   0x00000000     0x14e0
 *(.debug_abbrev)
 .debug_abbrev  0x00000000       0x5d c:/users/ismail/downloads/amit/sdk_win_64/sdk_win_64/winavr/bin/../lib/gcc/avr/4.3.3/avr5\libgcc.a(_fixunssfsi.o)
 .debug_abbrev  0x0000005d      0x1ea c:/users/ismail/downloads/amit/sdk_win_64/sdk_win_64/winavr/bin/../lib/gcc/avr/4.3.3/avr5\libgcc.a(_addsub_sf.o)
 .debug_abbrev  0x00000247      0x21b c:/users/ismail/downloads/amit/sdk_win_64/sdk_win_64/winavr/bin/../lib/gcc/avr/4.3.3/avr5\libgcc.a(_mul_sf.o)
 .debug_abbrev  0x00000462      0x216 c:/users/ismail/downloads/amit/sdk_win_64/sdk_win_64/winavr/bin/../lib/gcc/avr/4.3.3/avr5\libgcc.a(_div_sf.o)
 .debug_abbrev  0x00000678      0x15a c:/users/ismail/downloads/amit/sdk_win_64/sdk_win_64/winavr/bin/../lib/gcc/avr/4.3.3/avr5\libgcc.a(_gt_sf.o)
 .debug_abbrev  0x000007d2      0x15a c:/users/ismail/downloads/amit/sdk_win_64/sdk_win_64/winavr/bin/../lib/gcc/avr/4.3.3/avr5\libgcc.a(_ge_sf.o)
 .debug_abbrev  0x0000092c      0x15a c:/users/ismail/downloads/amit/sdk_win_64/sdk_win_64/winavr/bin/../lib/gcc/avr/4.3.3/avr5\libgcc.a(_lt_sf.o)
 .debug_abbrev  0x00000a86      0x15a c:/users/ismail/downloads/amit/sdk_win_64/sdk_win_64/winavr/bin/../lib/gcc/avr/4.3.3/avr5\libgcc.a(_le_sf.o)
 .debug_abbrev  0x00000be0      0x17f c:/users/ismail/downloads/amit/sdk_win_64/sdk_win_64/winavr/bin/../lib/gcc/avr/4.3.3/avr5\libgcc.a(_sf_to_si.o)
 .debug_abbrev  0x00000d5f       0xad c:/users/ismail/downloads/amit/sdk_win_64/sdk_win_64/winavr/bin/../lib/gcc/avr/4.3.3/avr5\libgcc.a(_thenan_sf.o)
 .debug_abbrev  0x00000e0c      0x157 c:/users/ismail/downloads/amit/sdk_win_64/sdk_win_64/winavr/bin/../lib/gcc/avr/4.3.3/avr5\libgcc.a(_usi_to_sf.o)
 .debug_abbrev  0x00000f63       0xc4 c:/users/ismail/downloads/amit/sdk_win_64/sdk_win_64/winavr/bin/../lib/gcc/avr/4.3.3/avr5\libgcc.a(_clzsi2.o)
 .debug_abbrev  0x00001027      0x1c0 c:/users/ismail/downloads/amit/sdk_win_64/sdk_win_64/winavr/bin/../lib/gcc/avr/4.3.3/avr5\libgcc.a(_pack_sf.o)
 .debug_abbrev  0x000011e7      0x154 c:/users/ismail/downloads/amit/sdk_win_64/sdk_win_64/winavr/bin/../lib/gcc/avr/4.3.3/avr5\libgcc.a(_unpack_sf.o)
 .debug_abbrev  0x0000133b      0x13b c:/users/ismail/downloads/amit/sdk_win_64/sdk_win_64/winavr/bin/../lib/gcc/avr/4.3.3/avr5\libgcc.a(_fpcmp_parts_sf.o)
 .debug_abbrev  0x00001476       0x6a c:/users/ismail/downloads/amit/sdk_win_64/sdk_win_64/winavr/bin/../lib/gcc/avr/4.3.3/avr5\libgcc.a(_clz.o)

.debug_line     0x00000000     0x12a9
 *(.debug_line)
 .debug_line    0x00000000       0xa7 c:/users/ismail/downloads/amit/sdk_win_64/sdk_win_64/winavr/bin/../lib/gcc/avr/4.3.3/avr5\libgcc.a(_fixunssfsi.o)
 .debug_line    0x000000a7      0x2af c:/users/ismail/downloads/amit/sdk_win_64/sdk_win_64/winavr/bin/../lib/gcc/avr/4.3.3/avr5\libgcc.a(_addsub_sf.o)
 .debug_line    0x00000356      0x239 c:/users/ismail/downloads/amit/sdk_win_64/sdk_win_64/winavr/bin/../lib/gcc/avr/4.3.3/avr5\libgcc.a(_mul_sf.o)
 .debug_line    0x0000058f      0x1d5 c:/users/ismail/downloads/amit/sdk_win_64/sdk_win_64/winavr/bin/../lib/gcc/avr/4.3.3/avr5\libgcc.a(_div_sf.o)
 .debug_line    0x00000764       0xd3 c:/users/ismail/downloads/amit/sdk_win_64/sdk_win_64/winavr/bin/../lib/gcc/avr/4.3.3/avr5\libgcc.a(_gt_sf.o)
 .debug_line    0x00000837       0xd3 c:/users/ismail/downloads/amit/sdk_win_64/sdk_win_64/winavr/bin/../lib/gcc/avr/4.3.3/avr5\libgcc.a(_ge_sf.o)
 .debug_line    0x0000090a       0xd3 c:/users/ismail/downloads/amit/sdk_win_64/sdk_win_64/winavr/bin/../lib/gcc/avr/4.3.3/avr5\libgcc.a(_lt_sf.o)
 .debug_line    0x000009dd       0xd3 c:/users/ismail/downloads/amit/sdk_win_64/sdk_win_64/winavr/bin/../lib/gcc/avr/4.3.3/avr5\libgcc.a(_le_sf.o)
 .debug_line    0x00000ab0      0x109 c:/users/ismail/downloads/amit/sdk_win_64/sdk_win_64/winavr/bin/../lib/gcc/avr/4.3.3/avr5\libgcc.a(_sf_to_si.o)
 .debug_line    0x00000bb9       0x90 c:/users/ismail/downloads/amit/sdk_win_64/sdk_win_64/winavr/bin/../lib/gcc/avr/4.3.3/avr5\libgcc.a(_thenan_sf.o)
 .debug_line    0x00000c49      0x133 c:/users/ismail/downloads/amit/sdk_win_64/sdk_win_64/winavr/bin/../lib/gcc/avr/4.3.3/avr5\libgcc.a(_usi_to_sf.o)
 .debug_line    0x00000d7c       0xa5 c:/users/ismail/downloads/amit/sdk_win_64/sdk_win_64/winavr/bin/../lib/gcc/avr/4.3.3/avr5\libgcc.a(_clzsi2.o)
 .debug_line    0x00000e21      0x18a c:/users/ismail/downloads/amit/sdk_win_64/sdk_win_64/winavr/bin/../lib/gcc/avr/4.3.3/avr5\libgcc.a(_pack_sf.o)
 .debug_line    0x00000fab      0x14b c:/users/ismail/downloads/amit/sdk_win_64/sdk_win_64/winavr/bin/../lib/gcc/avr/4.3.3/avr5\libgcc.a(_unpack_sf.o)
 .debug_line    0x000010f6      0x137 c:/users/ismail/downloads/amit/sdk_win_64/sdk_win_64/winavr/bin/../lib/gcc/avr/4.3.3/avr5\libgcc.a(_fpcmp_parts_sf.o)
 .debug_line    0x0000122d       0x7c c:/users/ismail/downloads/amit/sdk_win_64/sdk_win_64/winavr/bin/../lib/gcc/avr/4.3.3/avr5\libgcc.a(_clz.o)

.debug_frame    0x00000000      0x1e0
 *(.debug_frame)
 .debug_frame   0x00000000       0x20 c:/users/ismail/downloads/amit/sdk_win_64/sdk_win_64/winavr/bin/../lib/gcc/avr/4.3.3/avr5\libgcc.a(_fixunssfsi.o)
 .debug_frame   0x00000020       0x40 c:/users/ismail/downloads/amit/sdk_win_64/sdk_win_64/winavr/bin/../lib/gcc/avr/4.3.3/avr5\libgcc.a(_addsub_sf.o)
 .debug_frame   0x00000060       0x20 c:/users/ismail/downloads/amit/sdk_win_64/sdk_win_64/winavr/bin/../lib/gcc/avr/4.3.3/avr5\libgcc.a(_mul_sf.o)
 .debug_frame   0x00000080       0x20 c:/users/ismail/downloads/amit/sdk_win_64/sdk_win_64/winavr/bin/../lib/gcc/avr/4.3.3/avr5\libgcc.a(_div_sf.o)
 .debug_frame   0x000000a0       0x20 c:/users/ismail/downloads/amit/sdk_win_64/sdk_win_64/winavr/bin/../lib/gcc/avr/4.3.3/avr5\libgcc.a(_gt_sf.o)
 .debug_frame   0x000000c0       0x20 c:/users/ismail/downloads/amit/sdk_win_64/sdk_win_64/winavr/bin/../lib/gcc/avr/4.3.3/avr5\libgcc.a(_ge_sf.o)
 .debug_frame   0x000000e0       0x20 c:/users/ismail/downloads/amit/sdk_win_64/sdk_win_64/winavr/bin/../lib/gcc/avr/4.3.3/avr5\libgcc.a(_lt_sf.o)
 .debug_frame   0x00000100       0x20 c:/users/ismail/downloads/amit/sdk_win_64/sdk_win_64/winavr/bin/../lib/gcc/avr/4.3.3/avr5\libgcc.a(_le_sf.o)
 .debug_frame   0x00000120       0x20 c:/users/ismail/downloads/amit/sdk_win_64/sdk_win_64/winavr/bin/../lib/gcc/avr/4.3.3/avr5\libgcc.a(_sf_to_si.o)
 .debug_frame   0x00000140       0x20 c:/users/ismail/downloads/amit/sdk_win_64/sdk_win_64/winavr/bin/../lib/gcc/avr/4.3.3/avr5\libgcc.a(_usi_to_sf.o)
 .debug_frame   0x00000160       0x20 c:/users/ismail/downloads/amit/sdk_win_64/sdk_win_64/winavr/bin/../lib/gcc/avr/4.3.3/avr5\libgcc.a(_clzsi2.o)
 .debug_frame   0x00000180       0x20 c:/users/ismail/downloads/amit/sdk_win_64/sdk_win_64/winavr/bin/../lib/gcc/avr/4.3.3/avr5\libgcc.a(_pack_sf.o)
 .debug_frame   0x000001a0       0x20 c:/users/ismail/downloads/amit/sdk_win_64/sdk_win_64/winavr/bin/../lib/gcc/avr/4.3.3/avr5\libgcc.a(_unpack_sf.o)
 .debug_frame   0x000001c0       0x20 c:/users/ismail/downloads/amit/sdk_win_64/sdk_win_64/winavr/bin/../lib/gcc/avr/4.3.3/avr5\libgcc.a(_fpcmp_parts_sf.o)

.debug_str      0x00000000      0x2fe
 *(.debug_str)
 .debug_str     0x00000000       0xbf c:/users/ismail/downloads/amit/sdk_win_64/sdk_win_64/winavr/bin/../lib/gcc/avr/4.3.3/avr5\libgcc.a(_fixunssfsi.o)
                                 0xfe (size before relaxing)
 .debug_str     0x000000bf      0x14d c:/users/ismail/downloads/amit/sdk_win_64/sdk_win_64/winavr/bin/../lib/gcc/avr/4.3.3/avr5\libgcc.a(_addsub_sf.o)
                                0x206 (size before relaxing)
 .debug_str     0x0000020c       0x27 c:/users/ismail/downloads/amit/sdk_win_64/sdk_win_64/winavr/bin/../lib/gcc/avr/4.3.3/avr5\libgcc.a(_mul_sf.o)
                                0x1bf (size before relaxing)
 .debug_str     0x00000233       0x35 c:/users/ismail/downloads/amit/sdk_win_64/sdk_win_64/winavr/bin/../lib/gcc/avr/4.3.3/avr5\libgcc.a(_div_sf.o)
                                0x1c8 (size before relaxing)
 .debug_str     0x00000268        0x8 c:/users/ismail/downloads/amit/sdk_win_64/sdk_win_64/winavr/bin/../lib/gcc/avr/4.3.3/avr5\libgcc.a(_gt_sf.o)
                                0x195 (size before relaxing)
 .debug_str     0x00000270        0x8 c:/users/ismail/downloads/amit/sdk_win_64/sdk_win_64/winavr/bin/../lib/gcc/avr/4.3.3/avr5\libgcc.a(_ge_sf.o)
                                0x195 (size before relaxing)
 .debug_str     0x00000278        0x8 c:/users/ismail/downloads/amit/sdk_win_64/sdk_win_64/winavr/bin/../lib/gcc/avr/4.3.3/avr5\libgcc.a(_lt_sf.o)
                                0x195 (size before relaxing)
 .debug_str     0x00000280        0x8 c:/users/ismail/downloads/amit/sdk_win_64/sdk_win_64/winavr/bin/../lib/gcc/avr/4.3.3/avr5\libgcc.a(_le_sf.o)
                                0x195 (size before relaxing)
 .debug_str     0x00000288        0xa c:/users/ismail/downloads/amit/sdk_win_64/sdk_win_64/winavr/bin/../lib/gcc/avr/4.3.3/avr5\libgcc.a(_sf_to_si.o)
                                0x19e (size before relaxing)
 .debug_str     0x00000000      0x103 c:/users/ismail/downloads/amit/sdk_win_64/sdk_win_64/winavr/bin/../lib/gcc/avr/4.3.3/avr5\libgcc.a(_thenan_sf.o)
 .debug_str     0x00000292       0x21 c:/users/ismail/downloads/amit/sdk_win_64/sdk_win_64/winavr/bin/../lib/gcc/avr/4.3.3/avr5\libgcc.a(_usi_to_sf.o)
                                0x177 (size before relaxing)
 .debug_str     0x000002b3       0x20 c:/users/ismail/downloads/amit/sdk_win_64/sdk_win_64/winavr/bin/../lib/gcc/avr/4.3.3/avr5\libgcc.a(_clzsi2.o)
                                0x111 (size before relaxing)
 .debug_str     0x000002d3       0x10 c:/users/ismail/downloads/amit/sdk_win_64/sdk_win_64/winavr/bin/../lib/gcc/avr/4.3.3/avr5\libgcc.a(_pack_sf.o)
                                0x19d (size before relaxing)
 .debug_str     0x000002e3        0xb c:/users/ismail/downloads/amit/sdk_win_64/sdk_win_64/winavr/bin/../lib/gcc/avr/4.3.3/avr5\libgcc.a(_unpack_sf.o)
                                0x17f (size before relaxing)
 .debug_str     0x000002ee       0x10 c:/users/ismail/downloads/amit/sdk_win_64/sdk_win_64/winavr/bin/../lib/gcc/avr/4.3.3/avr5\libgcc.a(_fpcmp_parts_sf.o)
                                0x163 (size before relaxing)
 .debug_str     0x00000000       0xf4 c:/users/ismail/downloads/amit/sdk_win_64/sdk_win_64/winavr/bin/../lib/gcc/avr/4.3.3/avr5\libgcc.a(_clz.o)

.debug_loc      0x00000000      0x9aa
 *(.debug_loc)
 .debug_loc     0x00000000       0x34 c:/users/ismail/downloads/amit/sdk_win_64/sdk_win_64/winavr/bin/../lib/gcc/avr/4.3.3/avr5\libgcc.a(_fixunssfsi.o)
 .debug_loc     0x00000034      0x32a c:/users/ismail/downloads/amit/sdk_win_64/sdk_win_64/winavr/bin/../lib/gcc/avr/4.3.3/avr5\libgcc.a(_addsub_sf.o)
 .debug_loc     0x0000035e      0x104 c:/users/ismail/downloads/amit/sdk_win_64/sdk_win_64/winavr/bin/../lib/gcc/avr/4.3.3/avr5\libgcc.a(_mul_sf.o)
 .debug_loc     0x00000462       0xc0 c:/users/ismail/downloads/amit/sdk_win_64/sdk_win_64/winavr/bin/../lib/gcc/avr/4.3.3/avr5\libgcc.a(_div_sf.o)
 .debug_loc     0x00000522       0x3c c:/users/ismail/downloads/amit/sdk_win_64/sdk_win_64/winavr/bin/../lib/gcc/avr/4.3.3/avr5\libgcc.a(_gt_sf.o)
 .debug_loc     0x0000055e       0x3c c:/users/ismail/downloads/amit/sdk_win_64/sdk_win_64/winavr/bin/../lib/gcc/avr/4.3.3/avr5\libgcc.a(_ge_sf.o)
 .debug_loc     0x0000059a       0x3c c:/users/ismail/downloads/amit/sdk_win_64/sdk_win_64/winavr/bin/../lib/gcc/avr/4.3.3/avr5\libgcc.a(_lt_sf.o)
 .debug_loc     0x000005d6       0x3c c:/users/ismail/downloads/amit/sdk_win_64/sdk_win_64/winavr/bin/../lib/gcc/avr/4.3.3/avr5\libgcc.a(_le_sf.o)
 .debug_loc     0x00000612       0x7e c:/users/ismail/downloads/amit/sdk_win_64/sdk_win_64/winavr/bin/../lib/gcc/avr/4.3.3/avr5\libgcc.a(_sf_to_si.o)
 .debug_loc     0x00000690       0x4c c:/users/ismail/downloads/amit/sdk_win_64/sdk_win_64/winavr/bin/../lib/gcc/avr/4.3.3/avr5\libgcc.a(_usi_to_sf.o)
 .debug_loc     0x000006dc       0x94 c:/users/ismail/downloads/amit/sdk_win_64/sdk_win_64/winavr/bin/../lib/gcc/avr/4.3.3/avr5\libgcc.a(_clzsi2.o)
 .debug_loc     0x00000770      0x13e c:/users/ismail/downloads/amit/sdk_win_64/sdk_win_64/winavr/bin/../lib/gcc/avr/4.3.3/avr5\libgcc.a(_pack_sf.o)
 .debug_loc     0x000008ae       0xac c:/users/ismail/downloads/amit/sdk_win_64/sdk_win_64/winavr/bin/../lib/gcc/avr/4.3.3/avr5\libgcc.a(_unpack_sf.o)
 .debug_loc     0x0000095a       0x50 c:/users/ismail/downloads/amit/sdk_win_64/sdk_win_64/winavr/bin/../lib/gcc/avr/4.3.3/avr5\libgcc.a(_fpcmp_parts_sf.o)

.debug_macinfo
 *(.debug_macinfo)
OUTPUT(SmartHomeApp.elf elf32-avr)
LOAD linker stubs

.debug_ranges   0x00000000       0x50
 .debug_ranges  0x00000000       0x50 c:/users/ismail/downloads/amit/sdk_win_64/sdk_win_64/winavr/bin/../lib/gcc/avr/4.3.3/avr5\libgcc.a(_mul_sf.o)
