Archive member included because of file (symbol)

c:/users/ismail/downloads/amit/sdk_win_64/sdk_win_64/winavr/bin/../lib/gcc/avr/4.3.3/avr5\libgcc.a(_mulsi3.o)
                              ./MCAL/MTIMER2/MTIMER2_Program.o (__mulsi3)
c:/users/ismail/downloads/amit/sdk_win_64/sdk_win_64/winavr/bin/../lib/gcc/avr/4.3.3/avr5\libgcc.a(_divmodhi4.o)
                              ./MCAL/MTIMER2/MTIMER2_Program.o (__divmodhi4)
c:/users/ismail/downloads/amit/sdk_win_64/sdk_win_64/winavr/bin/../lib/gcc/avr/4.3.3/avr5\libgcc.a(_udivmodsi4.o)
                              ./MCAL/MTIMER2/MTIMER2_Program.o (__udivmodsi4)
c:/users/ismail/downloads/amit/sdk_win_64/sdk_win_64/winavr/bin/../lib/gcc/avr/4.3.3/avr5\libgcc.a(_divmodsi4.o)
                              ./MCAL/MTIMER1/MTIMER1_Program.o (__divmodsi4)
c:/users/ismail/downloads/amit/sdk_win_64/sdk_win_64/winavr/bin/../lib/gcc/avr/4.3.3/avr5\libgcc.a(_exit.o)
                              c:/users/ismail/downloads/amit/sdk_win_64/sdk_win_64/winavr/bin/../lib/gcc/avr/4.3.3/../../../../avr/lib/avr5/crtm32.o (exit)
c:/users/ismail/downloads/amit/sdk_win_64/sdk_win_64/winavr/bin/../lib/gcc/avr/4.3.3/avr5\libgcc.a(_copy_data.o)
                              ./HAL/HKPD/HKPD_Program.o (__do_copy_data)
c:/users/ismail/downloads/amit/sdk_win_64/sdk_win_64/winavr/bin/../lib/gcc/avr/4.3.3/avr5\libgcc.a(_clear_bss.o)
                              ./MCAL/MTIMER2/MTIMER2_Program.o (__do_clear_bss)
c:/users/ismail/downloads/amit/sdk_win_64/sdk_win_64/winavr/bin/../lib/gcc/avr/4.3.3/avr5\libgcc.a(_fixunssfsi.o)
                              ./MCAL/MTIMER1/MTIMER1_Program.o (__fixunssfsi)
c:/users/ismail/downloads/amit/sdk_win_64/sdk_win_64/winavr/bin/../lib/gcc/avr/4.3.3/avr5\libgcc.a(_addsub_sf.o)
                              c:/users/ismail/downloads/amit/sdk_win_64/sdk_win_64/winavr/bin/../lib/gcc/avr/4.3.3/avr5\libgcc.a(_fixunssfsi.o) (__subsf3)
c:/users/ismail/downloads/amit/sdk_win_64/sdk_win_64/winavr/bin/../lib/gcc/avr/4.3.3/avr5\libgcc.a(_mul_sf.o)
                              ./MCAL/MTIMER1/MTIMER1_Program.o (__mulsf3)
c:/users/ismail/downloads/amit/sdk_win_64/sdk_win_64/winavr/bin/../lib/gcc/avr/4.3.3/avr5\libgcc.a(_div_sf.o)
                              ./MCAL/MTIMER1/MTIMER1_Program.o (__divsf3)
c:/users/ismail/downloads/amit/sdk_win_64/sdk_win_64/winavr/bin/../lib/gcc/avr/4.3.3/avr5\libgcc.a(_ge_sf.o)
                              ./MCAL/MTIMER1/MTIMER1_Program.o (__gesf2)
c:/users/ismail/downloads/amit/sdk_win_64/sdk_win_64/winavr/bin/../lib/gcc/avr/4.3.3/avr5\libgcc.a(_le_sf.o)
                              ./MCAL/MTIMER1/MTIMER1_Program.o (__lesf2)
c:/users/ismail/downloads/amit/sdk_win_64/sdk_win_64/winavr/bin/../lib/gcc/avr/4.3.3/avr5\libgcc.a(_sf_to_si.o)
                              c:/users/ismail/downloads/amit/sdk_win_64/sdk_win_64/winavr/bin/../lib/gcc/avr/4.3.3/avr5\libgcc.a(_fixunssfsi.o) (__fixsfsi)
c:/users/ismail/downloads/amit/sdk_win_64/sdk_win_64/winavr/bin/../lib/gcc/avr/4.3.3/avr5\libgcc.a(_thenan_sf.o)
                              c:/users/ismail/downloads/amit/sdk_win_64/sdk_win_64/winavr/bin/../lib/gcc/avr/4.3.3/avr5\libgcc.a(_addsub_sf.o) (__thenan_sf)
c:/users/ismail/downloads/amit/sdk_win_64/sdk_win_64/winavr/bin/../lib/gcc/avr/4.3.3/avr5\libgcc.a(_usi_to_sf.o)
                              ./HAL/HDimmer/Dimmer_Program.o (__floatunsisf)
c:/users/ismail/downloads/amit/sdk_win_64/sdk_win_64/winavr/bin/../lib/gcc/avr/4.3.3/avr5\libgcc.a(_udivmodhi4.o)
                              c:/users/ismail/downloads/amit/sdk_win_64/sdk_win_64/winavr/bin/../lib/gcc/avr/4.3.3/avr5\libgcc.a(_divmodhi4.o) (__udivmodhi4)
c:/users/ismail/downloads/amit/sdk_win_64/sdk_win_64/winavr/bin/../lib/gcc/avr/4.3.3/avr5\libgcc.a(_prologue.o)
                              c:/users/ismail/downloads/amit/sdk_win_64/sdk_win_64/winavr/bin/../lib/gcc/avr/4.3.3/avr5\libgcc.a(_addsub_sf.o) (__prologue_saves__)
c:/users/ismail/downloads/amit/sdk_win_64/sdk_win_64/winavr/bin/../lib/gcc/avr/4.3.3/avr5\libgcc.a(_epilogue.o)
                              c:/users/ismail/downloads/amit/sdk_win_64/sdk_win_64/winavr/bin/../lib/gcc/avr/4.3.3/avr5\libgcc.a(_addsub_sf.o) (__epilogue_restores__)
c:/users/ismail/downloads/amit/sdk_win_64/sdk_win_64/winavr/bin/../lib/gcc/avr/4.3.3/avr5\libgcc.a(_clzsi2.o)
                              c:/users/ismail/downloads/amit/sdk_win_64/sdk_win_64/winavr/bin/../lib/gcc/avr/4.3.3/avr5\libgcc.a(_usi_to_sf.o) (__clzsi2)
c:/users/ismail/downloads/amit/sdk_win_64/sdk_win_64/winavr/bin/../lib/gcc/avr/4.3.3/avr5\libgcc.a(_pack_sf.o)
                              c:/users/ismail/downloads/amit/sdk_win_64/sdk_win_64/winavr/bin/../lib/gcc/avr/4.3.3/avr5\libgcc.a(_addsub_sf.o) (__pack_f)
c:/users/ismail/downloads/amit/sdk_win_64/sdk_win_64/winavr/bin/../lib/gcc/avr/4.3.3/avr5\libgcc.a(_unpack_sf.o)
                              c:/users/ismail/downloads/amit/sdk_win_64/sdk_win_64/winavr/bin/../lib/gcc/avr/4.3.3/avr5\libgcc.a(_addsub_sf.o) (__unpack_f)
c:/users/ismail/downloads/amit/sdk_win_64/sdk_win_64/winavr/bin/../lib/gcc/avr/4.3.3/avr5\libgcc.a(_fpcmp_parts_sf.o)
                              c:/users/ismail/downloads/amit/sdk_win_64/sdk_win_64/winavr/bin/../lib/gcc/avr/4.3.3/avr5\libgcc.a(_ge_sf.o) (__fpcmp_parts_f)
c:/users/ismail/downloads/amit/sdk_win_64/sdk_win_64/winavr/bin/../lib/gcc/avr/4.3.3/avr5\libgcc.a(_clz.o)
                              c:/users/ismail/downloads/amit/sdk_win_64/sdk_win_64/winavr/bin/../lib/gcc/avr/4.3.3/avr5\libgcc.a(_clzsi2.o) (__clz_tab)

Memory Configuration

Name             Origin             Length             Attributes
text             0x00000000         0x00020000         xr
data             0x00800060         0x0000ffa0         rw !x
eeprom           0x00810000         0x00010000         rw !x
fuse             0x00820000         0x00000400         rw !x
lock             0x00830000         0x00000400         rw !x
signature        0x00840000         0x00000400         rw !x
*default*        0x00000000         0xffffffff

Linker script and memory map

LOAD c:/users/ismail/downloads/amit/sdk_win_64/sdk_win_64/winavr/bin/../lib/gcc/avr/4.3.3/../../../../avr/lib/avr5/crtm32.o
LOAD ./MCAL/MUSART/MUSART_Program.o
LOAD ./MCAL/MTWI/MTWI_Program.o
LOAD ./MCAL/MTIMER2/MTIMER2_Program.o
LOAD ./MCAL/MTIMER1/MTIMER1_Program.o
LOAD ./MCAL/MTIMER0/MTIMER0_Program.o
LOAD ./MCAL/MSPI/MSPI_Program.o
LOAD ./MCAL/MGIE/MGIE_Program.o
LOAD ./MCAL/MEXIT/MEXIT_Program.o
LOAD ./MCAL/MDIO/MDIO_Program.o
LOAD ./MCAL/MADC/MADC_Program.o
LOAD ./HAL/HSevenSegment/HSevenSegment_Program.o
LOAD ./HAL/HServoMotor/HServoMotor_Program.o
LOAD ./HAL/HRELAY/HRELAY_Program.o
LOAD ./HAL/HPushButton/HPushButton_Program.o
LOAD ./HAL/HLM35/HLM35_Program.o
LOAD ./HAL/HLED/HLED_Program.o
LOAD ./HAL/HKPD/HKPD_Program.o
LOAD ./HAL/HHC05/HC05_Program.o
LOAD ./HAL/HEEPROM/HEEPROM_Program.o
LOAD ./HAL/HDimmer/Dimmer_Program.o
LOAD ./HAL/HDCMotor/HDC_Motor_Program.o
LOAD ./HAL/HCLCD/HCLCD_Program.o
LOAD ./HAL/HBUZZER/HBUZZER_Program.o
LOAD ./Application/Application.o
LOAD ./main.o
LOAD c:/users/ismail/downloads/amit/sdk_win_64/sdk_win_64/winavr/bin/../lib/gcc/avr/4.3.3/avr5\libgcc.a
LOAD c:/users/ismail/downloads/amit/sdk_win_64/sdk_win_64/winavr/bin/../lib/gcc/avr/4.3.3/../../../../avr/lib/avr5\libc.a
LOAD c:/users/ismail/downloads/amit/sdk_win_64/sdk_win_64/winavr/bin/../lib/gcc/avr/4.3.3/avr5\libgcc.a

.hash
 *(.hash)

.dynsym
 *(.dynsym)

.dynstr
 *(.dynstr)

.gnu.version
 *(.gnu.version)

.gnu.version_d
 *(.gnu.version_d)

.gnu.version_r
 *(.gnu.version_r)

.rel.init
 *(.rel.init)

.rela.init
 *(.rela.init)

.rel.text
 *(.rel.text)
 *(.rel.text.*)
 *(.rel.gnu.linkonce.t*)

.rela.text
 *(.rela.text)
 *(.rela.text.*)
 *(.rela.gnu.linkonce.t*)

.rel.fini
 *(.rel.fini)

.rela.fini
 *(.rela.fini)

.rel.rodata
 *(.rel.rodata)
 *(.rel.rodata.*)
 *(.rel.gnu.linkonce.r*)

.rela.rodata
 *(.rela.rodata)
 *(.rela.rodata.*)
 *(.rela.gnu.linkonce.r*)

.rel.data
 *(.rel.data)
 *(.rel.data.*)
 *(.rel.gnu.linkonce.d*)

.rela.data
 *(.rela.data)
 *(.rela.data.*)
 *(.rela.gnu.linkonce.d*)

.rel.ctors
 *(.rel.ctors)

.rela.ctors
 *(.rela.ctors)

.rel.dtors
 *(.rel.dtors)

.rela.dtors
 *(.rela.dtors)

.rel.got
 *(.rel.got)

.rela.got
 *(.rela.got)

.rel.bss
 *(.rel.bss)

.rela.bss
 *(.rela.bss)

.rel.plt
 *(.rel.plt)

.rela.plt
 *(.rela.plt)

.text           0x00000000     0x3a66
 *(.vectors)
 .vectors       0x00000000       0x54 c:/users/ismail/downloads/amit/sdk_win_64/sdk_win_64/winavr/bin/../lib/gcc/avr/4.3.3/../../../../avr/lib/avr5/crtm32.o
                0x00000000                __vectors
                0x00000000                __vector_default
 *(.vectors)
 *(.progmem.gcc*)
 *(.progmem*)
                0x00000054                . = ALIGN (0x2)
                0x00000054                __trampolines_start = .
 *(.trampolines)
 .trampolines   0x00000054        0x0 linker stubs
 *(.trampolines*)
                0x00000054                __trampolines_end = .
 *(.jumptables)
 *(.jumptables*)
 *(.lowtext)
 *(.lowtext*)
                0x00000054                __ctors_start = .
 *(.ctors)
                0x00000054                __ctors_end = .
                0x00000054                __dtors_start = .
 *(.dtors)
                0x00000054                __dtors_end = .
 SORT(*)(.ctors)
 SORT(*)(.dtors)
 *(.init0)
 .init0         0x00000054        0x0 c:/users/ismail/downloads/amit/sdk_win_64/sdk_win_64/winavr/bin/../lib/gcc/avr/4.3.3/../../../../avr/lib/avr5/crtm32.o
                0x00000054                __init
 *(.init0)
 *(.init1)
 *(.init1)
 *(.init2)
 .init2         0x00000054        0xc c:/users/ismail/downloads/amit/sdk_win_64/sdk_win_64/winavr/bin/../lib/gcc/avr/4.3.3/../../../../avr/lib/avr5/crtm32.o
 *(.init2)
 *(.init3)
 *(.init3)
 *(.init4)
 .init4         0x00000060       0x16 c:/users/ismail/downloads/amit/sdk_win_64/sdk_win_64/winavr/bin/../lib/gcc/avr/4.3.3/avr5\libgcc.a(_copy_data.o)
                0x00000060                __do_copy_data
 .init4         0x00000076       0x10 c:/users/ismail/downloads/amit/sdk_win_64/sdk_win_64/winavr/bin/../lib/gcc/avr/4.3.3/avr5\libgcc.a(_clear_bss.o)
                0x00000076                __do_clear_bss
 *(.init4)
 *(.init5)
 *(.init5)
 *(.init6)
 *(.init6)
 *(.init7)
 *(.init7)
 *(.init8)
 *(.init8)
 *(.init9)
 .init9         0x00000086        0x8 c:/users/ismail/downloads/amit/sdk_win_64/sdk_win_64/winavr/bin/../lib/gcc/avr/4.3.3/../../../../avr/lib/avr5/crtm32.o
 *(.init9)
 *(.text)
 .text          0x0000008e        0x4 c:/users/ismail/downloads/amit/sdk_win_64/sdk_win_64/winavr/bin/../lib/gcc/avr/4.3.3/../../../../avr/lib/avr5/crtm32.o
                0x0000008e                __vector_12
                0x0000008e                __bad_interrupt
                0x0000008e                __vector_3
                0x0000008e                __vector_13
                0x0000008e                __vector_17
                0x0000008e                __vector_19
                0x0000008e                __vector_5
                0x0000008e                __vector_4
                0x0000008e                __vector_2
                0x0000008e                __vector_15
                0x0000008e                __vector_14
                0x0000008e                __vector_16
                0x0000008e                __vector_18
                0x0000008e                __vector_20
 .text          0x00000092        0x0 ./MCAL/MUSART/MUSART_Program.o
 .text          0x00000092        0x0 ./MCAL/MTWI/MTWI_Program.o
 .text          0x00000092        0x0 ./MCAL/MTIMER2/MTIMER2_Program.o
 .text          0x00000092        0x0 ./MCAL/MTIMER1/MTIMER1_Program.o
 .text          0x00000092        0x0 ./MCAL/MTIMER0/MTIMER0_Program.o
 .text          0x00000092        0x0 ./MCAL/MSPI/MSPI_Program.o
 .text          0x00000092        0x0 ./MCAL/MGIE/MGIE_Program.o
 .text          0x00000092        0x0 ./MCAL/MEXIT/MEXIT_Program.o
 .text          0x00000092        0x0 ./MCAL/MDIO/MDIO_Program.o
 .text          0x00000092        0x0 ./MCAL/MADC/MADC_Program.o
 .text          0x00000092        0x0 ./HAL/HSevenSegment/HSevenSegment_Program.o
 .text          0x00000092        0x0 ./HAL/HServoMotor/HServoMotor_Program.o
 .text          0x00000092        0x0 ./HAL/HRELAY/HRELAY_Program.o
 .text          0x00000092        0x0 ./HAL/HPushButton/HPushButton_Program.o
 .text          0x00000092        0x0 ./HAL/HLM35/HLM35_Program.o
 .text          0x00000092        0x0 ./HAL/HLED/HLED_Program.o
 .text          0x00000092        0x0 ./HAL/HKPD/HKPD_Program.o
 .text          0x00000092        0x0 ./HAL/HHC05/HC05_Program.o
 .text          0x00000092        0x0 ./HAL/HEEPROM/HEEPROM_Program.o
 .text          0x00000092        0x0 ./HAL/HDimmer/Dimmer_Program.o
 .text          0x00000092        0x0 ./HAL/HDCMotor/HDC_Motor_Program.o
 .text          0x00000092        0x0 ./HAL/HCLCD/HCLCD_Program.o
 .text          0x00000092        0x0 ./HAL/HBUZZER/HBUZZER_Program.o
 .text          0x00000092        0x0 ./Application/Application.o
 .text          0x00000092        0x0 ./main.o
 .text          0x00000092        0x0 c:/users/ismail/downloads/amit/sdk_win_64/sdk_win_64/winavr/bin/../lib/gcc/avr/4.3.3/avr5\libgcc.a(_mulsi3.o)
 .text          0x00000092        0x0 c:/users/ismail/downloads/amit/sdk_win_64/sdk_win_64/winavr/bin/../lib/gcc/avr/4.3.3/avr5\libgcc.a(_divmodhi4.o)
 .text          0x00000092        0x0 c:/users/ismail/downloads/amit/sdk_win_64/sdk_win_64/winavr/bin/../lib/gcc/avr/4.3.3/avr5\libgcc.a(_udivmodsi4.o)
 .text          0x00000092        0x0 c:/users/ismail/downloads/amit/sdk_win_64/sdk_win_64/winavr/bin/../lib/gcc/avr/4.3.3/avr5\libgcc.a(_divmodsi4.o)
 .text          0x00000092        0x0 c:/users/ismail/downloads/amit/sdk_win_64/sdk_win_64/winavr/bin/../lib/gcc/avr/4.3.3/avr5\libgcc.a(_exit.o)
 .text          0x00000092        0x0 c:/users/ismail/downloads/amit/sdk_win_64/sdk_win_64/winavr/bin/../lib/gcc/avr/4.3.3/avr5\libgcc.a(_copy_data.o)
 .text          0x00000092        0x0 c:/users/ismail/downloads/amit/sdk_win_64/sdk_win_64/winavr/bin/../lib/gcc/avr/4.3.3/avr5\libgcc.a(_clear_bss.o)
 .text          0x00000092       0x58 c:/users/ismail/downloads/amit/sdk_win_64/sdk_win_64/winavr/bin/../lib/gcc/avr/4.3.3/avr5\libgcc.a(_fixunssfsi.o)
                0x00000092                __fixunssfsi
 .text          0x000000ea      0x354 c:/users/ismail/downloads/amit/sdk_win_64/sdk_win_64/winavr/bin/../lib/gcc/avr/4.3.3/avr5\libgcc.a(_addsub_sf.o)
                0x00000382                __subsf3
                0x000003e4                __addsf3
 .text          0x0000043e      0x1f4 c:/users/ismail/downloads/amit/sdk_win_64/sdk_win_64/winavr/bin/../lib/gcc/avr/4.3.3/avr5\libgcc.a(_mul_sf.o)
                0x0000043e                __mulsf3
 .text          0x00000632      0x158 c:/users/ismail/downloads/amit/sdk_win_64/sdk_win_64/winavr/bin/../lib/gcc/avr/4.3.3/avr5\libgcc.a(_div_sf.o)
                0x00000632                __divsf3
 .text          0x0000078a       0x60 c:/users/ismail/downloads/amit/sdk_win_64/sdk_win_64/winavr/bin/../lib/gcc/avr/4.3.3/avr5\libgcc.a(_ge_sf.o)
                0x0000078a                __gesf2
 .text          0x000007ea       0x60 c:/users/ismail/downloads/amit/sdk_win_64/sdk_win_64/winavr/bin/../lib/gcc/avr/4.3.3/avr5\libgcc.a(_le_sf.o)
                0x000007ea                __lesf2
 .text          0x0000084a       0xa8 c:/users/ismail/downloads/amit/sdk_win_64/sdk_win_64/winavr/bin/../lib/gcc/avr/4.3.3/avr5\libgcc.a(_sf_to_si.o)
                0x0000084a                __fixsfsi
 .text          0x000008f2        0x0 c:/users/ismail/downloads/amit/sdk_win_64/sdk_win_64/winavr/bin/../lib/gcc/avr/4.3.3/avr5\libgcc.a(_thenan_sf.o)
 .text          0x000008f2       0xf2 c:/users/ismail/downloads/amit/sdk_win_64/sdk_win_64/winavr/bin/../lib/gcc/avr/4.3.3/avr5\libgcc.a(_usi_to_sf.o)
                0x000008f2                __floatunsisf
 .text          0x000009e4        0x0 c:/users/ismail/downloads/amit/sdk_win_64/sdk_win_64/winavr/bin/../lib/gcc/avr/4.3.3/avr5\libgcc.a(_udivmodhi4.o)
 .text          0x000009e4        0x0 c:/users/ismail/downloads/amit/sdk_win_64/sdk_win_64/winavr/bin/../lib/gcc/avr/4.3.3/avr5\libgcc.a(_prologue.o)
 .text          0x000009e4        0x0 c:/users/ismail/downloads/amit/sdk_win_64/sdk_win_64/winavr/bin/../lib/gcc/avr/4.3.3/avr5\libgcc.a(_epilogue.o)
 .text          0x000009e4       0x9e c:/users/ismail/downloads/amit/sdk_win_64/sdk_win_64/winavr/bin/../lib/gcc/avr/4.3.3/avr5\libgcc.a(_clzsi2.o)
                0x000009e4                __clzsi2
 .text          0x00000a82      0x1aa c:/users/ismail/downloads/amit/sdk_win_64/sdk_win_64/winavr/bin/../lib/gcc/avr/4.3.3/avr5\libgcc.a(_pack_sf.o)
                0x00000a82                __pack_f
 .text          0x00000c2c       0xf0 c:/users/ismail/downloads/amit/sdk_win_64/sdk_win_64/winavr/bin/../lib/gcc/avr/4.3.3/avr5\libgcc.a(_unpack_sf.o)
                0x00000c2c                __unpack_f
 .text          0x00000d1c       0xb2 c:/users/ismail/downloads/amit/sdk_win_64/sdk_win_64/winavr/bin/../lib/gcc/avr/4.3.3/avr5\libgcc.a(_fpcmp_parts_sf.o)
                0x00000d1c                __fpcmp_parts_f
 .text          0x00000dce        0x0 c:/users/ismail/downloads/amit/sdk_win_64/sdk_win_64/winavr/bin/../lib/gcc/avr/4.3.3/avr5\libgcc.a(_clz.o)
                0x00000dce                . = ALIGN (0x2)
 *(.text.*)
 .text.MUSART_SendChar
                0x00000dce        0x8 ./MCAL/MUSART/MUSART_Program.o
                0x00000dce                MUSART_SendChar
 .text.MUSART_ReceiveChar
                0x00000dd6        0x8 ./MCAL/MUSART/MUSART_Program.o
                0x00000dd6                MUSART_ReceiveChar
 .text.MUSART_SendString
                0x00000dde       0x2e ./MCAL/MUSART/MUSART_Program.o
                0x00000dde                MUSART_SendString
 .text.MUSART_ReceiveString
                0x00000e0c       0x1c ./MCAL/MUSART/MUSART_Program.o
                0x00000e0c                MUSART_ReceiveString
 .text.M_Uart_Write
                0x00000e28        0x8 ./MCAL/MUSART/MUSART_Program.o
                0x00000e28                M_Uart_Write
 .text.M_Uart_Read
                0x00000e30        0x8 ./MCAL/MUSART/MUSART_Program.o
                0x00000e30                M_Uart_Read
 .text.MUSART_Init
                0x00000e38       0x24 ./MCAL/MUSART/MUSART_Program.o
                0x00000e38                MUSART_Init
 .text.MTWI_MasterInit
                0x00000e5c       0x40 ./MCAL/MTWI/MTWI_Program.o
                0x00000e5c                MTWI_MasterInit
 .text.MTWI_SlaveInit
                0x00000e9c       0x30 ./MCAL/MTWI/MTWI_Program.o
                0x00000e9c                MTWI_SlaveInit
 .text.MTWI_SendStartCondition
                0x00000ecc       0x2a ./MCAL/MTWI/MTWI_Program.o
                0x00000ecc                MTWI_SendStartCondition
 .text.MTWI_SendSlaveAddress_WithWrite
                0x00000ef6       0x28 ./MCAL/MTWI/MTWI_Program.o
                0x00000ef6                MTWI_SendSlaveAddress_WithWrite
 .text.MTWI_SendSlaveAddress_WithRead
                0x00000f1e       0x2a ./MCAL/MTWI/MTWI_Program.o
                0x00000f1e                MTWI_SendSlaveAddress_WithRead
 .text.MTWI_MasterSlaveWriteData
                0x00000f48       0x4a ./MCAL/MTWI/MTWI_Program.o
                0x00000f48                MTWI_MasterSlaveWriteData
 .text.MTWI_MasterSlaveReadData
                0x00000f92       0x4a ./MCAL/MTWI/MTWI_Program.o
                0x00000f92                MTWI_MasterSlaveReadData
 .text.MTWI_SendStopCondition
                0x00000fdc       0x2a ./MCAL/MTWI/MTWI_Program.o
                0x00000fdc                MTWI_SendStopCondition
 .text.MTWI_SendRepeatedStartCondition
                0x00001006       0x22 ./MCAL/MTWI/MTWI_Program.o
                0x00001006                MTWI_SendRepeatedStartCondition
 .text.MTWI_ReadByteNoAck
                0x00001028        0xe ./MCAL/MTWI/MTWI_Program.o
                0x00001028                MTWI_ReadByteNoAck
 .text.I2C_Init
                0x00001036       0x1a ./MCAL/MTWI/MTWI_Program.o
                0x00001036                I2C_Init
 .text.MTimer2Init
                0x00001050       0x1a ./MCAL/MTIMER2/MTIMER2_Program.o
                0x00001050                MTimer2Init
 .text.MTimer2SetTime
                0x0000106a       0x5c ./MCAL/MTIMER2/MTIMER2_Program.o
                0x0000106a                MTimer2SetTime
 .text.MTimer2Start
                0x000010c6       0x14 ./MCAL/MTIMER2/MTIMER2_Program.o
                0x000010c6                MTimer2Start
 .text.MTimer2Stop
                0x000010da       0x14 ./MCAL/MTIMER2/MTIMER2_Program.o
                0x000010da                MTimer2Stop
 .text.MPWM2SetDutyCycle
                0x000010ee       0x34 ./MCAL/MTIMER2/MTIMER2_Program.o
                0x000010ee                MPWM2SetDutyCycle
 .text.MTimer2SetCallBack
                0x00001122        0xa ./MCAL/MTIMER2/MTIMER2_Program.o
                0x00001122                MTimer2SetCallBack
 .text.MPWM2Stop
                0x0000112c       0x10 ./MCAL/MTIMER2/MTIMER2_Program.o
                0x0000112c                MPWM2Stop
 .text.MPWM2Start
                0x0000113c       0x10 ./MCAL/MTIMER2/MTIMER2_Program.o
                0x0000113c                MPWM2Start
 .text.MPWM2Init
                0x0000114c       0x24 ./MCAL/MTIMER2/MTIMER2_Program.o
                0x0000114c                MPWM2Init
 .text.Timer1_Init
                0x00001170       0x44 ./MCAL/MTIMER1/MTIMER1_Program.o
                0x00001170                Timer1_Init
 .text.Timer1_Preload
                0x000011b4        0x6 ./MCAL/MTIMER1/MTIMER1_Program.o
                0x000011b4                Timer1_Preload
 .text.Timer1_SetCounterTOP
                0x000011ba        0xc ./MCAL/MTIMER1/MTIMER1_Program.o
                0x000011ba                Timer1_SetCounterTOP
 .text.Timer1_SetOCACompareValue
                0x000011c6        0x6 ./MCAL/MTIMER1/MTIMER1_Program.o
                0x000011c6                Timer1_SetOCACompareValue
 .text.Timer1_SetOCBCompareValue
                0x000011cc        0x6 ./MCAL/MTIMER1/MTIMER1_Program.o
                0x000011cc                Timer1_SetOCBCompareValue
 .text.Timer1_OC1ASetDutyCycle
                0x000011d2       0x66 ./MCAL/MTIMER1/MTIMER1_Program.o
                0x000011d2                Timer1_OC1ASetDutyCycle
 .text.Timer1_OC1BSetDutyCycle
                0x00001238       0x52 ./MCAL/MTIMER1/MTIMER1_Program.o
                0x00001238                Timer1_OC1BSetDutyCycle
 .text.Timer1_GetCounterValue
                0x0000128a       0x10 ./MCAL/MTIMER1/MTIMER1_Program.o
                0x0000128a                Timer1_GetCounterValue
 .text.Timer1_EnableNoiseCanceler
                0x0000129a        0x8 ./MCAL/MTIMER1/MTIMER1_Program.o
                0x0000129a                Timer1_EnableNoiseCanceler
 .text.Timer1_DisableNoiseCanceler
                0x000012a2        0x8 ./MCAL/MTIMER1/MTIMER1_Program.o
                0x000012a2                Timer1_DisableNoiseCanceler
 .text.Timer1_ICEdgeSelect
                0x000012aa       0x1a ./MCAL/MTIMER1/MTIMER1_Program.o
                0x000012aa                Timer1_ICEdgeSelect
 .text.Timer1_GetCapturedValue
                0x000012c4       0x10 ./MCAL/MTIMER1/MTIMER1_Program.o
                0x000012c4                Timer1_GetCapturedValue
 .text.Timer1_EnableOVFInterrupt
                0x000012d4        0x8 ./MCAL/MTIMER1/MTIMER1_Program.o
                0x000012d4                Timer1_EnableOVFInterrupt
 .text.Timer1_DisableOVFInterrupt
                0x000012dc        0x8 ./MCAL/MTIMER1/MTIMER1_Program.o
                0x000012dc                Timer1_DisableOVFInterrupt
 .text.Timer1_OCAEnableInterrupt
                0x000012e4        0x8 ./MCAL/MTIMER1/MTIMER1_Program.o
                0x000012e4                Timer1_OCAEnableInterrupt
 .text.Timer1_OCADisableInterrupt
                0x000012ec        0x8 ./MCAL/MTIMER1/MTIMER1_Program.o
                0x000012ec                Timer1_OCADisableInterrupt
 .text.Timer1_OCBEnableInterrupt
                0x000012f4        0x8 ./MCAL/MTIMER1/MTIMER1_Program.o
                0x000012f4                Timer1_OCBEnableInterrupt
 .text.Timer1_OCBDisableInterrupt
                0x000012fc        0x8 ./MCAL/MTIMER1/MTIMER1_Program.o
                0x000012fc                Timer1_OCBDisableInterrupt
 .text.Timer1_CaptureEventEnableInterrupt
                0x00001304        0x8 ./MCAL/MTIMER1/MTIMER1_Program.o
                0x00001304                Timer1_CaptureEventEnableInterrupt
 .text.Timer1_CaptureEventDisableInterrupt
                0x0000130c        0x8 ./MCAL/MTIMER1/MTIMER1_Program.o
                0x0000130c                Timer1_CaptureEventDisableInterrupt
 .text.Timer1_OVFPollingOnFlag
                0x00001314        0xe ./MCAL/MTIMER1/MTIMER1_Program.o
                0x00001314                Timer1_OVFPollingOnFlag
 .text.Timer1_OCAPollingOnFlag
                0x00001322        0xe ./MCAL/MTIMER1/MTIMER1_Program.o
                0x00001322                Timer1_OCAPollingOnFlag
 .text.Timer1_OCBPollingOnFlag
                0x00001330        0xe ./MCAL/MTIMER1/MTIMER1_Program.o
                0x00001330                Timer1_OCBPollingOnFlag
 .text.Timer1_CaptureEventPollingOnFlag
                0x0000133e        0xe ./MCAL/MTIMER1/MTIMER1_Program.o
                0x0000133e                Timer1_CaptureEventPollingOnFlag
 .text.Timer1_OVFSetCallBack
                0x0000134c        0xe ./MCAL/MTIMER1/MTIMER1_Program.o
                0x0000134c                Timer1_OVFSetCallBack
 .text.Timer1_OCASetCallBack
                0x0000135a        0xe ./MCAL/MTIMER1/MTIMER1_Program.o
                0x0000135a                Timer1_OCASetCallBack
 .text.Timer1_OCBSetCallBack
                0x00001368        0xe ./MCAL/MTIMER1/MTIMER1_Program.o
                0x00001368                Timer1_OCBSetCallBack
 .text.Timer1_CaptureEventSetCallBack
                0x00001376        0xe ./MCAL/MTIMER1/MTIMER1_Program.o
                0x00001376                Timer1_CaptureEventSetCallBack
 .text.Timer1_ResetPrescaler
                0x00001384        0x8 ./MCAL/MTIMER1/MTIMER1_Program.o
                0x00001384                Timer1_ResetPrescaler
 .text.MPWM1SetDutyCycle
                0x0000138c        0x6 ./MCAL/MTIMER1/MTIMER1_Program.o
                0x0000138c                MPWM1SetDutyCycle
 .text.MPWM1SetFrequency
                0x00001392       0x22 ./MCAL/MTIMER1/MTIMER1_Program.o
                0x00001392                MPWM1SetFrequency
 .text.MPWM1Start
                0x000013b4       0x14 ./MCAL/MTIMER1/MTIMER1_Program.o
                0x000013b4                MPWM1Start
 .text.MPWM1Stop
                0x000013c8       0x14 ./MCAL/MTIMER1/MTIMER1_Program.o
                0x000013c8                MPWM1Stop
 .text.__vector_9
                0x000013dc       0x52 ./MCAL/MTIMER1/MTIMER1_Program.o
                0x000013dc                __vector_9
 .text.__vector_8
                0x0000142e       0x52 ./MCAL/MTIMER1/MTIMER1_Program.o
                0x0000142e                __vector_8
 .text.__vector_7
                0x00001480       0x52 ./MCAL/MTIMER1/MTIMER1_Program.o
                0x00001480                __vector_7
 .text.__vector_6
                0x000014d2       0x52 ./MCAL/MTIMER1/MTIMER1_Program.o
                0x000014d2                __vector_6
 .text.MPWM1Init
                0x00001524       0x1c ./MCAL/MTIMER1/MTIMER1_Program.o
                0x00001524                MPWM1Init
 .text.MTIMER0_Init
                0x00001540       0x2c ./MCAL/MTIMER0/MTIMER0_Program.o
                0x00001540                MTIMER0_Init
 .text.MTIMER0_SetPreload
                0x0000156c        0x4 ./MCAL/MTIMER0/MTIMER0_Program.o
                0x0000156c                MTIMER0_SetPreload
 .text.MTIMER0_SetCTC
                0x00001570        0x4 ./MCAL/MTIMER0/MTIMER0_Program.o
                0x00001570                MTIMER0_SetCTC
 .text.MTIMER0_OVERFLOW_CALLBACK
                0x00001574       0x1c ./MCAL/MTIMER0/MTIMER0_Program.o
                0x00001574                MTIMER0_OVERFLOW_CALLBACK
 .text.MTIMER0_CTC_CALLBACK
                0x00001590       0x1c ./MCAL/MTIMER0/MTIMER0_Program.o
                0x00001590                MTIMER0_CTC_CALLBACK
 .text.__vector_10
                0x000015ac       0x52 ./MCAL/MTIMER0/MTIMER0_Program.o
                0x000015ac                __vector_10
 .text.__vector_11
                0x000015fe       0x52 ./MCAL/MTIMER0/MTIMER0_Program.o
                0x000015fe                __vector_11
 .text.M_Pwm0_SetDutyCycle
                0x00001650       0x2e ./MCAL/MTIMER0/MTIMER0_Program.o
                0x00001650                M_Pwm0_SetDutyCycle
 .text.M_Timer0_Start
                0x0000167e       0x14 ./MCAL/MTIMER0/MTIMER0_Program.o
                0x0000167e                M_Timer0_Start
 .text.M_Timer0_Stop
                0x00001692       0x14 ./MCAL/MTIMER0/MTIMER0_Program.o
                0x00001692                M_Timer0_Stop
 .text.M_Pwm0_Start
                0x000016a6        0x6 ./MCAL/MTIMER0/MTIMER0_Program.o
                0x000016a6                M_Pwm0_Start
 .text.M_Pwm0_Stop
                0x000016ac        0x6 ./MCAL/MTIMER0/MTIMER0_Program.o
                0x000016ac                M_Pwm0_Stop
 .text.M_Pwm0_Init
                0x000016b2       0x24 ./MCAL/MTIMER0/MTIMER0_Program.o
                0x000016b2                M_Pwm0_Init
 .text.MSPI_MasterInit
                0x000016d6       0x1c ./MCAL/MSPI/MSPI_Program.o
                0x000016d6                MSPI_MasterInit
 .text.MSPI_SlaveInit
                0x000016f2        0xe ./MCAL/MSPI/MSPI_Program.o
                0x000016f2                MSPI_SlaveInit
 .text.MSPI_SendReceive
                0x00001700        0xa ./MCAL/MSPI/MSPI_Program.o
                0x00001700                MSPI_SendReceive
 .text.MGIE_Enable
                0x0000170a        0x8 ./MCAL/MGIE/MGIE_Program.o
                0x0000170a                MGIE_Enable
 .text.MGIE_Disable
                0x00001712        0x8 ./MCAL/MGIE/MGIE_Program.o
                0x00001712                MGIE_Disable
 .text.MEXIT0_Init
                0x0000171a       0x14 ./MCAL/MEXIT/MEXIT_Program.o
                0x0000171a                MEXIT0_Init
 .text.MEXIT1_Init
                0x0000172e        0x2 ./MCAL/MEXIT/MEXIT_Program.o
                0x0000172e                MEXIT1_Init
 .text.MEXIT2_Init
                0x00001730        0x2 ./MCAL/MEXIT/MEXIT_Program.o
                0x00001730                MEXIT2_Init
 .text.MEXIT_Callback
                0x00001732        0xe ./MCAL/MEXIT/MEXIT_Program.o
                0x00001732                MEXIT_Callback
 .text.__vector_1
                0x00001740       0x10 ./MCAL/MEXIT/MEXIT_Program.o
                0x00001740                __vector_1
 .text.MDIO_Set_PORT_DIR
                0x00001750       0x2c ./MCAL/MDIO/MDIO_Program.o
                0x00001750                MDIO_Set_PORT_DIR
 .text.MDIO_Set_PIN_DIR
                0x0000177c       0xf8 ./MCAL/MDIO/MDIO_Program.o
                0x0000177c                MDIO_Set_PIN_DIR
 .text.MDIO_Set_PORT_VALUE
                0x00001874       0x26 ./MCAL/MDIO/MDIO_Program.o
                0x00001874                MDIO_Set_PORT_VALUE
 .text.MDIO_Set_PIN_VALUE
                0x0000189a       0xf8 ./MCAL/MDIO/MDIO_Program.o
                0x0000189a                MDIO_Set_PIN_VALUE
 .text.MDIO_Read_PORT
                0x00001992       0x2e ./MCAL/MDIO/MDIO_Program.o
                0x00001992                MDIO_Read_PORT
 .text.MDIO_Read_PIN
                0x000019c0       0x48 ./MCAL/MDIO/MDIO_Program.o
                0x000019c0                MDIO_Read_PIN
 .text.MDIO_Toggle_PIN
                0x00001a08       0x6e ./MCAL/MDIO/MDIO_Program.o
                0x00001a08                MDIO_Toggle_PIN
 .text.MDIO_SetNibbleValue
                0x00001a76       0xaa ./MCAL/MDIO/MDIO_Program.o
                0x00001a76                MDIO_SetNibbleValue
 .text.MDIO_Return_PINValue
                0x00001b20       0x38 ./MCAL/MDIO/MDIO_Program.o
                0x00001b20                MDIO_Return_PINValue
 .text.MADC_Init
                0x00001b58       0x10 ./MCAL/MADC/MADC_Program.o
                0x00001b58                MADC_Init
 .text.MADC_StartConversion
                0x00001b68       0x1c ./MCAL/MADC/MADC_Program.o
                0x00001b68                MADC_StartConversion
 .text.HSEVENSEGMENT_Display
                0x00001b84      0x106 ./HAL/HSevenSegment/HSevenSegment_Program.o
                0x00001b84                HSEVENSEGMENT_Display
 .text.HSEVENSEGMENT_SetMode
                0x00001c8a       0x22 ./HAL/HSevenSegment/HSevenSegment_Program.o
                0x00001c8a                HSEVENSEGMENT_SetMode
 .text.HSEVENSEGMENT_Init
                0x00001cac       0x48 ./HAL/HSevenSegment/HSevenSegment_Program.o
                0x00001cac                HSEVENSEGMENT_Init
 .text.HServoTurnOff
                0x00001cf4        0x6 ./HAL/HServoMotor/HServoMotor_Program.o
                0x00001cf4                HServoTurnOff
 .text.HServoSetAngel
                0x00001cfa       0x2e ./HAL/HServoMotor/HServoMotor_Program.o
                0x00001cfa                HServoSetAngel
 .text.HServoInit
                0x00001d28       0x18 ./HAL/HServoMotor/HServoMotor_Program.o
                0x00001d28                HServoInit
 .text.HRELAYOFF
                0x00001d40        0xc ./HAL/HRELAY/HRELAY_Program.o
                0x00001d40                HRELAYOFF
 .text.HRELAYON
                0x00001d4c        0xc ./HAL/HRELAY/HRELAY_Program.o
                0x00001d4c                HRELAYON
 .text.HRELAYInit
                0x00001d58        0xc ./HAL/HRELAY/HRELAY_Program.o
                0x00001d58                HRELAYInit
 .text.HPushButton_Read
                0x00001d64       0x12 ./HAL/HPushButton/HPushButton_Program.o
                0x00001d64                HPushButton_Read
 .text.HPushButton_Init
                0x00001d76        0xc ./HAL/HPushButton/HPushButton_Program.o
                0x00001d76                HPushButton_Init
 .text.HLM35Read
                0x00001d82       0x38 ./HAL/HLM35/HLM35_Program.o
                0x00001d82                HLM35Read
 .text.HLM35Init
                0x00001dba        0x6 ./HAL/HLM35/HLM35_Program.o
                0x00001dba                HLM35Init
 .text.HLED_Blink
                0x00001dc0       0x82 ./HAL/HLED/HLED_Program.o
                0x00001dc0                HLED_Blink
 .text.HLED_OFF
                0x00001e42       0x32 ./HAL/HLED/HLED_Program.o
                0x00001e42                HLED_OFF
 .text.HLED_ON  0x00001e74       0x32 ./HAL/HLED/HLED_Program.o
                0x00001e74                HLED_ON
 .text.HLED_Init
                0x00001ea6       0x2c ./HAL/HLED/HLED_Program.o
                0x00001ea6                HLED_Init
 .text.HKPD_GetPressedButton
                0x00001ed2      0x47c ./HAL/HKPD/HKPD_Program.o
                0x00001ed2                HKPD_GetPressedButton
 .text.HKPD_Init
                0x0000234e       0xa2 ./HAL/HKPD/HKPD_Program.o
                0x0000234e                HKPD_Init
 .text.HHC05_RecieveData
                0x000023f0        0x6 ./HAL/HHC05/HC05_Program.o
                0x000023f0                HHC05_RecieveData
 .text.HHC05_SendString
                0x000023f6        0xe ./HAL/HHC05/HC05_Program.o
                0x000023f6                HHC05_SendString
 .text.HHC05_SendChar
                0x00002404        0x8 ./HAL/HHC05/HC05_Program.o
                0x00002404                HHC05_SendChar
 .text.HHC05_Init
                0x0000240c        0x6 ./HAL/HHC05/HC05_Program.o
                0x0000240c                HHC05_Init
 .text.HEEPROM_WriteByte
                0x00002412       0x42 ./HAL/HEEPROM/HEEPROM_Program.o
                0x00002412                HEEPROM_WriteByte
 .text.HEEPROM_ReadByte
                0x00002454       0x36 ./HAL/HEEPROM/HEEPROM_Program.o
                0x00002454                HEEPROM_ReadByte
 .text.HDimmerLightStop
                0x0000248a        0x6 ./HAL/HDimmer/Dimmer_Program.o
                0x0000248a                HDimmerLightStop
 .text.HDimmerLightStart
                0x00002490        0x6 ./HAL/HDimmer/Dimmer_Program.o
                0x00002490                HDimmerLightStart
 .text.HDimmerLightSetLightIntense
                0x00002496       0x26 ./HAL/HDimmer/Dimmer_Program.o
                0x00002496                HDimmerLightSetLightIntense
 .text.HDimmerLightInit
                0x000024bc       0x12 ./HAL/HDimmer/Dimmer_Program.o
                0x000024bc                HDimmerLightInit
 .text.HDCMotorStop
                0x000024ce        0x6 ./HAL/HDCMotor/HDC_Motor_Program.o
                0x000024ce                HDCMotorStop
 .text.HDCMotorStart
                0x000024d4        0x6 ./HAL/HDCMotor/HDC_Motor_Program.o
                0x000024d4                HDCMotorStart
 .text.HDCMotorSpeed
                0x000024da        0xe ./HAL/HDCMotor/HDC_Motor_Program.o
                0x000024da                HDCMotorSpeed
 .text.HDCMotorSetDirection
                0x000024e8       0x36 ./HAL/HDCMotor/HDC_Motor_Program.o
                0x000024e8                HDCMotorSetDirection
 .text.HDCMotorInit
                0x0000251e       0x1a ./HAL/HDCMotor/HDC_Motor_Program.o
                0x0000251e                HDCMotorInit
 .text.HCLCD_WriteChar4Bit
                0x00002538       0x78 ./HAL/HCLCD/HCLCD_Program.o
                0x00002538                HCLCD_WriteChar4Bit
 .text.HCLCD_WriteNumber
                0x000025b0       0xd2 ./HAL/HCLCD/HCLCD_Program.o
                0x000025b0                HCLCD_WriteNumber
 .text.HCLCD_WriteCommand4Bit
                0x00002682       0x78 ./HAL/HCLCD/HCLCD_Program.o
                0x00002682                HCLCD_WriteCommand4Bit
 .text.HCLCD_SetCursorPosition
                0x000026fa       0x20 ./HAL/HCLCD/HCLCD_Program.o
                0x000026fa                HCLCD_SetCursorPosition
 .text.HCLCD_WriteString
                0x0000271a       0x66 ./HAL/HCLCD/HCLCD_Program.o
                0x0000271a                HCLCD_WriteString
 .text.HCLCDInit4BitMode
                0x00002780       0xc4 ./HAL/HCLCD/HCLCD_Program.o
                0x00002780                HCLCDInit4BitMode
 .text.HBUZZERToggle
                0x00002844        0xa ./HAL/HBUZZER/HBUZZER_Program.o
                0x00002844                HBUZZERToggle
 .text.HBUZZEROFF
                0x0000284e        0xc ./HAL/HBUZZER/HBUZZER_Program.o
                0x0000284e                HBUZZEROFF
 .text.HBUZZERON
                0x0000285a        0xc ./HAL/HBUZZER/HBUZZER_Program.o
                0x0000285a                HBUZZERON
 .text.HBUZZERALARM
                0x00002866       0x28 ./HAL/HBUZZER/HBUZZER_Program.o
                0x00002866                HBUZZERALARM
 .text.HBUZZERInit
                0x0000288e        0xc ./HAL/HBUZZER/HBUZZER_Program.o
                0x0000288e                HBUZZERInit
 .text.Welcoming
                0x0000289a       0x40 ./Application/Application.o
                0x0000289a                Welcoming
 .text.AppInit  0x000028da       0x48 ./Application/Application.o
                0x000028da                AppInit
 .text.DeleteAll
                0x00002922       0x2c ./Application/Application.o
                0x00002922                DeleteAll
 .text.Relay    0x0000294e       0x34 ./Application/Application.o
                0x0000294e                Relay
 .text.RelaySwitch
                0x00002982       0x60 ./Application/Application.o
                0x00002982                RelaySwitch
 .text.AC       0x000029e2       0x98 ./Application/Application.o
                0x000029e2                AC
 .text.ACSwitch
                0x00002a7a       0x8c ./Application/Application.o
                0x00002a7a                ACSwitch
 .text.Door     0x00002b06       0x72 ./Application/Application.o
                0x00002b06                Door
 .text.CloseTheDoor
                0x00002b78       0x12 ./Application/Application.o
                0x00002b78                CloseTheDoor
 .text.Reset    0x00002b8a       0x42 ./Application/Application.o
                0x00002b8a                Reset
 .text.DoorSwitch
                0x00002bcc       0x92 ./Application/Application.o
                0x00002bcc                DoorSwitch
 .text.DeleteUser
                0x00002c5e      0x144 ./Application/Application.o
                0x00002c5e                DeleteUser
 .text.UserLogin
                0x00002da2      0x150 ./Application/Application.o
                0x00002da2                UserLogin
 .text.AdminLogin
                0x00002ef2      0x174 ./Application/Application.o
                0x00002ef2                AdminLogin
 .text.CheckEEPROM
                0x00003066       0x34 ./Application/Application.o
                0x00003066                CheckEEPROM
 .text.AddUser  0x0000309a      0x294 ./Application/Application.o
                0x0000309a                AddUser
 .text.InputPassword
                0x0000332e       0xa4 ./Application/Application.o
                0x0000332e                InputPassword
 .text.InputID  0x000033d2       0xa0 ./Application/Application.o
                0x000033d2                InputID
 .text.main     0x00003472      0x47c ./main.o
                0x00003472                main
 .text.libgcc   0x000038ee       0x3e c:/users/ismail/downloads/amit/sdk_win_64/sdk_win_64/winavr/bin/../lib/gcc/avr/4.3.3/avr5\libgcc.a(_mulsi3.o)
                0x000038ee                __mulsi3
 .text.libgcc   0x0000392c       0x26 c:/users/ismail/downloads/amit/sdk_win_64/sdk_win_64/winavr/bin/../lib/gcc/avr/4.3.3/avr5\libgcc.a(_divmodhi4.o)
                0x0000392c                __divmodhi4
                0x0000392c                _div
 .text.libgcc   0x00003952       0x44 c:/users/ismail/downloads/amit/sdk_win_64/sdk_win_64/winavr/bin/../lib/gcc/avr/4.3.3/avr5\libgcc.a(_udivmodsi4.o)
                0x00003952                __udivmodsi4
 .text.libgcc   0x00003996       0x36 c:/users/ismail/downloads/amit/sdk_win_64/sdk_win_64/winavr/bin/../lib/gcc/avr/4.3.3/avr5\libgcc.a(_divmodsi4.o)
                0x00003996                __divmodsi4
 .text.libgcc   0x000039cc        0x0 c:/users/ismail/downloads/amit/sdk_win_64/sdk_win_64/winavr/bin/../lib/gcc/avr/4.3.3/avr5\libgcc.a(_exit.o)
 .text.libgcc   0x000039cc        0x0 c:/users/ismail/downloads/amit/sdk_win_64/sdk_win_64/winavr/bin/../lib/gcc/avr/4.3.3/avr5\libgcc.a(_copy_data.o)
 .text.libgcc   0x000039cc        0x0 c:/users/ismail/downloads/amit/sdk_win_64/sdk_win_64/winavr/bin/../lib/gcc/avr/4.3.3/avr5\libgcc.a(_clear_bss.o)
 .text.libgcc   0x000039cc       0x28 c:/users/ismail/downloads/amit/sdk_win_64/sdk_win_64/winavr/bin/../lib/gcc/avr/4.3.3/avr5\libgcc.a(_udivmodhi4.o)
                0x000039cc                __udivmodhi4
 .text.libgcc   0x000039f4       0x38 c:/users/ismail/downloads/amit/sdk_win_64/sdk_win_64/winavr/bin/../lib/gcc/avr/4.3.3/avr5\libgcc.a(_prologue.o)
                0x000039f4                __prologue_saves__
 .text.libgcc   0x00003a2c       0x36 c:/users/ismail/downloads/amit/sdk_win_64/sdk_win_64/winavr/bin/../lib/gcc/avr/4.3.3/avr5\libgcc.a(_epilogue.o)
                0x00003a2c                __epilogue_restores__
                0x00003a62                . = ALIGN (0x2)
 *(.fini9)
 .fini9         0x00003a62        0x0 c:/users/ismail/downloads/amit/sdk_win_64/sdk_win_64/winavr/bin/../lib/gcc/avr/4.3.3/avr5\libgcc.a(_exit.o)
                0x00003a62                exit
                0x00003a62                _exit
 *(.fini9)
 *(.fini8)
 *(.fini8)
 *(.fini7)
 *(.fini7)
 *(.fini6)
 *(.fini6)
 *(.fini5)
 *(.fini5)
 *(.fini4)
 *(.fini4)
 *(.fini3)
 *(.fini3)
 *(.fini2)
 *(.fini2)
 *(.fini1)
 *(.fini1)
 *(.fini0)
 .fini0         0x00003a62        0x4 c:/users/ismail/downloads/amit/sdk_win_64/sdk_win_64/winavr/bin/../lib/gcc/avr/4.3.3/avr5\libgcc.a(_exit.o)
 *(.fini0)
                0x00003a66                _etext = .

.data           0x00800060      0x43e load address 0x00003a66
                0x00800060                PROVIDE (__data_start, .)
 *(.data)
 .data          0x00800060        0x0 c:/users/ismail/downloads/amit/sdk_win_64/sdk_win_64/winavr/bin/../lib/gcc/avr/4.3.3/../../../../avr/lib/avr5/crtm32.o
 .data          0x00800060        0x0 ./MCAL/MUSART/MUSART_Program.o
 .data          0x00800060        0x0 ./MCAL/MTWI/MTWI_Program.o
 .data          0x00800060        0x0 ./MCAL/MTIMER2/MTIMER2_Program.o
 .data          0x00800060        0x0 ./MCAL/MTIMER1/MTIMER1_Program.o
 .data          0x00800060        0x0 ./MCAL/MTIMER0/MTIMER0_Program.o
 .data          0x00800060        0x0 ./MCAL/MSPI/MSPI_Program.o
 .data          0x00800060        0x0 ./MCAL/MGIE/MGIE_Program.o
 .data          0x00800060        0x0 ./MCAL/MEXIT/MEXIT_Program.o
 .data          0x00800060        0x0 ./MCAL/MDIO/MDIO_Program.o
 .data          0x00800060        0x0 ./MCAL/MADC/MADC_Program.o
 .data          0x00800060        0x0 ./HAL/HSevenSegment/HSevenSegment_Program.o
 .data          0x00800060        0x0 ./HAL/HServoMotor/HServoMotor_Program.o
 .data          0x00800060        0x0 ./HAL/HRELAY/HRELAY_Program.o
 .data          0x00800060        0x0 ./HAL/HPushButton/HPushButton_Program.o
 .data          0x00800060        0x0 ./HAL/HLM35/HLM35_Program.o
 .data          0x00800060        0x0 ./HAL/HLED/HLED_Program.o
 .data          0x00800060        0x0 ./HAL/HKPD/HKPD_Program.o
 .data          0x00800060        0x0 ./HAL/HHC05/HC05_Program.o
 .data          0x00800060        0x0 ./HAL/HEEPROM/HEEPROM_Program.o
 .data          0x00800060        0x0 ./HAL/HDimmer/Dimmer_Program.o
 .data          0x00800060        0x0 ./HAL/HDCMotor/HDC_Motor_Program.o
 .data          0x00800060       0x1d ./HAL/HCLCD/HCLCD_Program.o
 .data          0x0080007d        0x0 ./HAL/HBUZZER/HBUZZER_Program.o
 .data          0x0080007d      0x23d ./Application/Application.o
 .data          0x008002ba       0xc8 ./main.o
 .data          0x00800382        0x0 c:/users/ismail/downloads/amit/sdk_win_64/sdk_win_64/winavr/bin/../lib/gcc/avr/4.3.3/avr5\libgcc.a(_mulsi3.o)
 .data          0x00800382        0x0 c:/users/ismail/downloads/amit/sdk_win_64/sdk_win_64/winavr/bin/../lib/gcc/avr/4.3.3/avr5\libgcc.a(_divmodhi4.o)
 .data          0x00800382        0x0 c:/users/ismail/downloads/amit/sdk_win_64/sdk_win_64/winavr/bin/../lib/gcc/avr/4.3.3/avr5\libgcc.a(_udivmodsi4.o)
 .data          0x00800382        0x0 c:/users/ismail/downloads/amit/sdk_win_64/sdk_win_64/winavr/bin/../lib/gcc/avr/4.3.3/avr5\libgcc.a(_divmodsi4.o)
 .data          0x00800382        0x0 c:/users/ismail/downloads/amit/sdk_win_64/sdk_win_64/winavr/bin/../lib/gcc/avr/4.3.3/avr5\libgcc.a(_exit.o)
 .data          0x00800382        0x0 c:/users/ismail/downloads/amit/sdk_win_64/sdk_win_64/winavr/bin/../lib/gcc/avr/4.3.3/avr5\libgcc.a(_copy_data.o)
 .data          0x00800382        0x0 c:/users/ismail/downloads/amit/sdk_win_64/sdk_win_64/winavr/bin/../lib/gcc/avr/4.3.3/avr5\libgcc.a(_clear_bss.o)
 .data          0x00800382        0x0 c:/users/ismail/downloads/amit/sdk_win_64/sdk_win_64/winavr/bin/../lib/gcc/avr/4.3.3/avr5\libgcc.a(_fixunssfsi.o)
 .data          0x00800382        0x0 c:/users/ismail/downloads/amit/sdk_win_64/sdk_win_64/winavr/bin/../lib/gcc/avr/4.3.3/avr5\libgcc.a(_addsub_sf.o)
 .data          0x00800382        0x0 c:/users/ismail/downloads/amit/sdk_win_64/sdk_win_64/winavr/bin/../lib/gcc/avr/4.3.3/avr5\libgcc.a(_mul_sf.o)
 .data          0x00800382        0x0 c:/users/ismail/downloads/amit/sdk_win_64/sdk_win_64/winavr/bin/../lib/gcc/avr/4.3.3/avr5\libgcc.a(_div_sf.o)
 .data          0x00800382        0x0 c:/users/ismail/downloads/amit/sdk_win_64/sdk_win_64/winavr/bin/../lib/gcc/avr/4.3.3/avr5\libgcc.a(_ge_sf.o)
 .data          0x00800382        0x0 c:/users/ismail/downloads/amit/sdk_win_64/sdk_win_64/winavr/bin/../lib/gcc/avr/4.3.3/avr5\libgcc.a(_le_sf.o)
 .data          0x00800382        0x0 c:/users/ismail/downloads/amit/sdk_win_64/sdk_win_64/winavr/bin/../lib/gcc/avr/4.3.3/avr5\libgcc.a(_sf_to_si.o)
 .data          0x00800382        0x8 c:/users/ismail/downloads/amit/sdk_win_64/sdk_win_64/winavr/bin/../lib/gcc/avr/4.3.3/avr5\libgcc.a(_thenan_sf.o)
                0x00800382                __thenan_sf
 .data          0x0080038a        0x0 c:/users/ismail/downloads/amit/sdk_win_64/sdk_win_64/winavr/bin/../lib/gcc/avr/4.3.3/avr5\libgcc.a(_usi_to_sf.o)
 .data          0x0080038a        0x0 c:/users/ismail/downloads/amit/sdk_win_64/sdk_win_64/winavr/bin/../lib/gcc/avr/4.3.3/avr5\libgcc.a(_udivmodhi4.o)
 .data          0x0080038a        0x0 c:/users/ismail/downloads/amit/sdk_win_64/sdk_win_64/winavr/bin/../lib/gcc/avr/4.3.3/avr5\libgcc.a(_prologue.o)
 .data          0x0080038a        0x0 c:/users/ismail/downloads/amit/sdk_win_64/sdk_win_64/winavr/bin/../lib/gcc/avr/4.3.3/avr5\libgcc.a(_epilogue.o)
 .data          0x0080038a        0x0 c:/users/ismail/downloads/amit/sdk_win_64/sdk_win_64/winavr/bin/../lib/gcc/avr/4.3.3/avr5\libgcc.a(_clzsi2.o)
 .data          0x0080038a        0x0 c:/users/ismail/downloads/amit/sdk_win_64/sdk_win_64/winavr/bin/../lib/gcc/avr/4.3.3/avr5\libgcc.a(_pack_sf.o)
 .data          0x0080038a        0x0 c:/users/ismail/downloads/amit/sdk_win_64/sdk_win_64/winavr/bin/../lib/gcc/avr/4.3.3/avr5\libgcc.a(_unpack_sf.o)
 .data          0x0080038a        0x0 c:/users/ismail/downloads/amit/sdk_win_64/sdk_win_64/winavr/bin/../lib/gcc/avr/4.3.3/avr5\libgcc.a(_fpcmp_parts_sf.o)
 .data          0x0080038a      0x100 c:/users/ismail/downloads/amit/sdk_win_64/sdk_win_64/winavr/bin/../lib/gcc/avr/4.3.3/avr5\libgcc.a(_clz.o)
                0x0080038a                __clz_tab
 *(.data*)
 .data.HKPD_SwitchValues
                0x0080048a       0x10 ./HAL/HKPD/HKPD_Program.o
                0x0080048a                HKPD_SwitchValues
 *(.rodata)
 *(.rodata*)
 .rodata.C.1.1614
                0x0080049a        0x3 ./main.o
 *(.gnu.linkonce.d*)
                0x0080049e                . = ALIGN (0x2)
 *fill*         0x0080049d        0x1 00
                0x0080049e                _edata = .
                0x0080049e                PROVIDE (__data_end, .)

.bss            0x0080049e       0x19
                0x0080049e                PROVIDE (__bss_start, .)
 *(.bss)
 .bss           0x0080049e        0x0 c:/users/ismail/downloads/amit/sdk_win_64/sdk_win_64/winavr/bin/../lib/gcc/avr/4.3.3/../../../../avr/lib/avr5/crtm32.o
 .bss           0x0080049e        0x0 ./MCAL/MUSART/MUSART_Program.o
 .bss           0x0080049e        0x0 ./MCAL/MTWI/MTWI_Program.o
 .bss           0x0080049e        0x0 ./MCAL/MTIMER2/MTIMER2_Program.o
 .bss           0x0080049e        0x0 ./MCAL/MTIMER1/MTIMER1_Program.o
 .bss           0x0080049e        0x0 ./MCAL/MTIMER0/MTIMER0_Program.o
 .bss           0x0080049e        0x0 ./MCAL/MSPI/MSPI_Program.o
 .bss           0x0080049e        0x0 ./MCAL/MGIE/MGIE_Program.o
 .bss           0x0080049e        0x0 ./MCAL/MEXIT/MEXIT_Program.o
 .bss           0x0080049e        0x0 ./MCAL/MDIO/MDIO_Program.o
 .bss           0x0080049e        0x0 ./MCAL/MADC/MADC_Program.o
 .bss           0x0080049e        0x0 ./HAL/HSevenSegment/HSevenSegment_Program.o
 .bss           0x0080049e        0x0 ./HAL/HServoMotor/HServoMotor_Program.o
 .bss           0x0080049e        0x0 ./HAL/HRELAY/HRELAY_Program.o
 .bss           0x0080049e        0x0 ./HAL/HPushButton/HPushButton_Program.o
 .bss           0x0080049e        0x0 ./HAL/HLM35/HLM35_Program.o
 .bss           0x0080049e        0x0 ./HAL/HLED/HLED_Program.o
 .bss           0x0080049e        0x0 ./HAL/HKPD/HKPD_Program.o
 .bss           0x0080049e        0x0 ./HAL/HHC05/HC05_Program.o
 .bss           0x0080049e        0x0 ./HAL/HEEPROM/HEEPROM_Program.o
 .bss           0x0080049e        0x0 ./HAL/HDimmer/Dimmer_Program.o
 .bss           0x0080049e        0x0 ./HAL/HDCMotor/HDC_Motor_Program.o
 .bss           0x0080049e        0x0 ./HAL/HCLCD/HCLCD_Program.o
 .bss           0x0080049e        0x0 ./HAL/HBUZZER/HBUZZER_Program.o
 .bss           0x0080049e        0x0 ./Application/Application.o
 .bss           0x0080049e        0x0 ./main.o
 .bss           0x0080049e        0x0 c:/users/ismail/downloads/amit/sdk_win_64/sdk_win_64/winavr/bin/../lib/gcc/avr/4.3.3/avr5\libgcc.a(_mulsi3.o)
 .bss           0x0080049e        0x0 c:/users/ismail/downloads/amit/sdk_win_64/sdk_win_64/winavr/bin/../lib/gcc/avr/4.3.3/avr5\libgcc.a(_divmodhi4.o)
 .bss           0x0080049e        0x0 c:/users/ismail/downloads/amit/sdk_win_64/sdk_win_64/winavr/bin/../lib/gcc/avr/4.3.3/avr5\libgcc.a(_udivmodsi4.o)
 .bss           0x0080049e        0x0 c:/users/ismail/downloads/amit/sdk_win_64/sdk_win_64/winavr/bin/../lib/gcc/avr/4.3.3/avr5\libgcc.a(_divmodsi4.o)
 .bss           0x0080049e        0x0 c:/users/ismail/downloads/amit/sdk_win_64/sdk_win_64/winavr/bin/../lib/gcc/avr/4.3.3/avr5\libgcc.a(_exit.o)
 .bss           0x0080049e        0x0 c:/users/ismail/downloads/amit/sdk_win_64/sdk_win_64/winavr/bin/../lib/gcc/avr/4.3.3/avr5\libgcc.a(_copy_data.o)
 .bss           0x0080049e        0x0 c:/users/ismail/downloads/amit/sdk_win_64/sdk_win_64/winavr/bin/../lib/gcc/avr/4.3.3/avr5\libgcc.a(_clear_bss.o)
 .bss           0x0080049e        0x0 c:/users/ismail/downloads/amit/sdk_win_64/sdk_win_64/winavr/bin/../lib/gcc/avr/4.3.3/avr5\libgcc.a(_fixunssfsi.o)
 .bss           0x0080049e        0x0 c:/users/ismail/downloads/amit/sdk_win_64/sdk_win_64/winavr/bin/../lib/gcc/avr/4.3.3/avr5\libgcc.a(_addsub_sf.o)
 .bss           0x0080049e        0x0 c:/users/ismail/downloads/amit/sdk_win_64/sdk_win_64/winavr/bin/../lib/gcc/avr/4.3.3/avr5\libgcc.a(_mul_sf.o)
 .bss           0x0080049e        0x0 c:/users/ismail/downloads/amit/sdk_win_64/sdk_win_64/winavr/bin/../lib/gcc/avr/4.3.3/avr5\libgcc.a(_div_sf.o)
 .bss           0x0080049e        0x0 c:/users/ismail/downloads/amit/sdk_win_64/sdk_win_64/winavr/bin/../lib/gcc/avr/4.3.3/avr5\libgcc.a(_ge_sf.o)
 .bss           0x0080049e        0x0 c:/users/ismail/downloads/amit/sdk_win_64/sdk_win_64/winavr/bin/../lib/gcc/avr/4.3.3/avr5\libgcc.a(_le_sf.o)
 .bss           0x0080049e        0x0 c:/users/ismail/downloads/amit/sdk_win_64/sdk_win_64/winavr/bin/../lib/gcc/avr/4.3.3/avr5\libgcc.a(_sf_to_si.o)
 .bss           0x0080049e        0x0 c:/users/ismail/downloads/amit/sdk_win_64/sdk_win_64/winavr/bin/../lib/gcc/avr/4.3.3/avr5\libgcc.a(_thenan_sf.o)
 .bss           0x0080049e        0x0 c:/users/ismail/downloads/amit/sdk_win_64/sdk_win_64/winavr/bin/../lib/gcc/avr/4.3.3/avr5\libgcc.a(_usi_to_sf.o)
 .bss           0x0080049e        0x0 c:/users/ismail/downloads/amit/sdk_win_64/sdk_win_64/winavr/bin/../lib/gcc/avr/4.3.3/avr5\libgcc.a(_udivmodhi4.o)
 .bss           0x0080049e        0x0 c:/users/ismail/downloads/amit/sdk_win_64/sdk_win_64/winavr/bin/../lib/gcc/avr/4.3.3/avr5\libgcc.a(_prologue.o)
 .bss           0x0080049e        0x0 c:/users/ismail/downloads/amit/sdk_win_64/sdk_win_64/winavr/bin/../lib/gcc/avr/4.3.3/avr5\libgcc.a(_epilogue.o)
 .bss           0x0080049e        0x0 c:/users/ismail/downloads/amit/sdk_win_64/sdk_win_64/winavr/bin/../lib/gcc/avr/4.3.3/avr5\libgcc.a(_clzsi2.o)
 .bss           0x0080049e        0x0 c:/users/ismail/downloads/amit/sdk_win_64/sdk_win_64/winavr/bin/../lib/gcc/avr/4.3.3/avr5\libgcc.a(_pack_sf.o)
 .bss           0x0080049e        0x0 c:/users/ismail/downloads/amit/sdk_win_64/sdk_win_64/winavr/bin/../lib/gcc/avr/4.3.3/avr5\libgcc.a(_unpack_sf.o)
 .bss           0x0080049e        0x0 c:/users/ismail/downloads/amit/sdk_win_64/sdk_win_64/winavr/bin/../lib/gcc/avr/4.3.3/avr5\libgcc.a(_fpcmp_parts_sf.o)
 .bss           0x0080049e        0x0 c:/users/ismail/downloads/amit/sdk_win_64/sdk_win_64/winavr/bin/../lib/gcc/avr/4.3.3/avr5\libgcc.a(_clz.o)
 *(.bss*)
 .bss.Timer2u32NumberofOVFs
                0x0080049e        0x4 ./MCAL/MTIMER2/MTIMER2_Program.o
                0x0080049e                Timer2u32NumberofOVFs
 .bss.MTimer2u32NumOfCompareMatches
                0x008004a2        0x4 ./MCAL/MTIMER2/MTIMER2_Program.o
                0x008004a2                MTimer2u32NumOfCompareMatches
 .bss.MTimer2u8RemainingTicks
                0x008004a6        0x1 ./MCAL/MTIMER2/MTIMER2_Program.o
                0x008004a6                MTimer2u8RemainingTicks
 .bss.MTimer2voidCallBack
                0x008004a7        0x2 ./MCAL/MTIMER2/MTIMER2_Program.o
                0x008004a7                MTimer2voidCallBack
 .bss.GLOB_VidTimer1OVFPtrCallBack
                0x008004a9        0x2 ./MCAL/MTIMER1/MTIMER1_Program.o
                0x008004a9                GLOB_VidTimer1OVFPtrCallBack
 .bss.GLOB_VidTimer1OCAPtrCallBack
                0x008004ab        0x2 ./MCAL/MTIMER1/MTIMER1_Program.o
                0x008004ab                GLOB_VidTimer1OCAPtrCallBack
 .bss.GLOB_VidTimer1OCBPtrCallBack
                0x008004ad        0x2 ./MCAL/MTIMER1/MTIMER1_Program.o
                0x008004ad                GLOB_VidTimer1OCBPtrCallBack
 .bss.GLOB_VidTimer1CaptureEventPtrCallBack
                0x008004af        0x2 ./MCAL/MTIMER1/MTIMER1_Program.o
                0x008004af                GLOB_VidTimer1CaptureEventPtrCallBack
 .bss.Glob_OverflowISR_Ptr
                0x008004b1        0x2 ./MCAL/MTIMER0/MTIMER0_Program.o
                0x008004b1                Glob_OverflowISR_Ptr
 .bss.Glob_CTC_ISR_Ptr
                0x008004b3        0x2 ./MCAL/MTIMER0/MTIMER0_Program.o
                0x008004b3                Glob_CTC_ISR_Ptr
 .bss.Global_Pointer
                0x008004b5        0x2 ./MCAL/MEXIT/MEXIT_Program.o
                0x008004b5                Global_Pointer
 *(COMMON)
                0x008004b7                PROVIDE (__bss_end, .)
                0x00003a66                __data_load_start = LOADADDR (.data)
                0x00003ea4                __data_load_end = (__data_load_start + SIZEOF (.data))

.noinit         0x008004b7        0x0
                0x008004b7                PROVIDE (__noinit_start, .)
 *(.noinit*)
                0x008004b7                PROVIDE (__noinit_end, .)
                0x008004b7                _end = .
                0x008004b7                PROVIDE (__heap_start, .)

.eeprom         0x00810000        0x0
 *(.eeprom*)
                0x00810000                __eeprom_end = .

.fuse
 *(.fuse)
 *(.lfuse)
 *(.hfuse)
 *(.efuse)

.lock
 *(.lock*)

.signature
 *(.signature*)

.stab
 *(.stab)

.stabstr
 *(.stabstr)

.stab.excl
 *(.stab.excl)

.stab.exclstr
 *(.stab.exclstr)

.stab.index
 *(.stab.index)

.stab.indexstr
 *(.stab.indexstr)

.comment
 *(.comment)

.debug
 *(.debug)

.line
 *(.line)

.debug_srcinfo
 *(.debug_srcinfo)

.debug_sfnames
 *(.debug_sfnames)

.debug_aranges  0x00000000      0x180
 *(.debug_aranges)
 .debug_aranges
                0x00000000       0x20 c:/users/ismail/downloads/amit/sdk_win_64/sdk_win_64/winavr/bin/../lib/gcc/avr/4.3.3/avr5\libgcc.a(_fixunssfsi.o)
 .debug_aranges
                0x00000020       0x20 c:/users/ismail/downloads/amit/sdk_win_64/sdk_win_64/winavr/bin/../lib/gcc/avr/4.3.3/avr5\libgcc.a(_addsub_sf.o)
 .debug_aranges
                0x00000040       0x20 c:/users/ismail/downloads/amit/sdk_win_64/sdk_win_64/winavr/bin/../lib/gcc/avr/4.3.3/avr5\libgcc.a(_mul_sf.o)
 .debug_aranges
                0x00000060       0x20 c:/users/ismail/downloads/amit/sdk_win_64/sdk_win_64/winavr/bin/../lib/gcc/avr/4.3.3/avr5\libgcc.a(_div_sf.o)
 .debug_aranges
                0x00000080       0x20 c:/users/ismail/downloads/amit/sdk_win_64/sdk_win_64/winavr/bin/../lib/gcc/avr/4.3.3/avr5\libgcc.a(_ge_sf.o)
 .debug_aranges
                0x000000a0       0x20 c:/users/ismail/downloads/amit/sdk_win_64/sdk_win_64/winavr/bin/../lib/gcc/avr/4.3.3/avr5\libgcc.a(_le_sf.o)
 .debug_aranges
                0x000000c0       0x20 c:/users/ismail/downloads/amit/sdk_win_64/sdk_win_64/winavr/bin/../lib/gcc/avr/4.3.3/avr5\libgcc.a(_sf_to_si.o)
 .debug_aranges
                0x000000e0       0x20 c:/users/ismail/downloads/amit/sdk_win_64/sdk_win_64/winavr/bin/../lib/gcc/avr/4.3.3/avr5\libgcc.a(_usi_to_sf.o)
 .debug_aranges
                0x00000100       0x20 c:/users/ismail/downloads/amit/sdk_win_64/sdk_win_64/winavr/bin/../lib/gcc/avr/4.3.3/avr5\libgcc.a(_clzsi2.o)
 .debug_aranges
                0x00000120       0x20 c:/users/ismail/downloads/amit/sdk_win_64/sdk_win_64/winavr/bin/../lib/gcc/avr/4.3.3/avr5\libgcc.a(_pack_sf.o)
 .debug_aranges
                0x00000140       0x20 c:/users/ismail/downloads/amit/sdk_win_64/sdk_win_64/winavr/bin/../lib/gcc/avr/4.3.3/avr5\libgcc.a(_unpack_sf.o)
 .debug_aranges
                0x00000160       0x20 c:/users/ismail/downloads/amit/sdk_win_64/sdk_win_64/winavr/bin/../lib/gcc/avr/4.3.3/avr5\libgcc.a(_fpcmp_parts_sf.o)

.debug_pubnames
                0x00000000      0x1d4
 *(.debug_pubnames)
 .debug_pubnames
                0x00000000       0x23 c:/users/ismail/downloads/amit/sdk_win_64/sdk_win_64/winavr/bin/../lib/gcc/avr/4.3.3/avr5\libgcc.a(_fixunssfsi.o)
 .debug_pubnames
                0x00000023       0x2c c:/users/ismail/downloads/amit/sdk_win_64/sdk_win_64/winavr/bin/../lib/gcc/avr/4.3.3/avr5\libgcc.a(_addsub_sf.o)
 .debug_pubnames
                0x0000004f       0x1f c:/users/ismail/downloads/amit/sdk_win_64/sdk_win_64/winavr/bin/../lib/gcc/avr/4.3.3/avr5\libgcc.a(_mul_sf.o)
 .debug_pubnames
                0x0000006e       0x1f c:/users/ismail/downloads/amit/sdk_win_64/sdk_win_64/winavr/bin/../lib/gcc/avr/4.3.3/avr5\libgcc.a(_div_sf.o)
 .debug_pubnames
                0x0000008d       0x1e c:/users/ismail/downloads/amit/sdk_win_64/sdk_win_64/winavr/bin/../lib/gcc/avr/4.3.3/avr5\libgcc.a(_ge_sf.o)
 .debug_pubnames
                0x000000ab       0x1e c:/users/ismail/downloads/amit/sdk_win_64/sdk_win_64/winavr/bin/../lib/gcc/avr/4.3.3/avr5\libgcc.a(_le_sf.o)
 .debug_pubnames
                0x000000c9       0x20 c:/users/ismail/downloads/amit/sdk_win_64/sdk_win_64/winavr/bin/../lib/gcc/avr/4.3.3/avr5\libgcc.a(_sf_to_si.o)
 .debug_pubnames
                0x000000e9       0x22 c:/users/ismail/downloads/amit/sdk_win_64/sdk_win_64/winavr/bin/../lib/gcc/avr/4.3.3/avr5\libgcc.a(_thenan_sf.o)
 .debug_pubnames
                0x0000010b       0x24 c:/users/ismail/downloads/amit/sdk_win_64/sdk_win_64/winavr/bin/../lib/gcc/avr/4.3.3/avr5\libgcc.a(_usi_to_sf.o)
 .debug_pubnames
                0x0000012f       0x1f c:/users/ismail/downloads/amit/sdk_win_64/sdk_win_64/winavr/bin/../lib/gcc/avr/4.3.3/avr5\libgcc.a(_clzsi2.o)
 .debug_pubnames
                0x0000014e       0x1f c:/users/ismail/downloads/amit/sdk_win_64/sdk_win_64/winavr/bin/../lib/gcc/avr/4.3.3/avr5\libgcc.a(_pack_sf.o)
 .debug_pubnames
                0x0000016d       0x21 c:/users/ismail/downloads/amit/sdk_win_64/sdk_win_64/winavr/bin/../lib/gcc/avr/4.3.3/avr5\libgcc.a(_unpack_sf.o)
 .debug_pubnames
                0x0000018e       0x26 c:/users/ismail/downloads/amit/sdk_win_64/sdk_win_64/winavr/bin/../lib/gcc/avr/4.3.3/avr5\libgcc.a(_fpcmp_parts_sf.o)
 .debug_pubnames
                0x000001b4       0x20 c:/users/ismail/downloads/amit/sdk_win_64/sdk_win_64/winavr/bin/../lib/gcc/avr/4.3.3/avr5\libgcc.a(_clz.o)

.debug_info     0x00000000     0x218c
 *(.debug_info)
 .debug_info    0x00000000       0xb1 c:/users/ismail/downloads/amit/sdk_win_64/sdk_win_64/winavr/bin/../lib/gcc/avr/4.3.3/avr5\libgcc.a(_fixunssfsi.o)
 .debug_info    0x000000b1      0x47a c:/users/ismail/downloads/amit/sdk_win_64/sdk_win_64/winavr/bin/../lib/gcc/avr/4.3.3/avr5\libgcc.a(_addsub_sf.o)
 .debug_info    0x0000052b      0x485 c:/users/ismail/downloads/amit/sdk_win_64/sdk_win_64/winavr/bin/../lib/gcc/avr/4.3.3/avr5\libgcc.a(_mul_sf.o)
 .debug_info    0x000009b0      0x3fc c:/users/ismail/downloads/amit/sdk_win_64/sdk_win_64/winavr/bin/../lib/gcc/avr/4.3.3/avr5\libgcc.a(_div_sf.o)
 .debug_info    0x00000dac      0x27f c:/users/ismail/downloads/amit/sdk_win_64/sdk_win_64/winavr/bin/../lib/gcc/avr/4.3.3/avr5\libgcc.a(_ge_sf.o)
 .debug_info    0x0000102b      0x27f c:/users/ismail/downloads/amit/sdk_win_64/sdk_win_64/winavr/bin/../lib/gcc/avr/4.3.3/avr5\libgcc.a(_le_sf.o)
 .debug_info    0x000012aa      0x2b0 c:/users/ismail/downloads/amit/sdk_win_64/sdk_win_64/winavr/bin/../lib/gcc/avr/4.3.3/avr5\libgcc.a(_sf_to_si.o)
 .debug_info    0x0000155a      0x12c c:/users/ismail/downloads/amit/sdk_win_64/sdk_win_64/winavr/bin/../lib/gcc/avr/4.3.3/avr5\libgcc.a(_thenan_sf.o)
 .debug_info    0x00001686      0x206 c:/users/ismail/downloads/amit/sdk_win_64/sdk_win_64/winavr/bin/../lib/gcc/avr/4.3.3/avr5\libgcc.a(_usi_to_sf.o)
 .debug_info    0x0000188c      0x117 c:/users/ismail/downloads/amit/sdk_win_64/sdk_win_64/winavr/bin/../lib/gcc/avr/4.3.3/avr5\libgcc.a(_clzsi2.o)
 .debug_info    0x000019a3      0x2df c:/users/ismail/downloads/amit/sdk_win_64/sdk_win_64/winavr/bin/../lib/gcc/avr/4.3.3/avr5\libgcc.a(_pack_sf.o)
 .debug_info    0x00001c82      0x251 c:/users/ismail/downloads/amit/sdk_win_64/sdk_win_64/winavr/bin/../lib/gcc/avr/4.3.3/avr5\libgcc.a(_unpack_sf.o)
 .debug_info    0x00001ed3      0x210 c:/users/ismail/downloads/amit/sdk_win_64/sdk_win_64/winavr/bin/../lib/gcc/avr/4.3.3/avr5\libgcc.a(_fpcmp_parts_sf.o)
 .debug_info    0x000020e3       0xa9 c:/users/ismail/downloads/amit/sdk_win_64/sdk_win_64/winavr/bin/../lib/gcc/avr/4.3.3/avr5\libgcc.a(_clz.o)
 *(.gnu.linkonce.wi.*)

.debug_abbrev   0x00000000     0x122c
 *(.debug_abbrev)
 .debug_abbrev  0x00000000       0x5d c:/users/ismail/downloads/amit/sdk_win_64/sdk_win_64/winavr/bin/../lib/gcc/avr/4.3.3/avr5\libgcc.a(_fixunssfsi.o)
 .debug_abbrev  0x0000005d      0x1ea c:/users/ismail/downloads/amit/sdk_win_64/sdk_win_64/winavr/bin/../lib/gcc/avr/4.3.3/avr5\libgcc.a(_addsub_sf.o)
 .debug_abbrev  0x00000247      0x21b c:/users/ismail/downloads/amit/sdk_win_64/sdk_win_64/winavr/bin/../lib/gcc/avr/4.3.3/avr5\libgcc.a(_mul_sf.o)
 .debug_abbrev  0x00000462      0x216 c:/users/ismail/downloads/amit/sdk_win_64/sdk_win_64/winavr/bin/../lib/gcc/avr/4.3.3/avr5\libgcc.a(_div_sf.o)
 .debug_abbrev  0x00000678      0x15a c:/users/ismail/downloads/amit/sdk_win_64/sdk_win_64/winavr/bin/../lib/gcc/avr/4.3.3/avr5\libgcc.a(_ge_sf.o)
 .debug_abbrev  0x000007d2      0x15a c:/users/ismail/downloads/amit/sdk_win_64/sdk_win_64/winavr/bin/../lib/gcc/avr/4.3.3/avr5\libgcc.a(_le_sf.o)
 .debug_abbrev  0x0000092c      0x17f c:/users/ismail/downloads/amit/sdk_win_64/sdk_win_64/winavr/bin/../lib/gcc/avr/4.3.3/avr5\libgcc.a(_sf_to_si.o)
 .debug_abbrev  0x00000aab       0xad c:/users/ismail/downloads/amit/sdk_win_64/sdk_win_64/winavr/bin/../lib/gcc/avr/4.3.3/avr5\libgcc.a(_thenan_sf.o)
 .debug_abbrev  0x00000b58      0x157 c:/users/ismail/downloads/amit/sdk_win_64/sdk_win_64/winavr/bin/../lib/gcc/avr/4.3.3/avr5\libgcc.a(_usi_to_sf.o)
 .debug_abbrev  0x00000caf       0xc4 c:/users/ismail/downloads/amit/sdk_win_64/sdk_win_64/winavr/bin/../lib/gcc/avr/4.3.3/avr5\libgcc.a(_clzsi2.o)
 .debug_abbrev  0x00000d73      0x1c0 c:/users/ismail/downloads/amit/sdk_win_64/sdk_win_64/winavr/bin/../lib/gcc/avr/4.3.3/avr5\libgcc.a(_pack_sf.o)
 .debug_abbrev  0x00000f33      0x154 c:/users/ismail/downloads/amit/sdk_win_64/sdk_win_64/winavr/bin/../lib/gcc/avr/4.3.3/avr5\libgcc.a(_unpack_sf.o)
 .debug_abbrev  0x00001087      0x13b c:/users/ismail/downloads/amit/sdk_win_64/sdk_win_64/winavr/bin/../lib/gcc/avr/4.3.3/avr5\libgcc.a(_fpcmp_parts_sf.o)
 .debug_abbrev  0x000011c2       0x6a c:/users/ismail/downloads/amit/sdk_win_64/sdk_win_64/winavr/bin/../lib/gcc/avr/4.3.3/avr5\libgcc.a(_clz.o)

.debug_line     0x00000000     0x1103
 *(.debug_line)
 .debug_line    0x00000000       0xa7 c:/users/ismail/downloads/amit/sdk_win_64/sdk_win_64/winavr/bin/../lib/gcc/avr/4.3.3/avr5\libgcc.a(_fixunssfsi.o)
 .debug_line    0x000000a7      0x2af c:/users/ismail/downloads/amit/sdk_win_64/sdk_win_64/winavr/bin/../lib/gcc/avr/4.3.3/avr5\libgcc.a(_addsub_sf.o)
 .debug_line    0x00000356      0x239 c:/users/ismail/downloads/amit/sdk_win_64/sdk_win_64/winavr/bin/../lib/gcc/avr/4.3.3/avr5\libgcc.a(_mul_sf.o)
 .debug_line    0x0000058f      0x1d5 c:/users/ismail/downloads/amit/sdk_win_64/sdk_win_64/winavr/bin/../lib/gcc/avr/4.3.3/avr5\libgcc.a(_div_sf.o)
 .debug_line    0x00000764       0xd3 c:/users/ismail/downloads/amit/sdk_win_64/sdk_win_64/winavr/bin/../lib/gcc/avr/4.3.3/avr5\libgcc.a(_ge_sf.o)
 .debug_line    0x00000837       0xd3 c:/users/ismail/downloads/amit/sdk_win_64/sdk_win_64/winavr/bin/../lib/gcc/avr/4.3.3/avr5\libgcc.a(_le_sf.o)
 .debug_line    0x0000090a      0x109 c:/users/ismail/downloads/amit/sdk_win_64/sdk_win_64/winavr/bin/../lib/gcc/avr/4.3.3/avr5\libgcc.a(_sf_to_si.o)
 .debug_line    0x00000a13       0x90 c:/users/ismail/downloads/amit/sdk_win_64/sdk_win_64/winavr/bin/../lib/gcc/avr/4.3.3/avr5\libgcc.a(_thenan_sf.o)
 .debug_line    0x00000aa3      0x133 c:/users/ismail/downloads/amit/sdk_win_64/sdk_win_64/winavr/bin/../lib/gcc/avr/4.3.3/avr5\libgcc.a(_usi_to_sf.o)
 .debug_line    0x00000bd6       0xa5 c:/users/ismail/downloads/amit/sdk_win_64/sdk_win_64/winavr/bin/../lib/gcc/avr/4.3.3/avr5\libgcc.a(_clzsi2.o)
 .debug_line    0x00000c7b      0x18a c:/users/ismail/downloads/amit/sdk_win_64/sdk_win_64/winavr/bin/../lib/gcc/avr/4.3.3/avr5\libgcc.a(_pack_sf.o)
 .debug_line    0x00000e05      0x14b c:/users/ismail/downloads/amit/sdk_win_64/sdk_win_64/winavr/bin/../lib/gcc/avr/4.3.3/avr5\libgcc.a(_unpack_sf.o)
 .debug_line    0x00000f50      0x137 c:/users/ismail/downloads/amit/sdk_win_64/sdk_win_64/winavr/bin/../lib/gcc/avr/4.3.3/avr5\libgcc.a(_fpcmp_parts_sf.o)
 .debug_line    0x00001087       0x7c c:/users/ismail/downloads/amit/sdk_win_64/sdk_win_64/winavr/bin/../lib/gcc/avr/4.3.3/avr5\libgcc.a(_clz.o)

.debug_frame    0x00000000      0x1a0
 *(.debug_frame)
 .debug_frame   0x00000000       0x20 c:/users/ismail/downloads/amit/sdk_win_64/sdk_win_64/winavr/bin/../lib/gcc/avr/4.3.3/avr5\libgcc.a(_fixunssfsi.o)
 .debug_frame   0x00000020       0x40 c:/users/ismail/downloads/amit/sdk_win_64/sdk_win_64/winavr/bin/../lib/gcc/avr/4.3.3/avr5\libgcc.a(_addsub_sf.o)
 .debug_frame   0x00000060       0x20 c:/users/ismail/downloads/amit/sdk_win_64/sdk_win_64/winavr/bin/../lib/gcc/avr/4.3.3/avr5\libgcc.a(_mul_sf.o)
 .debug_frame   0x00000080       0x20 c:/users/ismail/downloads/amit/sdk_win_64/sdk_win_64/winavr/bin/../lib/gcc/avr/4.3.3/avr5\libgcc.a(_div_sf.o)
 .debug_frame   0x000000a0       0x20 c:/users/ismail/downloads/amit/sdk_win_64/sdk_win_64/winavr/bin/../lib/gcc/avr/4.3.3/avr5\libgcc.a(_ge_sf.o)
 .debug_frame   0x000000c0       0x20 c:/users/ismail/downloads/amit/sdk_win_64/sdk_win_64/winavr/bin/../lib/gcc/avr/4.3.3/avr5\libgcc.a(_le_sf.o)
 .debug_frame   0x000000e0       0x20 c:/users/ismail/downloads/amit/sdk_win_64/sdk_win_64/winavr/bin/../lib/gcc/avr/4.3.3/avr5\libgcc.a(_sf_to_si.o)
 .debug_frame   0x00000100       0x20 c:/users/ismail/downloads/amit/sdk_win_64/sdk_win_64/winavr/bin/../lib/gcc/avr/4.3.3/avr5\libgcc.a(_usi_to_sf.o)
 .debug_frame   0x00000120       0x20 c:/users/ismail/downloads/amit/sdk_win_64/sdk_win_64/winavr/bin/../lib/gcc/avr/4.3.3/avr5\libgcc.a(_clzsi2.o)
 .debug_frame   0x00000140       0x20 c:/users/ismail/downloads/amit/sdk_win_64/sdk_win_64/winavr/bin/../lib/gcc/avr/4.3.3/avr5\libgcc.a(_pack_sf.o)
 .debug_frame   0x00000160       0x20 c:/users/ismail/downloads/amit/sdk_win_64/sdk_win_64/winavr/bin/../lib/gcc/avr/4.3.3/avr5\libgcc.a(_unpack_sf.o)
 .debug_frame   0x00000180       0x20 c:/users/ismail/downloads/amit/sdk_win_64/sdk_win_64/winavr/bin/../lib/gcc/avr/4.3.3/avr5\libgcc.a(_fpcmp_parts_sf.o)

.debug_str      0x00000000      0x2ee
 *(.debug_str)
 .debug_str     0x00000000       0xbf c:/users/ismail/downloads/amit/sdk_win_64/sdk_win_64/winavr/bin/../lib/gcc/avr/4.3.3/avr5\libgcc.a(_fixunssfsi.o)
                                 0xfe (size before relaxing)
 .debug_str     0x000000bf      0x14d c:/users/ismail/downloads/amit/sdk_win_64/sdk_win_64/winavr/bin/../lib/gcc/avr/4.3.3/avr5\libgcc.a(_addsub_sf.o)
                                0x206 (size before relaxing)
 .debug_str     0x0000020c       0x27 c:/users/ismail/downloads/amit/sdk_win_64/sdk_win_64/winavr/bin/../lib/gcc/avr/4.3.3/avr5\libgcc.a(_mul_sf.o)
                                0x1bf (size before relaxing)
 .debug_str     0x00000233       0x35 c:/users/ismail/downloads/amit/sdk_win_64/sdk_win_64/winavr/bin/../lib/gcc/avr/4.3.3/avr5\libgcc.a(_div_sf.o)
                                0x1c8 (size before relaxing)
 .debug_str     0x00000268        0x8 c:/users/ismail/downloads/amit/sdk_win_64/sdk_win_64/winavr/bin/../lib/gcc/avr/4.3.3/avr5\libgcc.a(_ge_sf.o)
                                0x195 (size before relaxing)
 .debug_str     0x00000270        0x8 c:/users/ismail/downloads/amit/sdk_win_64/sdk_win_64/winavr/bin/../lib/gcc/avr/4.3.3/avr5\libgcc.a(_le_sf.o)
                                0x195 (size before relaxing)
 .debug_str     0x00000278        0xa c:/users/ismail/downloads/amit/sdk_win_64/sdk_win_64/winavr/bin/../lib/gcc/avr/4.3.3/avr5\libgcc.a(_sf_to_si.o)
                                0x19e (size before relaxing)
 .debug_str     0x00000000      0x103 c:/users/ismail/downloads/amit/sdk_win_64/sdk_win_64/winavr/bin/../lib/gcc/avr/4.3.3/avr5\libgcc.a(_thenan_sf.o)
 .debug_str     0x00000282       0x21 c:/users/ismail/downloads/amit/sdk_win_64/sdk_win_64/winavr/bin/../lib/gcc/avr/4.3.3/avr5\libgcc.a(_usi_to_sf.o)
                                0x177 (size before relaxing)
 .debug_str     0x000002a3       0x20 c:/users/ismail/downloads/amit/sdk_win_64/sdk_win_64/winavr/bin/../lib/gcc/avr/4.3.3/avr5\libgcc.a(_clzsi2.o)
                                0x111 (size before relaxing)
 .debug_str     0x000002c3       0x10 c:/users/ismail/downloads/amit/sdk_win_64/sdk_win_64/winavr/bin/../lib/gcc/avr/4.3.3/avr5\libgcc.a(_pack_sf.o)
                                0x19d (size before relaxing)
 .debug_str     0x000002d3        0xb c:/users/ismail/downloads/amit/sdk_win_64/sdk_win_64/winavr/bin/../lib/gcc/avr/4.3.3/avr5\libgcc.a(_unpack_sf.o)
                                0x17f (size before relaxing)
 .debug_str     0x000002de       0x10 c:/users/ismail/downloads/amit/sdk_win_64/sdk_win_64/winavr/bin/../lib/gcc/avr/4.3.3/avr5\libgcc.a(_fpcmp_parts_sf.o)
                                0x163 (size before relaxing)
 .debug_str     0x00000000       0xf4 c:/users/ismail/downloads/amit/sdk_win_64/sdk_win_64/winavr/bin/../lib/gcc/avr/4.3.3/avr5\libgcc.a(_clz.o)

.debug_loc      0x00000000      0x932
 *(.debug_loc)
 .debug_loc     0x00000000       0x34 c:/users/ismail/downloads/amit/sdk_win_64/sdk_win_64/winavr/bin/../lib/gcc/avr/4.3.3/avr5\libgcc.a(_fixunssfsi.o)
 .debug_loc     0x00000034      0x32a c:/users/ismail/downloads/amit/sdk_win_64/sdk_win_64/winavr/bin/../lib/gcc/avr/4.3.3/avr5\libgcc.a(_addsub_sf.o)
 .debug_loc     0x0000035e      0x104 c:/users/ismail/downloads/amit/sdk_win_64/sdk_win_64/winavr/bin/../lib/gcc/avr/4.3.3/avr5\libgcc.a(_mul_sf.o)
 .debug_loc     0x00000462       0xc0 c:/users/ismail/downloads/amit/sdk_win_64/sdk_win_64/winavr/bin/../lib/gcc/avr/4.3.3/avr5\libgcc.a(_div_sf.o)
 .debug_loc     0x00000522       0x3c c:/users/ismail/downloads/amit/sdk_win_64/sdk_win_64/winavr/bin/../lib/gcc/avr/4.3.3/avr5\libgcc.a(_ge_sf.o)
 .debug_loc     0x0000055e       0x3c c:/users/ismail/downloads/amit/sdk_win_64/sdk_win_64/winavr/bin/../lib/gcc/avr/4.3.3/avr5\libgcc.a(_le_sf.o)
 .debug_loc     0x0000059a       0x7e c:/users/ismail/downloads/amit/sdk_win_64/sdk_win_64/winavr/bin/../lib/gcc/avr/4.3.3/avr5\libgcc.a(_sf_to_si.o)
 .debug_loc     0x00000618       0x4c c:/users/ismail/downloads/amit/sdk_win_64/sdk_win_64/winavr/bin/../lib/gcc/avr/4.3.3/avr5\libgcc.a(_usi_to_sf.o)
 .debug_loc     0x00000664       0x94 c:/users/ismail/downloads/amit/sdk_win_64/sdk_win_64/winavr/bin/../lib/gcc/avr/4.3.3/avr5\libgcc.a(_clzsi2.o)
 .debug_loc     0x000006f8      0x13e c:/users/ismail/downloads/amit/sdk_win_64/sdk_win_64/winavr/bin/../lib/gcc/avr/4.3.3/avr5\libgcc.a(_pack_sf.o)
 .debug_loc     0x00000836       0xac c:/users/ismail/downloads/amit/sdk_win_64/sdk_win_64/winavr/bin/../lib/gcc/avr/4.3.3/avr5\libgcc.a(_unpack_sf.o)
 .debug_loc     0x000008e2       0x50 c:/users/ismail/downloads/amit/sdk_win_64/sdk_win_64/winavr/bin/../lib/gcc/avr/4.3.3/avr5\libgcc.a(_fpcmp_parts_sf.o)

.debug_macinfo
 *(.debug_macinfo)
OUTPUT(SmartHomeApp.elf elf32-avr)
LOAD linker stubs

.debug_ranges   0x00000000       0x50
 .debug_ranges  0x00000000       0x50 c:/users/ismail/downloads/amit/sdk_win_64/sdk_win_64/winavr/bin/../lib/gcc/avr/4.3.3/avr5\libgcc.a(_mul_sf.o)
